L 07/22/2025 - 18:59:26: SourceMod error session started
L 07/22/2025 - 18:59:26: Info (map "c1m2_streets") (file "/home/steam/game_server/Left 4 Dead 2/left4dead2/addons/sourcemod/logs/errors_20250722.log")
L 07/22/2025 - 18:59:26: [SM] Failed to load plugin "nextmap.smx": Nextmap is incompatible with this game.
L 07/22/2025 - 19:00:25: Error log file session closed.
L 07/22/2025 - 19:14:04: SourceMod error session started
L 07/22/2025 - 19:14:04: Info (map "c1m2_streets") (file "/home/steam/game_server/Left_4_Dead_2/left4dead2/addons/sourcemod/logs/errors_20250722.log")
L 07/22/2025 - 19:14:04: [SM] Failed to load plugin "nextmap.smx": Nextmap is incompatible with this game.
L 07/22/2025 - 19:14:58: Error log file session closed.
L 07/22/2025 - 19:51:26: SourceMod error session started
L 07/22/2025 - 19:51:26: Info (map "c1m2_streets") (file "/home/steam/game_server/Left_4_Dead_2/left4dead2/addons/sourcemod/logs/errors_20250722.log")
L 07/22/2025 - 19:51:26: [SM] Failed to load plugin "nextmap.smx": Nextmap is incompatible with this game.
L 07/22/2025 - 19:53:55: Error log file session closed.
L 07/22/2025 - 20:04:39: SourceMod error session started
L 07/22/2025 - 20:04:39: Info (map "c1m2_streets") (file "/home/steam/game_server/Left_4_Dead_2/left4dead2/addons/sourcemod/logs/errors_20250722.log")
L 07/22/2025 - 20:04:39: [SM] Failed to load plugin "nextmap.smx": Nextmap is incompatible with this game.
L 07/22/2025 - 20:04:56: Error log file session closed.
L 07/22/2025 - 20:12:25: SourceMod error session started
L 07/22/2025 - 20:12:25: Info (map "c1m2_streets") (file "/home/steam/game_server/Left_4_Dead_2/left4dead2/addons/sourcemod/logs/errors_20250722.log")
L 07/22/2025 - 20:12:25: [SM] Failed to load plugin "nextmap.smx": Nextmap is incompatible with this game.
L 07/22/2025 - 20:12:45: SourceMod error session started
L 07/22/2025 - 20:12:45: Info (map "c1m2_streets") (file "/home/steam/game_server/Left_4_Dead_2/left4dead2/addons/sourcemod/logs/errors_20250722.log")
L 07/22/2025 - 20:12:45: [SM] Failed to load plugin "nextmap.smx": Nextmap is incompatible with this game.
L 07/22/2025 - 20:13:29: Error log file session closed.
L 07/22/2025 - 20:15:15: SourceMod error session started
L 07/22/2025 - 20:15:15: Info (map "c1m2_streets") (file "/home/steam/game_server/Left_4_Dead_2/left4dead2/addons/sourcemod/logs/errors_20250722.log")
L 07/22/2025 - 20:15:15: [SM] Failed to load plugin "nextmap.smx": Nextmap is incompatible with this game.
L 07/22/2025 - 20:15:31: Error log file session closed.
L 07/22/2025 - 20:21:53: SourceMod error session started
L 07/22/2025 - 20:21:53: Info (map "c1m2_streets") (file "/home/steam/game_server/Left_4_Dead_2/left4dead2/addons/sourcemod/logs/errors_20250722.log")
L 07/22/2025 - 20:21:53: [SM] Failed to load plugin "nextmap.smx": Nextmap is incompatible with this game.
L 07/22/2025 - 20:22:27: Error log file session closed.
L 07/22/2025 - 21:44:05: SourceMod error session started
L 07/22/2025 - 21:44:05: Info (map "c1m2_streets") (file "/home/steam/game_server/Left_4_Dead_2/left4dead2/addons/sourcemod/logs/errors_20250722.log")
L 07/22/2025 - 21:44:05: [SM] Failed to load plugin "nextmap.smx": Nextmap is incompatible with this game.
L 07/22/2025 - 21:44:32: Error log file session closed.
L 07/22/2025 - 21:46:44: SourceMod error session started
L 07/22/2025 - 21:46:44: Info (map "c1m2_streets") (file "/home/steam/game_server/Left_4_Dead_2/left4dead2/addons/sourcemod/logs/errors_20250722.log")
L 07/22/2025 - 21:46:44: [SM] Failed to load plugin "nextmap.smx": Nextmap is incompatible with this game.
L 07/22/2025 - 21:47:13: Error log file session closed.
