L 06/10/2025 - 16:47:21: SourceMod error session started
L 06/10/2025 - 16:47:21: Info (map "c1m2_streets") (file "/home/user/servers/games/l4d2/left4dead2/addons/sourcemod/logs/errors_20250610.log")
L 06/10/2025 - 16:47:21: [SM] Failed to load plugin "nextmap.smx": Nextmap is incompatible with this game.
L 06/10/2025 - 16:48:40: Error log file session closed.
L 06/10/2025 - 16:59:08: SourceMod error session started
L 06/10/2025 - 16:59:08: Info (map "c1m2_streets") (file "/home/user/servers/games/l4d2/left4dead2/addons/sourcemod/logs/errors_20250610.log")
L 06/10/2025 - 16:59:08: [SM] Failed to load plugin "nextmap.smx": Nextmap is incompatible with this game.
L 06/10/2025 - 16:59:44: Error log file session closed.
L 06/10/2025 - 17:07:58: SourceMod error session started
L 06/10/2025 - 17:07:58: Info (map "c1m2_streets") (file "/home/user/servers/games/l4d2/left4dead2/addons/sourcemod/logs/errors_20250610.log")
L 06/10/2025 - 17:07:58: [SM] Failed to load plugin "nextmap.smx": Nextmap is incompatible with this game.
L 06/10/2025 - 17:08:01: Error log file session closed.
L 06/10/2025 - 17:32:02: SourceMod error session started
L 06/10/2025 - 17:32:02: Info (map "c1m2_streets") (file "/home/user/servers/games/l4d2/left4dead2/addons/sourcemod/logs/errors_20250610.log")
L 06/10/2025 - 17:32:02: [SM] Failed to load plugin "nextmap.smx": Nextmap is incompatible with this game.
L 06/10/2025 - 17:34:05: SourceMod error session started
L 06/10/2025 - 17:34:05: Info (map "c1m2_streets") (file "/home/user/servers/games/l4d2/left4dead2/addons/sourcemod/logs/errors_20250610.log")
L 06/10/2025 - 17:34:05: [SM] Failed to load plugin "nextmap.smx": Nextmap is incompatible with this game.
L 06/10/2025 - 17:35:12: Error log file session closed.
L 06/10/2025 - 17:44:26: SourceMod error session started
L 06/10/2025 - 17:44:26: Info (map "c1m2_streets") (file "/home/user/servers/games/l4d2/left4dead2/addons/sourcemod/logs/errors_20250610.log")
L 06/10/2025 - 17:44:26: [SM] Failed to load plugin "nextmap.smx": Nextmap is incompatible with this game.
L 06/10/2025 - 17:50:08: SourceMod error session started
L 06/10/2025 - 17:50:08: Info (map "c1m2_streets") (file "/home/user/servers/games/l4d2/left4dead2/addons/sourcemod/logs/errors_20250610.log")
L 06/10/2025 - 17:50:08: [SM] Failed to load plugin "nextmap.smx": Nextmap is incompatible with this game.
L 06/10/2025 - 17:50:48: Error log file session closed.
L 06/10/2025 - 17:59:02: SourceMod error session started
L 06/10/2025 - 17:59:02: Info (map "c1m2_streets") (file "/home/user/servers/games/l4d2/left4dead2/addons/sourcemod/logs/errors_20250610.log")
L 06/10/2025 - 17:59:02: [SM] Failed to load plugin "nextmap.smx": Nextmap is incompatible with this game.
L 06/10/2025 - 18:03:49: SourceMod error session started
L 06/10/2025 - 18:03:49: Info (map "c1m2_streets") (file "/home/user/servers/games/l4d2/left4dead2/addons/sourcemod/logs/errors_20250610.log")
L 06/10/2025 - 18:03:49: [SM] Failed to load plugin "nextmap.smx": Nextmap is incompatible with this game.
L 06/10/2025 - 18:04:17: Error log file session closed.
L 06/10/2025 - 18:12:58: SourceMod error session started
L 06/10/2025 - 18:12:58: Info (map "c1m2_streets") (file "/home/user/servers/games/l4d2/left4dead2/addons/sourcemod/logs/errors_20250610.log")
L 06/10/2025 - 18:12:58: [SM] Failed to load plugin "nextmap.smx": Nextmap is incompatible with this game.
L 06/10/2025 - 18:13:36: Error log file session closed.
L 06/10/2025 - 18:20:16: SourceMod error session started
L 06/10/2025 - 18:20:16: Info (map "c1m2_streets") (file "/home/user/servers/games/l4d2/left4dead2/addons/sourcemod/logs/errors_20250610.log")
L 06/10/2025 - 18:20:16: [SM] Failed to load plugin "nextmap.smx": Nextmap is incompatible with this game.
L 06/10/2025 - 18:20:34: Error log file session closed.
L 06/10/2025 - 18:22:19: SourceMod error session started
L 06/10/2025 - 18:22:19: Info (map "c1m2_streets") (file "/home/user/servers/games/l4d2/left4dead2/addons/sourcemod/logs/errors_20250610.log")
L 06/10/2025 - 18:22:19: [SM] Failed to load plugin "nextmap.smx": Nextmap is incompatible with this game.
L 06/10/2025 - 18:22:38: SourceMod error session started
L 06/10/2025 - 18:22:38: Info (map "c1m1_hotel") (file "/home/user/servers/games/l4d2/left4dead2/addons/sourcemod/logs/errors_20250610.log")
L 06/10/2025 - 18:22:38: [SM] Failed to load plugin "nextmap.smx": Nextmap is incompatible with this game.
L 06/10/2025 - 18:22:52: Error log file session closed.
L 06/10/2025 - 18:24:43: SourceMod error session started
L 06/10/2025 - 18:24:43: Info (map "c1m2_streets") (file "/home/user/servers/games/l4d2/left4dead2/addons/sourcemod/logs/errors_20250610.log")
L 06/10/2025 - 18:24:43: [SM] Failed to load plugin "nextmap.smx": Nextmap is incompatible with this game.
L 06/10/2025 - 18:25:36: SourceMod error session started
L 06/10/2025 - 18:25:36: Info (map "c1m2_streets") (file "/home/user/servers/games/l4d2/left4dead2/addons/sourcemod/logs/errors_20250610.log")
L 06/10/2025 - 18:25:36: [SM] Failed to load plugin "nextmap.smx": Nextmap is incompatible with this game.
L 06/10/2025 - 18:27:35: Error log file session closed.
L 06/10/2025 - 18:37:59: SourceMod error session started
L 06/10/2025 - 18:37:59: Info (map "c1m2_streets") (file "/home/user/servers/games/l4d2/left4dead2/addons/sourcemod/logs/errors_20250610.log")
L 06/10/2025 - 18:37:59: [SM] Failed to load plugin "nextmap.smx": Nextmap is incompatible with this game.
L 06/10/2025 - 18:38:48: Error log file session closed.
L 06/10/2025 - 18:39:37: SourceMod error session started
L 06/10/2025 - 18:39:37: Info (map "c1m2_streets") (file "/home/user/servers/games/l4d2/left4dead2/addons/sourcemod/logs/errors_20250610.log")
L 06/10/2025 - 18:39:37: [SM] Failed to load plugin "nextmap.smx": Nextmap is incompatible with this game.
L 06/10/2025 - 18:40:54: Error log file session closed.
L 06/10/2025 - 18:44:01: SourceMod error session started
L 06/10/2025 - 18:44:01: Info (map "c1m2_streets") (file "/home/user/servers/games/l4d2/left4dead2/addons/sourcemod/logs/errors_20250610.log")
L 06/10/2025 - 18:44:01: [SM] Failed to load plugin "nextmap.smx": Nextmap is incompatible with this game.
L 06/10/2025 - 18:45:27: Error log file session closed.
L 06/10/2025 - 18:53:32: SourceMod error session started
L 06/10/2025 - 18:53:32: Info (map "c1m2_streets") (file "/home/user/servers/games/l4d2/left4dead2/addons/sourcemod/logs/errors_20250610.log")
L 06/10/2025 - 18:53:32: [SM] Failed to load plugin "nextmap.smx": Nextmap is incompatible with this game.
L 06/10/2025 - 18:54:13: Error log file session closed.
L 06/10/2025 - 19:58:21: SourceMod error session started
L 06/10/2025 - 19:58:21: Info (map "c1m2_streets") (file "/home/user/servers/games/l4d2/left4dead2/addons/sourcemod/logs/errors_20250610.log")
L 06/10/2025 - 19:58:21: [SM] Failed to load plugin "nextmap.smx": Nextmap is incompatible with this game.
L 06/10/2025 - 19:58:44: Error log file session closed.
L 06/10/2025 - 20:05:32: SourceMod error session started
L 06/10/2025 - 20:05:32: Info (map "c1m2_streets") (file "/home/user/servers/games/l4d2/left4dead2/addons/sourcemod/logs/errors_20250610.log")
L 06/10/2025 - 20:05:32: [SM] Failed to load plugin "nextmap.smx": Nextmap is incompatible with this game.
L 06/10/2025 - 20:05:40: Error log file session closed.
L 06/10/2025 - 21:35:36: SourceMod error session started
L 06/10/2025 - 21:35:36: Info (map "c1m2_streets") (file "/home/user/servers/games/l4d2/left4dead2/addons/sourcemod/logs/errors_20250610.log")
L 06/10/2025 - 21:35:36: [SM] Failed to load plugin "nextmap.smx": Nextmap is incompatible with this game.
L 06/10/2025 - 21:35:48: Error log file session closed.
