L 07/28/2025 - 11:56:14: SourceMod error session started
L 07/28/2025 - 11:56:14: Info (map "c1m2_streets") (file "/home/steam/game_server/Left_4_Dead_2/left4dead2/addons/sourcemod/logs/errors_20250728.log")
L 07/28/2025 - 11:56:14: [SM] Failed to load plugin "nextmap.smx": Nextmap is incompatible with this game.
L 07/28/2025 - 11:56:27: Error log file session closed.
L 07/28/2025 - 13:30:48: SourceMod error session started
L 07/28/2025 - 13:30:48: Info (map "c1m2_streets") (file "/home/steam/game_server/Left_4_Dead_2/left4dead2/addons/sourcemod/logs/errors_20250728.log")
L 07/28/2025 - 13:30:48: [SM] Failed to load plugin "nextmap.smx": Nextmap is incompatible with this game.
L 07/28/2025 - 13:32:47: SourceMod error session started
L 07/28/2025 - 13:32:47: Info (map "c1m2_streets") (file "/home/steam/game_server/Left_4_Dead_2/left4dead2/addons/sourcemod/logs/errors_20250728.log")
L 07/28/2025 - 13:32:47: [SM] Failed to load plugin "nextmap.smx": Nextmap is incompatible with this game.
L 07/28/2025 - 13:33:01: Error log file session closed.
L 07/28/2025 - 16:05:20: SourceMod error session started
L 07/28/2025 - 16:05:20: Info (map "c1m2_streets") (file "/home/steam/game_server/Left_4_Dead_2/left4dead2/addons/sourcemod/logs/errors_20250728.log")
L 07/28/2025 - 16:05:20: [SM] Failed to load plugin "nextmap.smx": Nextmap is incompatible with this game.
L 07/28/2025 - 16:12:08: Error log file session closed.
L 07/28/2025 - 17:00:26: SourceMod error session started
L 07/28/2025 - 17:00:26: Info (map "c1m2_streets") (file "/home/steam/game_server/Left_4_Dead_2/left4dead2/addons/sourcemod/logs/errors_20250728.log")
L 07/28/2025 - 17:00:26: [SM] Failed to load plugin "nextmap.smx": Nextmap is incompatible with this game.
L 07/28/2025 - 17:01:54: Error log file session closed.
L 07/28/2025 - 17:17:53: SourceMod error session started
L 07/28/2025 - 17:17:53: Info (map "c1m2_streets") (file "/home/steam/game_server/Left_4_Dead_2/left4dead2/addons/sourcemod/logs/errors_20250728.log")
L 07/28/2025 - 17:17:53: [SM] Failed to load plugin "nextmap.smx": Nextmap is incompatible with this game.
L 07/28/2025 - 17:23:22: Error log file session closed.
L 07/28/2025 - 17:40:48: SourceMod error session started
L 07/28/2025 - 17:40:48: Info (map "c1m2_streets") (file "/home/steam/game_server/Left_4_Dead_2/left4dead2/addons/sourcemod/logs/errors_20250728.log")
L 07/28/2025 - 17:40:48: [SM] Failed to load plugin "nextmap.smx": Nextmap is incompatible with this game.
L 07/28/2025 - 17:44:33: Error log file session closed.
L 07/28/2025 - 17:52:18: SourceMod error session started
L 07/28/2025 - 17:52:18: Info (map "c1m2_streets") (file "/home/steam/game_server/Left_4_Dead_2/left4dead2/addons/sourcemod/logs/errors_20250728.log")
L 07/28/2025 - 17:52:18: [SM] Failed to load plugin "nextmap.smx": Nextmap is incompatible with this game.
L 07/28/2025 - 18:02:39: Error log file session closed.
L 07/28/2025 - 18:04:49: SourceMod error session started
L 07/28/2025 - 18:04:49: Info (map "c1m2_streets") (file "/home/steam/game_server/Left_4_Dead_2/left4dead2/addons/sourcemod/logs/errors_20250728.log")
L 07/28/2025 - 18:04:49: [SM] Failed to load plugin "nextmap.smx": Nextmap is incompatible with this game.
L 07/28/2025 - 18:05:31: SourceMod error session started
L 07/28/2025 - 18:05:31: Info (map "c1m2_streets") (file "/home/steam/game_server/Left_4_Dead_2/left4dead2/addons/sourcemod/logs/errors_20250728.log")
L 07/28/2025 - 18:05:31: [SM] Failed to load plugin "nextmap.smx": Nextmap is incompatible with this game.
L 07/28/2025 - 18:05:41: Error log file session closed.
L 07/28/2025 - 18:06:23: SourceMod error session started
L 07/28/2025 - 18:06:23: Info (map "c1m2_streets") (file "/home/steam/game_server/Left_4_Dead_2/left4dead2/addons/sourcemod/logs/errors_20250728.log")
L 07/28/2025 - 18:06:23: [SM] Failed to load plugin "nextmap.smx": Nextmap is incompatible with this game.
L 07/28/2025 - 18:07:10: SourceMod error session started
L 07/28/2025 - 18:07:10: Info (map "c1m2_streets") (file "/home/steam/game_server/Left_4_Dead_2/left4dead2/addons/sourcemod/logs/errors_20250728.log")
L 07/28/2025 - 18:07:10: [SM] Failed to load plugin "nextmap.smx": Nextmap is incompatible with this game.
L 07/28/2025 - 18:08:37: SourceMod error session started
L 07/28/2025 - 18:08:37: Info (map "c1m2_streets") (file "/home/steam/game_server/Left_4_Dead_2/left4dead2/addons/sourcemod/logs/errors_20250728.log")
L 07/28/2025 - 18:08:37: [SM] Failed to load plugin "nextmap.smx": Nextmap is incompatible with this game.
L 07/28/2025 - 18:09:41: Error log file session closed.
L 07/28/2025 - 18:28:15: SourceMod error session started
L 07/28/2025 - 18:28:15: Info (map "c1m2_streets") (file "/home/steam/game_server/Left_4_Dead_2/left4dead2/addons/sourcemod/logs/errors_20250728.log")
L 07/28/2025 - 18:28:15: [SM] Failed to load plugin "nextmap.smx": Nextmap is incompatible with this game.
L 07/28/2025 - 18:28:58: SourceMod error session started
L 07/28/2025 - 18:28:58: Info (map "c1m2_streets") (file "/home/steam/game_server/Left_4_Dead_2/left4dead2/addons/sourcemod/logs/errors_20250728.log")
L 07/28/2025 - 18:28:58: [SM] Failed to load plugin "nextmap.smx": Nextmap is incompatible with this game.
L 07/28/2025 - 18:43:49: SourceMod error session started
L 07/28/2025 - 18:43:49: Info (map "c1m2_streets") (file "/home/steam/game_server/Left_4_Dead_2/left4dead2/addons/sourcemod/logs/errors_20250728.log")
L 07/28/2025 - 18:43:49: [SM] Failed to load plugin "nextmap.smx": Nextmap is incompatible with this game.
L 07/28/2025 - 18:47:19: Error log file session closed.
L 07/28/2025 - 18:48:04: SourceMod error session started
L 07/28/2025 - 18:48:04: Info (map "c1m2_streets") (file "/home/steam/game_server/Left_4_Dead_2/left4dead2/addons/sourcemod/logs/errors_20250728.log")
L 07/28/2025 - 18:48:04: [SM] Failed to load plugin "nextmap.smx": Nextmap is incompatible with this game.
L 07/28/2025 - 18:49:32: Error log file session closed.
L 07/28/2025 - 18:52:40: SourceMod error session started
L 07/28/2025 - 18:52:40: Info (map "c1m2_streets") (file "/home/steam/game_server/Left_4_Dead_2/left4dead2/addons/sourcemod/logs/errors_20250728.log")
L 07/28/2025 - 18:52:40: [SM] Failed to load plugin "nextmap.smx": Nextmap is incompatible with this game.
L 07/28/2025 - 18:54:11: Error log file session closed.
L 07/28/2025 - 18:54:56: SourceMod error session started
L 07/28/2025 - 18:54:56: Info (map "c1m2_streets") (file "/home/steam/game_server/Left_4_Dead_2/left4dead2/addons/sourcemod/logs/errors_20250728.log")
L 07/28/2025 - 18:54:56: [SM] Failed to load plugin "nextmap.smx": Nextmap is incompatible with this game.
L 07/28/2025 - 18:58:55: Error log file session closed.
L 07/28/2025 - 19:43:44: SourceMod error session started
L 07/28/2025 - 19:43:44: Info (map "c1m2_streets") (file "/home/steam/game_server/Left_4_Dead_2/left4dead2/addons/sourcemod/logs/errors_20250728.log")
L 07/28/2025 - 19:43:44: [SM] Failed to load plugin "nextmap.smx": Nextmap is incompatible with this game.
L 07/28/2025 - 19:46:00: Error log file session closed.
L 07/28/2025 - 19:48:19: SourceMod error session started
L 07/28/2025 - 19:48:19: Info (map "c1m2_streets") (file "/home/steam/game_server/Left_4_Dead_2/left4dead2/addons/sourcemod/logs/errors_20250728.log")
L 07/28/2025 - 19:48:19: [SM] Failed to load plugin "nextmap.smx": Nextmap is incompatible with this game.
L 07/28/2025 - 19:48:59: SourceMod error session started
L 07/28/2025 - 19:48:59: Info (map "c1m2_streets") (file "/home/steam/game_server/Left_4_Dead_2/left4dead2/addons/sourcemod/logs/errors_20250728.log")
L 07/28/2025 - 19:48:59: [SM] Failed to load plugin "nextmap.smx": Nextmap is incompatible with this game.
L 07/28/2025 - 19:52:47: Error log file session closed.
L 07/28/2025 - 19:53:15: SourceMod error session started
L 07/28/2025 - 19:53:15: Info (map "c1m2_streets") (file "/home/steam/game_server/Left_4_Dead_2/left4dead2/addons/sourcemod/logs/errors_20250728.log")
L 07/28/2025 - 19:53:15: [SM] Failed to load plugin "nextmap.smx": Nextmap is incompatible with this game.
L 07/28/2025 - 19:54:08: Error log file session closed.
L 07/28/2025 - 20:10:17: SourceMod error session started
L 07/28/2025 - 20:10:17: Info (map "c1m2_streets") (file "/home/steam/game_server/Left_4_Dead_2/left4dead2/addons/sourcemod/logs/errors_20250728.log")
L 07/28/2025 - 20:10:17: [SM] Failed to load plugin "nextmap.smx": Nextmap is incompatible with this game.
L 07/28/2025 - 20:12:24: Error log file session closed.
L 07/28/2025 - 20:18:42: SourceMod error session started
L 07/28/2025 - 20:18:42: Info (map "c1m2_streets") (file "/home/steam/game_server/Left_4_Dead_2/left4dead2/addons/sourcemod/logs/errors_20250728.log")
L 07/28/2025 - 20:18:42: [SM] Failed to load plugin "nextmap.smx": Nextmap is incompatible with this game.
L 07/28/2025 - 20:22:11: Error log file session closed.
L 07/28/2025 - 20:27:07: SourceMod error session started
L 07/28/2025 - 20:27:07: Info (map "c1m2_streets") (file "/home/steam/game_server/Left_4_Dead_2/left4dead2/addons/sourcemod/logs/errors_20250728.log")
L 07/28/2025 - 20:27:07: [SM] Failed to load plugin "nextmap.smx": Nextmap is incompatible with this game.
L 07/28/2025 - 20:29:24: Error log file session closed.
L 07/28/2025 - 20:32:49: SourceMod error session started
L 07/28/2025 - 20:32:49: Info (map "c1m2_streets") (file "/home/steam/game_server/Left_4_Dead_2/left4dead2/addons/sourcemod/logs/errors_20250728.log")
L 07/28/2025 - 20:32:49: [SM] Failed to load plugin "nextmap.smx": Nextmap is incompatible with this game.
L 07/28/2025 - 20:43:48: Error log file session closed.
L 07/28/2025 - 21:08:41: SourceMod error session started
L 07/28/2025 - 21:08:41: Info (map "c1m2_streets") (file "/home/steam/game_server/Left_4_Dead_2/left4dead2/addons/sourcemod/logs/errors_20250728.log")
L 07/28/2025 - 21:08:41: [SM] Failed to load plugin "nextmap.smx": Nextmap is incompatible with this game.
L 07/28/2025 - 21:09:13: Error log file session closed.
L 07/28/2025 - 21:30:00: SourceMod error session started
L 07/28/2025 - 21:30:00: Info (map "c1m2_streets") (file "/home/steam/game_server/Left_4_Dead_2/left4dead2/addons/sourcemod/logs/errors_20250728.log")
L 07/28/2025 - 21:30:00: [SM] Failed to load plugin "nextmap.smx": Nextmap is incompatible with this game.
L 07/28/2025 - 21:32:26: Error log file session closed.
L 07/28/2025 - 21:33:41: SourceMod error session started
L 07/28/2025 - 21:33:41: Info (map "c1m2_streets") (file "/home/steam/game_server/Left_4_Dead_2/left4dead2/addons/sourcemod/logs/errors_20250728.log")
L 07/28/2025 - 21:33:41: [SM] Failed to load plugin "nextmap.smx": Nextmap is incompatible with this game.
L 07/28/2025 - 21:36:27: Error log file session closed.
L 07/28/2025 - 21:37:15: SourceMod error session started
L 07/28/2025 - 21:37:15: Info (map "c1m2_streets") (file "/home/steam/game_server/Left_4_Dead_2/left4dead2/addons/sourcemod/logs/errors_20250728.log")
L 07/28/2025 - 21:37:15: [SM] Failed to load plugin "nextmap.smx": Nextmap is incompatible with this game.
L 07/28/2025 - 21:42:34: SourceMod error session started
L 07/28/2025 - 21:42:34: Info (map "c1m2_streets") (file "/home/steam/game_server/Left_4_Dead_2/left4dead2/addons/sourcemod/logs/errors_20250728.log")
L 07/28/2025 - 21:42:34: [SM] Failed to load plugin "nextmap.smx": Nextmap is incompatible with this game.
L 07/28/2025 - 21:44:43: Error log file session closed.
L 07/28/2025 - 21:44:57: SourceMod error session started
L 07/28/2025 - 21:44:57: Info (map "c1m2_streets") (file "/home/steam/game_server/Left_4_Dead_2/left4dead2/addons/sourcemod/logs/errors_20250728.log")
L 07/28/2025 - 21:44:57: [SM] Failed to load plugin "nextmap.smx": Nextmap is incompatible with this game.
L 07/28/2025 - 21:47:34: Error log file session closed.
L 07/28/2025 - 21:50:53: SourceMod error session started
L 07/28/2025 - 21:50:53: Info (map "c1m2_streets") (file "/home/steam/game_server/Left_4_Dead_2/left4dead2/addons/sourcemod/logs/errors_20250728.log")
L 07/28/2025 - 21:50:53: [SM] Failed to load plugin "nextmap.smx": Nextmap is incompatible with this game.
L 07/28/2025 - 21:56:29: Error log file session closed.
L 07/28/2025 - 22:07:20: SourceMod error session started
L 07/28/2025 - 22:07:20: Info (map "c1m2_streets") (file "/home/steam/game_server/Left_4_Dead_2/left4dead2/addons/sourcemod/logs/errors_20250728.log")
L 07/28/2025 - 22:07:20: [SM] Failed to load plugin "nextmap.smx": Nextmap is incompatible with this game.
L 07/28/2025 - 22:07:51: [UPDATER] --- BEGIN ERRORS FROM AUTOMATIC UPDATER ---
L 07/28/2025 - 22:07:51: [UPDATER] Could not download "http://update.sourcemod.net/update/"
L 07/28/2025 - 22:07:51: [UPDATER] Error: Failure when receiving data from the peer
L 07/28/2025 - 22:07:51: [UPDATER] --- END ERRORS FROM AUTOMATIC UPDATER ---
L 07/28/2025 - 22:08:47: Error log file session closed.
L 07/28/2025 - 22:09:46: SourceMod error session started
L 07/28/2025 - 22:09:46: Info (map "c1m2_streets") (file "/home/steam/game_server/Left_4_Dead_2/left4dead2/addons/sourcemod/logs/errors_20250728.log")
L 07/28/2025 - 22:09:46: [SM] Failed to load plugin "nextmap.smx": Nextmap is incompatible with this game.
L 07/28/2025 - 22:10:20: Error log file session closed.
L 07/28/2025 - 22:16:59: SourceMod error session started
L 07/28/2025 - 22:16:59: Info (map "c1m2_streets") (file "/home/steam/game_server/Left_4_Dead_2/left4dead2/addons/sourcemod/logs/errors_20250728.log")
L 07/28/2025 - 22:16:59: [SM] Failed to load plugin "nextmap.smx": Nextmap is incompatible with this game.
L 07/28/2025 - 22:22:03: Error log file session closed.
L 07/28/2025 - 22:27:01: SourceMod error session started
L 07/28/2025 - 22:27:01: Info (map "c1m2_streets") (file "/home/steam/game_server/Left_4_Dead_2/left4dead2/addons/sourcemod/logs/errors_20250728.log")
L 07/28/2025 - 22:27:01: [SM] Failed to load plugin "nextmap.smx": Nextmap is incompatible with this game.
L 07/28/2025 - 22:32:25: Error log file session closed.
L 07/28/2025 - 22:32:39: SourceMod error session started
L 07/28/2025 - 22:32:39: Info (map "c1m2_streets") (file "/home/steam/game_server/Left_4_Dead_2/left4dead2/addons/sourcemod/logs/errors_20250728.log")
L 07/28/2025 - 22:32:39: [SM] Failed to load plugin "nextmap.smx": Nextmap is incompatible with this game.
L 07/28/2025 - 22:36:05: Error log file session closed.
L 07/28/2025 - 22:40:20: SourceMod error session started
L 07/28/2025 - 22:40:20: Info (map "c1m2_streets") (file "/home/steam/game_server/Left_4_Dead_2/left4dead2/addons/sourcemod/logs/errors_20250728.log")
L 07/28/2025 - 22:40:20: [SM] Failed to load plugin "nextmap.smx": Nextmap is incompatible with this game.
L 07/28/2025 - 22:40:26: SourceMod error session started
L 07/28/2025 - 22:40:26: Info (map "c1m2_streets") (file "/home/steam/game_server/Left_4_Dead_2/left4dead2/addons/sourcemod/logs/errors_20250728.log")
L 07/28/2025 - 22:40:26: [SM] Failed to load plugin "nextmap.smx": Nextmap is incompatible with this game.
L 07/28/2025 - 22:42:17: SourceMod error session started
L 07/28/2025 - 22:42:17: Info (map "c1m2_streets") (file "/home/steam/game_server/Left_4_Dead_2/left4dead2/addons/sourcemod/logs/errors_20250728.log")
L 07/28/2025 - 22:42:17: [SM] Failed to load plugin "nextmap.smx": Nextmap is incompatible with this game.
L 07/28/2025 - 22:42:47: [UPDATER] --- BEGIN ERRORS FROM AUTOMATIC UPDATER ---
L 07/28/2025 - 22:42:47: [UPDATER] Could not download "http://update.sourcemod.net/update/"
L 07/28/2025 - 22:42:47: [UPDATER] Error: Failure when receiving data from the peer
L 07/28/2025 - 22:42:47: [UPDATER] --- END ERRORS FROM AUTOMATIC UPDATER ---
L 07/28/2025 - 22:44:58: Error log file session closed.
L 07/28/2025 - 23:36:06: SourceMod error session started
L 07/28/2025 - 23:36:06: Info (map "c1m2_streets") (file "/home/steam/game_server/Left_4_Dead_2/left4dead2/addons/sourcemod/logs/errors_20250728.log")
L 07/28/2025 - 23:36:06: [SM] Failed to load plugin "nextmap.smx": Nextmap is incompatible with this game.
L 07/28/2025 - 23:37:24: Error log file session closed.
