L 12/30/2025 - 05:15:26: SourceMod error session started
L 12/30/2025 - 05:15:26: Info (map "c1m2_streets") (file "/app/left4dead2/addons/sourcemod/logs/errors_20251230.log")
L 12/30/2025 - 05:15:26: [SM] Failed to load plugin "nextmap.smx": Nextmap is incompatible with this game.
L 12/30/2025 - 05:18:21: Error log file session closed.
L 12/30/2025 - 05:19:07: SourceMod error session started
L 12/30/2025 - 05:19:07: Info (map "c1m2_streets") (file "/app/left4dead2/addons/sourcemod/logs/errors_20251230.log")
L 12/30/2025 - 05:19:07: [SM] Failed to load plugin "nextmap.smx": Nextmap is incompatible with this game.
L 12/30/2025 - 05:21:44: Error log file session closed.
L 12/30/2025 - 05:42:37: SourceMod error session started
L 12/30/2025 - 05:42:37: Info (map "c1m2_streets") (file "/app/game/left4dead2/addons/sourcemod/logs/errors_20251230.log")
L 12/30/2025 - 05:42:37: [SM] Failed to load plugin "nextmap.smx": Nextmap is incompatible with this game.
L 12/30/2025 - 05:46:40: SourceMod error session started
L 12/30/2025 - 05:46:40: Info (map "c1m2_streets") (file "/app/game/left4dead2/addons/sourcemod/logs/errors_20251230.log")
L 12/30/2025 - 05:46:40: [SM] Failed to load plugin "nextmap.smx": Nextmap is incompatible with this game.
L 12/30/2025 - 05:48:23: SourceMod error session started
L 12/30/2025 - 05:48:23: Info (map "c1m2_streets") (file "/app/game/left4dead2/addons/sourcemod/logs/errors_20251230.log")
L 12/30/2025 - 05:48:23: [SM] Failed to load plugin "nextmap.smx": Nextmap is incompatible with this game.
L 12/30/2025 - 05:49:42: Error log file session closed.
L 12/30/2025 - 05:50:27: SourceMod error session started
L 12/30/2025 - 05:50:27: Info (map "c1m2_streets") (file "/app/game/left4dead2/addons/sourcemod/logs/errors_20251230.log")
L 12/30/2025 - 05:50:27: [SM] Failed to load plugin "nextmap.smx": Nextmap is incompatible with this game.
L 12/30/2025 - 05:51:55: Error log file session closed.
L 12/30/2025 - 12:24:09: SourceMod error session started
L 12/30/2025 - 12:24:09: Info (map "c1m2_streets") (file "/app/game/left4dead2/addons/sourcemod/logs/errors_20251230.log")
L 12/30/2025 - 12:24:09: [SM] Failed to load plugin "nextmap.smx": Nextmap is incompatible with this game.
L 12/30/2025 - 12:26:08: Error log file session closed.
