L 07/29/2025 - 00:19:03: SourceMod error session started
L 07/29/2025 - 00:19:03: Info (map "c1m2_streets") (file "/home/steam/game_server/Left_4_Dead_2/left4dead2/addons/sourcemod/logs/errors_20250729.log")
L 07/29/2025 - 00:19:03: [SM] Failed to load plugin "nextmap.smx": Nextmap is incompatible with this game.
L 07/29/2025 - 00:20:50: Error log file session closed.
L 07/29/2025 - 00:25:49: SourceMod error session started
L 07/29/2025 - 00:25:49: Info (map "c1m2_streets") (file "/home/steam/game_server/Left_4_Dead_2/left4dead2/addons/sourcemod/logs/errors_20250729.log")
L 07/29/2025 - 00:25:49: [SM] Failed to load plugin "nextmap.smx": Nextmap is incompatible with this game.
L 07/29/2025 - 00:29:41: Error log file session closed.
L 07/29/2025 - 00:30:07: SourceMod error session started
L 07/29/2025 - 00:30:07: Info (map "c1m2_streets") (file "/home/steam/game_server/Left_4_Dead_2/left4dead2/addons/sourcemod/logs/errors_20250729.log")
L 07/29/2025 - 00:30:07: [SM] Failed to load plugin "nextmap.smx": Nextmap is incompatible with this game.
L 07/29/2025 - 00:31:03: SourceMod error session started
L 07/29/2025 - 00:31:03: Info (map "c1m2_streets") (file "/home/steam/game_server/Left_4_Dead_2/left4dead2/addons/sourcemod/logs/errors_20250729.log")
L 07/29/2025 - 00:31:03: [SM] Failed to load plugin "nextmap.smx": Nextmap is incompatible with this game.
L 07/29/2025 - 00:31:43: Error log file session closed.
L 07/29/2025 - 00:33:06: SourceMod error session started
L 07/29/2025 - 00:33:06: Info (map "c1m2_streets") (file "/home/steam/game_server/Left_4_Dead_2/left4dead2/addons/sourcemod/logs/errors_20250729.log")
L 07/29/2025 - 00:33:06: [SM] Failed to load plugin "nextmap.smx": Nextmap is incompatible with this game.
L 07/29/2025 - 00:35:58: Error log file session closed.
L 07/29/2025 - 00:39:48: SourceMod error session started
L 07/29/2025 - 00:39:48: Info (map "c1m2_streets") (file "/home/steam/game_server/Left_4_Dead_2/left4dead2/addons/sourcemod/logs/errors_20250729.log")
L 07/29/2025 - 00:39:48: [SM] Failed to load plugin "nextmap.smx": Nextmap is incompatible with this game.
L 07/29/2025 - 00:42:15: Error log file session closed.
L 07/29/2025 - 00:44:51: SourceMod error session started
L 07/29/2025 - 00:44:51: Info (map "c1m2_streets") (file "/home/steam/game_server/Left_4_Dead_2/left4dead2/addons/sourcemod/logs/errors_20250729.log")
L 07/29/2025 - 00:44:51: [SM] Failed to load plugin "nextmap.smx": Nextmap is incompatible with this game.
L 07/29/2025 - 00:45:06: Error log file session closed.
L 07/29/2025 - 01:20:26: SourceMod error session started
L 07/29/2025 - 01:20:26: Info (map "c1m2_streets") (file "/home/steam/game_server/Left_4_Dead_2/left4dead2/addons/sourcemod/logs/errors_20250729.log")
L 07/29/2025 - 01:20:26: [SM] Failed to load plugin "nextmap.smx": Nextmap is incompatible with this game.
L 07/29/2025 - 01:22:01: Error log file session closed.
L 07/29/2025 - 01:22:24: SourceMod error session started
L 07/29/2025 - 01:22:24: Info (map "c1m2_streets") (file "/home/steam/game_server/Left_4_Dead_2/left4dead2/addons/sourcemod/logs/errors_20250729.log")
L 07/29/2025 - 01:22:24: [SM] Failed to load plugin "nextmap.smx": Nextmap is incompatible with this game.
L 07/29/2025 - 01:25:03: Error log file session closed.
L 07/29/2025 - 01:32:21: SourceMod error session started
L 07/29/2025 - 01:32:21: Info (map "c1m2_streets") (file "/home/steam/game_server/Left_4_Dead_2/left4dead2/addons/sourcemod/logs/errors_20250729.log")
L 07/29/2025 - 01:32:21: [SM] Failed to load plugin "nextmap.smx": Nextmap is incompatible with this game.
L 07/29/2025 - 01:32:46: SourceMod error session started
L 07/29/2025 - 01:32:46: Info (map "c1m2_streets") (file "/home/steam/game_server/Left_4_Dead_2/left4dead2/addons/sourcemod/logs/errors_20250729.log")
L 07/29/2025 - 01:32:46: [SM] Failed to load plugin "nextmap.smx": Nextmap is incompatible with this game.
L 07/29/2025 - 01:42:20: SourceMod error session started
L 07/29/2025 - 01:42:20: Info (map "c1m2_streets") (file "/home/steam/game_server/Left_4_Dead_2/left4dead2/addons/sourcemod/logs/errors_20250729.log")
L 07/29/2025 - 01:42:20: [SM] Failed to load plugin "nextmap.smx": Nextmap is incompatible with this game.
L 07/29/2025 - 01:46:43: SourceMod error session started
L 07/29/2025 - 01:46:43: Info (map "c1m2_streets") (file "/home/steam/game_server/Left_4_Dead_2/left4dead2/addons/sourcemod/logs/errors_20250729.log")
L 07/29/2025 - 01:46:43: [SM] Failed to load plugin "nextmap.smx": Nextmap is incompatible with this game.
L 07/29/2025 - 01:50:03: SourceMod error session started
L 07/29/2025 - 01:50:03: Info (map "c1m2_streets") (file "/home/steam/game_server/Left_4_Dead_2/left4dead2/addons/sourcemod/logs/errors_20250729.log")
L 07/29/2025 - 01:50:03: [SM] Failed to load plugin "nextmap.smx": Nextmap is incompatible with this game.
L 07/29/2025 - 01:58:52: SourceMod error session started
L 07/29/2025 - 01:58:52: Info (map "c1m2_streets") (file "/home/steam/game_server/Left_4_Dead_2/left4dead2/addons/sourcemod/logs/errors_20250729.log")
L 07/29/2025 - 01:58:52: [SM] Failed to load plugin "nextmap.smx": Nextmap is incompatible with this game.
L 07/29/2025 - 02:20:57: Error log file session closed.
L 07/29/2025 - 02:29:59: SourceMod error session started
L 07/29/2025 - 02:29:59: Info (map "c1m2_streets") (file "/home/steam/game_server/Left_4_Dead_2/left4dead2/addons/sourcemod/logs/errors_20250729.log")
L 07/29/2025 - 02:29:59: [SM] Failed to load plugin "nextmap.smx": Nextmap is incompatible with this game.
L 07/29/2025 - 02:33:54: Error log file session closed.
L 07/29/2025 - 02:34:09: SourceMod error session started
L 07/29/2025 - 02:34:09: Info (map "c1m2_streets") (file "/home/steam/game_server/Left_4_Dead_2/left4dead2/addons/sourcemod/logs/errors_20250729.log")
L 07/29/2025 - 02:34:09: [SM] Failed to load plugin "nextmap.smx": Nextmap is incompatible with this game.
L 07/29/2025 - 02:39:30: Error log file session closed.
L 07/29/2025 - 17:48:42: SourceMod error session started
L 07/29/2025 - 17:48:42: Info (map "c1m2_streets") (file "/home/steam/game_server/Left_4_Dead_2/left4dead2/addons/sourcemod/logs/errors_20250729.log")
L 07/29/2025 - 17:48:42: [SM] Failed to load plugin "nextmap.smx": Nextmap is incompatible with this game.
L 07/29/2025 - 17:50:16: Error log file session closed.
L 07/29/2025 - 17:54:19: SourceMod error session started
L 07/29/2025 - 17:54:19: Info (map "c1m2_streets") (file "/home/steam/game_server/Left_4_Dead_2/left4dead2/addons/sourcemod/logs/errors_20250729.log")
L 07/29/2025 - 17:54:19: [SM] Failed to load plugin "nextmap.smx": Nextmap is incompatible with this game.
L 07/29/2025 - 17:57:13: SourceMod error session started
L 07/29/2025 - 17:57:13: Info (map "c1m2_streets") (file "/home/steam/game_server/Left_4_Dead_2/left4dead2/addons/sourcemod/logs/errors_20250729.log")
L 07/29/2025 - 17:57:13: [SM] Failed to load plugin "nextmap.smx": Nextmap is incompatible with this game.
L 07/29/2025 - 18:01:57: SourceMod error session started
L 07/29/2025 - 18:01:57: Info (map "c1m2_streets") (file "/home/steam/game_server/Left_4_Dead_2/left4dead2/addons/sourcemod/logs/errors_20250729.log")
L 07/29/2025 - 18:01:57: [SM] Failed to load plugin "nextmap.smx": Nextmap is incompatible with this game.
L 07/29/2025 - 18:02:43: SourceMod error session started
L 07/29/2025 - 18:02:43: Info (map "c1m2_streets") (file "/home/steam/game_server/Left_4_Dead_2/left4dead2/addons/sourcemod/logs/errors_20250729.log")
L 07/29/2025 - 18:02:43: [SM] Failed to load plugin "nextmap.smx": Nextmap is incompatible with this game.
L 07/29/2025 - 18:06:14: Error log file session closed.
L 07/29/2025 - 18:09:08: SourceMod error session started
L 07/29/2025 - 18:09:08: Info (map "c1m2_streets") (file "/home/steam/game_server/Left_4_Dead_2/left4dead2/addons/sourcemod/logs/errors_20250729.log")
L 07/29/2025 - 18:09:08: [SM] Failed to load plugin "nextmap.smx": Nextmap is incompatible with this game.
L 07/29/2025 - 18:10:02: Error log file session closed.
L 07/29/2025 - 18:40:41: SourceMod error session started
L 07/29/2025 - 18:40:41: Info (map "c1m2_streets") (file "/home/steam/game_server/Left_4_Dead_2/left4dead2/addons/sourcemod/logs/errors_20250729.log")
L 07/29/2025 - 18:40:41: [SM] Failed to load plugin "nextmap.smx": Nextmap is incompatible with this game.
L 07/29/2025 - 18:49:49: Error log file session closed.
L 07/29/2025 - 19:06:01: SourceMod error session started
L 07/29/2025 - 19:06:01: Info (map "c1m2_streets") (file "/home/steam/game_server/Left_4_Dead_2/left4dead2/addons/sourcemod/logs/errors_20250729.log")
L 07/29/2025 - 19:06:01: [SM] Failed to load plugin "nextmap.smx": Nextmap is incompatible with this game.
L 07/29/2025 - 19:07:24: Error log file session closed.
L 07/29/2025 - 19:11:37: SourceMod error session started
L 07/29/2025 - 19:11:37: Info (map "c1m2_streets") (file "/home/steam/game_server/Left_4_Dead_2/left4dead2/addons/sourcemod/logs/errors_20250729.log")
L 07/29/2025 - 19:11:37: [SM] Failed to load plugin "nextmap.smx": Nextmap is incompatible with this game.
L 07/29/2025 - 19:13:50: Error log file session closed.
L 07/29/2025 - 19:16:55: SourceMod error session started
L 07/29/2025 - 19:16:55: Info (map "c1m2_streets") (file "/home/steam/game_server/Left_4_Dead_2/left4dead2/addons/sourcemod/logs/errors_20250729.log")
L 07/29/2025 - 19:16:55: [SM] Failed to load plugin "nextmap.smx": Nextmap is incompatible with this game.
L 07/29/2025 - 19:18:03: Error log file session closed.
L 07/29/2025 - 19:26:29: SourceMod error session started
L 07/29/2025 - 19:26:29: Info (map "c1m2_streets") (file "/home/steam/game_server/Left_4_Dead_2/left4dead2/addons/sourcemod/logs/errors_20250729.log")
L 07/29/2025 - 19:26:29: [SM] Failed to load plugin "nextmap.smx": Nextmap is incompatible with this game.
L 07/29/2025 - 19:30:57: Error log file session closed.
L 07/29/2025 - 19:53:57: SourceMod error session started
L 07/29/2025 - 19:53:57: Info (map "c1m2_streets") (file "/home/steam/game_server/Left_4_Dead_2/left4dead2/addons/sourcemod/logs/errors_20250729.log")
L 07/29/2025 - 19:53:57: [SM] Failed to load plugin "nextmap.smx": Nextmap is incompatible with this game.
L 07/29/2025 - 19:53:57: [SM] Fatal error encountered parsing translation file "nightvision.phrases.txt"
L 07/29/2025 - 19:53:57: [SM] Error (line 0, column 0): Stream failed to open
L 07/29/2025 - 19:53:57: [SM] Exception reported: [nightvision] Can't find file "addons/sourcemod/configs/nightvision.cfg".
L 07/29/2025 - 19:53:57: [SM] Blaming: nightvision.smx
L 07/29/2025 - 19:53:57: [SM] Call stack trace:
L 07/29/2025 - 19:53:57: [SM]   [0] SetFailState
L 07/29/2025 - 19:53:57: [SM]   [1] Line 132, nightvision.sp::ParseConfigFile
L 07/29/2025 - 19:53:57: [SM]   [2] Line 102, nightvision.sp::OnPluginStart
L 07/29/2025 - 19:53:57: [SM] Unable to load plugin "nightvision.smx": Error detected in plugin startup (see error logs)
L 07/29/2025 - 19:55:47: SourceMod error session started
L 07/29/2025 - 19:55:47: Info (map "c1m2_streets") (file "/home/steam/game_server/Left_4_Dead_2/left4dead2/addons/sourcemod/logs/errors_20250729.log")
L 07/29/2025 - 19:55:47: [SM] Failed to load plugin "nextmap.smx": Nextmap is incompatible with this game.
L 07/29/2025 - 19:57:40: Error log file session closed.
L 07/29/2025 - 19:59:51: SourceMod error session started
L 07/29/2025 - 19:59:51: Info (map "c1m2_streets") (file "/home/steam/game_server/Left_4_Dead_2/left4dead2/addons/sourcemod/logs/errors_20250729.log")
L 07/29/2025 - 19:59:51: [SM] Failed to load plugin "nextmap.smx": Nextmap is incompatible with this game.
L 07/29/2025 - 20:08:15: Error log file session closed.
L 07/29/2025 - 20:10:02: SourceMod error session started
L 07/29/2025 - 20:10:02: Info (map "c1m2_streets") (file "/home/steam/game_server/Left_4_Dead_2/left4dead2/addons/sourcemod/logs/errors_20250729.log")
L 07/29/2025 - 20:10:02: [SM] Failed to load plugin "nextmap.smx": Nextmap is incompatible with this game.
L 07/29/2025 - 20:11:21: Error log file session closed.
L 07/29/2025 - 20:27:15: SourceMod error session started
L 07/29/2025 - 20:27:15: Info (map "c1m2_streets") (file "/home/steam/game_server/Left_4_Dead_2/left4dead2/addons/sourcemod/logs/errors_20250729.log")
L 07/29/2025 - 20:27:15: [SM] Failed to load plugin "nextmap.smx": Nextmap is incompatible with this game.
L 07/29/2025 - 20:28:21: SourceMod error session started
L 07/29/2025 - 20:28:21: Info (map "c1m2_streets") (file "/home/steam/game_server/Left_4_Dead_2/left4dead2/addons/sourcemod/logs/errors_20250729.log")
L 07/29/2025 - 20:28:21: [SM] Failed to load plugin "nextmap.smx": Nextmap is incompatible with this game.
L 07/29/2025 - 20:31:38: Error log file session closed.
L 07/29/2025 - 20:33:31: SourceMod error session started
L 07/29/2025 - 20:33:31: Info (map "c1m2_streets") (file "/home/steam/game_server/Left_4_Dead_2/left4dead2/addons/sourcemod/logs/errors_20250729.log")
L 07/29/2025 - 20:33:31: [SM] Failed to load plugin "nextmap.smx": Nextmap is incompatible with this game.
L 07/29/2025 - 20:37:28: Error log file session closed.
L 07/29/2025 - 20:48:23: SourceMod error session started
L 07/29/2025 - 20:48:23: Info (map "c1m2_streets") (file "/home/steam/game_server/Left_4_Dead_2/left4dead2/addons/sourcemod/logs/errors_20250729.log")
L 07/29/2025 - 20:48:23: [SM] Failed to load plugin "nextmap.smx": Nextmap is incompatible with this game.
L 07/29/2025 - 20:52:36: Error log file session closed.
L 07/29/2025 - 20:58:03: SourceMod error session started
L 07/29/2025 - 20:58:03: Info (map "c1m2_streets") (file "/home/steam/game_server/Left_4_Dead_2/left4dead2/addons/sourcemod/logs/errors_20250729.log")
L 07/29/2025 - 20:58:03: [SM] Failed to load plugin "nextmap.smx": Nextmap is incompatible with this game.
L 07/29/2025 - 20:59:25: SourceMod error session started
L 07/29/2025 - 20:59:25: Info (map "c1m2_streets") (file "/home/steam/game_server/Left_4_Dead_2/left4dead2/addons/sourcemod/logs/errors_20250729.log")
L 07/29/2025 - 20:59:25: [SM] Failed to load plugin "nextmap.smx": Nextmap is incompatible with this game.
L 07/29/2025 - 20:59:44: SourceMod error session started
L 07/29/2025 - 20:59:44: Info (map "c1m2_streets") (file "/home/steam/game_server/Left_4_Dead_2/left4dead2/addons/sourcemod/logs/errors_20250729.log")
L 07/29/2025 - 20:59:44: [SM] Failed to load plugin "nextmap.smx": Nextmap is incompatible with this game.
L 07/29/2025 - 21:02:31: Error log file session closed.
