L 07/25/2025 - 12:59:37: SourceMod error session started
L 07/25/2025 - 12:59:37: Info (map "c1m2_streets") (file "/home/steam/game_server/Left_4_Dead_2/left4dead2/addons/sourcemod/logs/errors_20250725.log")
L 07/25/2025 - 12:59:37: [SM] Failed to load plugin "nextmap.smx": Nextmap is incompatible with this game.
L 07/25/2025 - 13:00:00: Error log file session closed.
L 07/25/2025 - 13:05:00: SourceMod error session started
L 07/25/2025 - 13:05:00: Info (map "c1m2_streets") (file "/home/steam/game_server/Left_4_Dead_2/left4dead2/addons/sourcemod/logs/errors_20250725.log")
L 07/25/2025 - 13:05:00: [SM] Failed to load plugin "nextmap.smx": Nextmap is incompatible with this game.
L 07/25/2025 - 13:05:00: [SM] Fatal error encountered parsing translation file "chainsaw_refuelling.phrases.txt"
L 07/25/2025 - 13:05:00: [SM] Error (line 0, column 0): Stream failed to open
L 07/25/2025 - 13:05:44: [SM] Exception reported: Language phrase "Information" not found (arg 4)
L 07/25/2025 - 13:05:44: [SM] Blaming: l4d2_chainsaw_refuelling.smx
L 07/25/2025 - 13:05:44: [SM] Call stack trace:
L 07/25/2025 - 13:05:44: [SM]   [0] PrintToChat
L 07/25/2025 - 13:05:44: [SM]   [1] Line 162, /home/forums/content/files/6/2/6/3/88262.attach::EventItemPickup
L 07/25/2025 - 13:06:24: [SM] Exception reported: Language phrase "Information" not found (arg 4)
L 07/25/2025 - 13:06:24: [SM] Blaming: l4d2_chainsaw_refuelling.smx
L 07/25/2025 - 13:06:24: [SM] Call stack trace:
L 07/25/2025 - 13:06:24: [SM]   [0] PrintToChat
L 07/25/2025 - 13:06:24: [SM]   [1] Line 162, /home/forums/content/files/6/2/6/3/88262.attach::EventItemPickup
L 07/25/2025 - 13:06:43: [SM] Exception reported: Language phrase "Information" not found (arg 4)
L 07/25/2025 - 13:06:43: [SM] Blaming: l4d2_chainsaw_refuelling.smx
L 07/25/2025 - 13:06:43: [SM] Call stack trace:
L 07/25/2025 - 13:06:43: [SM]   [0] PrintToChat
L 07/25/2025 - 13:06:43: [SM]   [1] Line 162, /home/forums/content/files/6/2/6/3/88262.attach::EventItemPickup
L 07/25/2025 - 13:06:56: [SM] Exception reported: Language phrase "Information" not found (arg 4)
L 07/25/2025 - 13:06:56: [SM] Blaming: l4d2_chainsaw_refuelling.smx
L 07/25/2025 - 13:06:56: [SM] Call stack trace:
L 07/25/2025 - 13:06:56: [SM]   [0] PrintToChat
L 07/25/2025 - 13:06:56: [SM]   [1] Line 162, /home/forums/content/files/6/2/6/3/88262.attach::EventItemPickup
L 07/25/2025 - 13:07:08: [SM] Exception reported: Language phrase "Information" not found (arg 4)
L 07/25/2025 - 13:07:08: [SM] Blaming: l4d2_chainsaw_refuelling.smx
L 07/25/2025 - 13:07:08: [SM] Call stack trace:
L 07/25/2025 - 13:07:08: [SM]   [0] PrintToChat
L 07/25/2025 - 13:07:08: [SM]   [1] Line 162, /home/forums/content/files/6/2/6/3/88262.attach::EventItemPickup
L 07/25/2025 - 13:07:09: [SM] Exception reported: Language phrase "Information" not found (arg 4)
L 07/25/2025 - 13:07:09: [SM] Blaming: l4d2_chainsaw_refuelling.smx
L 07/25/2025 - 13:07:09: [SM] Call stack trace:
L 07/25/2025 - 13:07:09: [SM]   [0] PrintToChat
L 07/25/2025 - 13:07:09: [SM]   [1] Line 162, /home/forums/content/files/6/2/6/3/88262.attach::EventItemPickup
L 07/25/2025 - 13:07:11: [SM] Exception reported: Language phrase "Information" not found (arg 4)
L 07/25/2025 - 13:07:11: [SM] Blaming: l4d2_chainsaw_refuelling.smx
L 07/25/2025 - 13:07:11: [SM] Call stack trace:
L 07/25/2025 - 13:07:11: [SM]   [0] PrintToChat
L 07/25/2025 - 13:07:11: [SM]   [1] Line 162, /home/forums/content/files/6/2/6/3/88262.attach::EventItemPickup
L 07/25/2025 - 13:07:50: [SM] Exception reported: Language phrase "Information" not found (arg 4)
L 07/25/2025 - 13:07:50: [SM] Blaming: l4d2_chainsaw_refuelling.smx
L 07/25/2025 - 13:07:50: [SM] Call stack trace:
L 07/25/2025 - 13:07:50: [SM]   [0] PrintToChat
L 07/25/2025 - 13:07:50: [SM]   [1] Line 162, /home/forums/content/files/6/2/6/3/88262.attach::EventItemPickup
L 07/25/2025 - 13:09:19: [SM] Exception reported: Language phrase "Information" not found (arg 4)
L 07/25/2025 - 13:09:19: [SM] Blaming: l4d2_chainsaw_refuelling.smx
L 07/25/2025 - 13:09:19: [SM] Call stack trace:
L 07/25/2025 - 13:09:19: [SM]   [0] PrintToChat
L 07/25/2025 - 13:09:19: [SM]   [1] Line 162, /home/forums/content/files/6/2/6/3/88262.attach::EventItemPickup
L 07/25/2025 - 13:10:34: Error log file session closed.
L 07/25/2025 - 13:10:34: SourceMod error session started
L 07/25/2025 - 13:10:34: Info (map "c1m1_hotel") (file "/home/steam/game_server/Left_4_Dead_2/left4dead2/addons/sourcemod/logs/errors_20250725.log")
L 07/25/2025 - 13:10:34: [SM] Fatal error encountered parsing translation file "chainsaw_refuelling.phrases.txt"
L 07/25/2025 - 13:10:34: [SM] Error (line 0, column 0): Stream failed to open
L 07/25/2025 - 13:11:08: Error log file session closed.
L 07/25/2025 - 13:11:08: SourceMod error session started
L 07/25/2025 - 13:11:08: Info (map "c1m2_streets") (file "/home/steam/game_server/Left_4_Dead_2/left4dead2/addons/sourcemod/logs/errors_20250725.log")
L 07/25/2025 - 13:11:08: [SM] Fatal error encountered parsing translation file "chainsaw_refuelling.phrases.txt"
L 07/25/2025 - 13:11:08: [SM] Error (line 0, column 0): Stream failed to open
L 07/25/2025 - 13:11:10: Error log file session closed.
L 07/25/2025 - 13:11:10: SourceMod error session started
L 07/25/2025 - 13:11:10: Info (map "c1m1_hotel") (file "/home/steam/game_server/Left_4_Dead_2/left4dead2/addons/sourcemod/logs/errors_20250725.log")
L 07/25/2025 - 13:11:10: [SM] Fatal error encountered parsing translation file "chainsaw_refuelling.phrases.txt"
L 07/25/2025 - 13:11:10: [SM] Error (line 0, column 0): Stream failed to open
L 07/25/2025 - 13:11:48: Error log file session closed.
L 07/25/2025 - 13:11:48: SourceMod error session started
L 07/25/2025 - 13:11:48: Info (map "c1m2_streets") (file "/home/steam/game_server/Left_4_Dead_2/left4dead2/addons/sourcemod/logs/errors_20250725.log")
L 07/25/2025 - 13:11:48: [SM] Fatal error encountered parsing translation file "chainsaw_refuelling.phrases.txt"
L 07/25/2025 - 13:11:48: [SM] Error (line 0, column 0): Stream failed to open
L 07/25/2025 - 13:12:15: Error log file session closed.
L 07/25/2025 - 13:12:16: SourceMod error session started
L 07/25/2025 - 13:12:16: Info (map "c1m1_hotel") (file "/home/steam/game_server/Left_4_Dead_2/left4dead2/addons/sourcemod/logs/errors_20250725.log")
L 07/25/2025 - 13:12:16: [SM] Fatal error encountered parsing translation file "chainsaw_refuelling.phrases.txt"
L 07/25/2025 - 13:12:16: [SM] Error (line 0, column 0): Stream failed to open
L 07/25/2025 - 13:13:55: Error log file session closed.
L 07/25/2025 - 13:15:25: SourceMod error session started
L 07/25/2025 - 13:15:25: Info (map "c1m2_streets") (file "/home/steam/game_server/Left_4_Dead_2/left4dead2/addons/sourcemod/logs/errors_20250725.log")
L 07/25/2025 - 13:15:25: [SM] Failed to load plugin "nextmap.smx": Nextmap is incompatible with this game.
L 07/25/2025 - 13:15:25: [SM] Fatal error encountered parsing translation file "chainsaw_refuelling.phrases.txt"
L 07/25/2025 - 13:15:25: [SM] Error (line 0, column 0): Stream failed to open
L 07/25/2025 - 13:16:45: [SM] Exception reported: Language phrase "Information" not found (arg 4)
L 07/25/2025 - 13:16:45: [SM] Blaming: l4d2_chainsaw_refuelling.smx
L 07/25/2025 - 13:16:45: [SM] Call stack trace:
L 07/25/2025 - 13:16:45: [SM]   [0] PrintToChat
L 07/25/2025 - 13:16:45: [SM]   [1] Line 162, /home/forums/content/files/6/2/6/3/88262.attach::EventItemPickup
L 07/25/2025 - 13:17:35: [SM] Exception reported: Language phrase "Information" not found (arg 4)
L 07/25/2025 - 13:17:35: [SM] Blaming: l4d2_chainsaw_refuelling.smx
L 07/25/2025 - 13:17:35: [SM] Call stack trace:
L 07/25/2025 - 13:17:35: [SM]   [0] PrintToChat
L 07/25/2025 - 13:17:35: [SM]   [1] Line 162, /home/forums/content/files/6/2/6/3/88262.attach::EventItemPickup
L 07/25/2025 - 13:18:14: [SM] Exception reported: Language phrase "Information" not found (arg 4)
L 07/25/2025 - 13:18:14: [SM] Blaming: l4d2_chainsaw_refuelling.smx
L 07/25/2025 - 13:18:14: [SM] Call stack trace:
L 07/25/2025 - 13:18:14: [SM]   [0] PrintToChat
L 07/25/2025 - 13:18:14: [SM]   [1] Line 162, /home/forums/content/files/6/2/6/3/88262.attach::EventItemPickup
L 07/25/2025 - 13:18:20: [SM] Exception reported: Language phrase "Information" not found (arg 4)
L 07/25/2025 - 13:18:20: [SM] Blaming: l4d2_chainsaw_refuelling.smx
L 07/25/2025 - 13:18:20: [SM] Call stack trace:
L 07/25/2025 - 13:18:20: [SM]   [0] PrintToChat
L 07/25/2025 - 13:18:20: [SM]   [1] Line 162, /home/forums/content/files/6/2/6/3/88262.attach::EventItemPickup
L 07/25/2025 - 13:18:21: [SM] Exception reported: Language phrase "Information" not found (arg 4)
L 07/25/2025 - 13:18:21: [SM] Blaming: l4d2_chainsaw_refuelling.smx
L 07/25/2025 - 13:18:21: [SM] Call stack trace:
L 07/25/2025 - 13:18:21: [SM]   [0] PrintToChat
L 07/25/2025 - 13:18:21: [SM]   [1] Line 162, /home/forums/content/files/6/2/6/3/88262.attach::EventItemPickup
L 07/25/2025 - 13:18:22: [SM] Exception reported: Language phrase "Information" not found (arg 4)
L 07/25/2025 - 13:18:22: [SM] Blaming: l4d2_chainsaw_refuelling.smx
L 07/25/2025 - 13:18:22: [SM] Call stack trace:
L 07/25/2025 - 13:18:22: [SM]   [0] PrintToChat
L 07/25/2025 - 13:18:22: [SM]   [1] Line 162, /home/forums/content/files/6/2/6/3/88262.attach::EventItemPickup
L 07/25/2025 - 13:18:23: [SM] Exception reported: Language phrase "Information" not found (arg 4)
L 07/25/2025 - 13:18:23: [SM] Blaming: l4d2_chainsaw_refuelling.smx
L 07/25/2025 - 13:18:23: [SM] Call stack trace:
L 07/25/2025 - 13:18:23: [SM]   [0] PrintToChat
L 07/25/2025 - 13:18:23: [SM]   [1] Line 162, /home/forums/content/files/6/2/6/3/88262.attach::EventItemPickup
L 07/25/2025 - 13:18:25: [SM] Exception reported: Language phrase "Information" not found (arg 4)
L 07/25/2025 - 13:18:25: [SM] Blaming: l4d2_chainsaw_refuelling.smx
L 07/25/2025 - 13:18:25: [SM] Call stack trace:
L 07/25/2025 - 13:18:25: [SM]   [0] PrintToChat
L 07/25/2025 - 13:18:25: [SM]   [1] Line 162, /home/forums/content/files/6/2/6/3/88262.attach::EventItemPickup
L 07/25/2025 - 13:18:29: [SM] Exception reported: Language phrase "Information" not found (arg 4)
L 07/25/2025 - 13:18:29: [SM] Blaming: l4d2_chainsaw_refuelling.smx
L 07/25/2025 - 13:18:29: [SM] Call stack trace:
L 07/25/2025 - 13:18:29: [SM]   [0] PrintToChat
L 07/25/2025 - 13:18:29: [SM]   [1] Line 162, /home/forums/content/files/6/2/6/3/88262.attach::EventItemPickup
L 07/25/2025 - 13:18:32: [SM] Exception reported: Language phrase "Information" not found (arg 4)
L 07/25/2025 - 13:18:32: [SM] Blaming: l4d2_chainsaw_refuelling.smx
L 07/25/2025 - 13:18:32: [SM] Call stack trace:
L 07/25/2025 - 13:18:32: [SM]   [0] PrintToChat
L 07/25/2025 - 13:18:32: [SM]   [1] Line 162, /home/forums/content/files/6/2/6/3/88262.attach::EventItemPickup
L 07/25/2025 - 13:18:33: [SM] Exception reported: Language phrase "Information" not found (arg 4)
L 07/25/2025 - 13:18:33: [SM] Blaming: l4d2_chainsaw_refuelling.smx
L 07/25/2025 - 13:18:33: [SM] Call stack trace:
L 07/25/2025 - 13:18:33: [SM]   [0] PrintToChat
L 07/25/2025 - 13:18:33: [SM]   [1] Line 162, /home/forums/content/files/6/2/6/3/88262.attach::EventItemPickup
L 07/25/2025 - 13:18:35: [SM] Exception reported: Language phrase "Information" not found (arg 4)
L 07/25/2025 - 13:18:35: [SM] Blaming: l4d2_chainsaw_refuelling.smx
L 07/25/2025 - 13:18:35: [SM] Call stack trace:
L 07/25/2025 - 13:18:35: [SM]   [0] PrintToChat
L 07/25/2025 - 13:18:35: [SM]   [1] Line 162, /home/forums/content/files/6/2/6/3/88262.attach::EventItemPickup
L 07/25/2025 - 13:18:37: [SM] Exception reported: Language phrase "Information" not found (arg 4)
L 07/25/2025 - 13:18:37: [SM] Blaming: l4d2_chainsaw_refuelling.smx
L 07/25/2025 - 13:18:37: [SM] Call stack trace:
L 07/25/2025 - 13:18:37: [SM]   [0] PrintToChat
L 07/25/2025 - 13:18:37: [SM]   [1] Line 162, /home/forums/content/files/6/2/6/3/88262.attach::EventItemPickup
L 07/25/2025 - 13:18:39: [SM] Exception reported: Language phrase "Information" not found (arg 4)
L 07/25/2025 - 13:18:39: [SM] Blaming: l4d2_chainsaw_refuelling.smx
L 07/25/2025 - 13:18:39: [SM] Call stack trace:
L 07/25/2025 - 13:18:39: [SM]   [0] PrintToChat
L 07/25/2025 - 13:18:39: [SM]   [1] Line 162, /home/forums/content/files/6/2/6/3/88262.attach::EventItemPickup
L 07/25/2025 - 13:18:40: [SM] Exception reported: Language phrase "Information" not found (arg 4)
L 07/25/2025 - 13:18:40: [SM] Blaming: l4d2_chainsaw_refuelling.smx
L 07/25/2025 - 13:18:40: [SM] Call stack trace:
L 07/25/2025 - 13:18:40: [SM]   [0] PrintToChat
L 07/25/2025 - 13:18:40: [SM]   [1] Line 162, /home/forums/content/files/6/2/6/3/88262.attach::EventItemPickup
L 07/25/2025 - 13:19:15: [SM] Exception reported: Language phrase "Information" not found (arg 4)
L 07/25/2025 - 13:19:15: [SM] Blaming: l4d2_chainsaw_refuelling.smx
L 07/25/2025 - 13:19:15: [SM] Call stack trace:
L 07/25/2025 - 13:19:15: [SM]   [0] PrintToChat
L 07/25/2025 - 13:19:15: [SM]   [1] Line 162, /home/forums/content/files/6/2/6/3/88262.attach::EventItemPickup
L 07/25/2025 - 13:20:22: Error log file session closed.
L 07/25/2025 - 13:20:22: SourceMod error session started
L 07/25/2025 - 13:20:22: Info (map "c1m1_hotel") (file "/home/steam/game_server/Left_4_Dead_2/left4dead2/addons/sourcemod/logs/errors_20250725.log")
L 07/25/2025 - 13:20:22: [SM] Fatal error encountered parsing translation file "chainsaw_refuelling.phrases.txt"
L 07/25/2025 - 13:20:22: [SM] Error (line 0, column 0): Stream failed to open
L 07/25/2025 - 13:20:27: Error log file session closed.
L 07/25/2025 - 13:21:55: SourceMod error session started
L 07/25/2025 - 13:21:55: Info (map "c1m2_streets") (file "/home/steam/game_server/Left_4_Dead_2/left4dead2/addons/sourcemod/logs/errors_20250725.log")
L 07/25/2025 - 13:21:55: [SM] Failed to load plugin "nextmap.smx": Nextmap is incompatible with this game.
L 07/25/2025 - 13:38:50: Error log file session closed.
L 07/25/2025 - 13:48:54: SourceMod error session started
L 07/25/2025 - 13:48:54: Info (map "c1m2_streets") (file "/home/steam/game_server/Left_4_Dead_2/left4dead2/addons/sourcemod/logs/errors_20250725.log")
L 07/25/2025 - 13:48:54: [SM] Failed to load plugin "nextmap.smx": Nextmap is incompatible with this game.
L 07/25/2025 - 13:49:06: Error log file session closed.
L 07/25/2025 - 13:50:42: SourceMod error session started
L 07/25/2025 - 13:50:42: Info (map "c1m2_streets") (file "/home/steam/game_server/Left_4_Dead_2/left4dead2/addons/sourcemod/logs/errors_20250725.log")
L 07/25/2025 - 13:50:42: [SM] Failed to load plugin "nextmap.smx": Nextmap is incompatible with this game.
L 07/25/2025 - 13:50:42: [SM] Fatal error encountered parsing translation file "chainsaw_refuelling.phrases.txt"
L 07/25/2025 - 13:50:42: [SM] Error (line 0, column 0): Stream failed to open
L 07/25/2025 - 13:51:13: Error log file session closed.
L 07/25/2025 - 13:51:14: SourceMod error session started
L 07/25/2025 - 13:51:14: Info (map "tumtara") (file "/home/steam/game_server/Left_4_Dead_2/left4dead2/addons/sourcemod/logs/errors_20250725.log")
L 07/25/2025 - 13:51:14: [SM] Fatal error encountered parsing translation file "chainsaw_refuelling.phrases.txt"
L 07/25/2025 - 13:51:14: [SM] Error (line 0, column 0): Stream failed to open
L 07/25/2025 - 13:52:01: [SM] Exception reported: Language phrase "Information" not found (arg 4)
L 07/25/2025 - 13:52:01: [SM] Blaming: l4d2_chainsaw_refuelling.smx
L 07/25/2025 - 13:52:01: [SM] Call stack trace:
L 07/25/2025 - 13:52:01: [SM]   [0] VFormat
L 07/25/2025 - 13:52:01: [SM]   [1] Line 71, D:\Github\Private-Work\L4D2-插件\scripting_1.11\include\multicolors.inc::CPrintToChat
L 07/25/2025 - 13:52:01: [SM]   [2] Line 191, d:\Github\Private-Work\L4D2-插件\scripting_1.11\l4d2_chainsaw_refuelling.sp::EventItemPickup
L 07/25/2025 - 13:52:06: [SM] Exception reported: Language phrase "Information" not found (arg 4)
L 07/25/2025 - 13:52:06: [SM] Blaming: l4d2_chainsaw_refuelling.smx
L 07/25/2025 - 13:52:06: [SM] Call stack trace:
L 07/25/2025 - 13:52:06: [SM]   [0] VFormat
L 07/25/2025 - 13:52:06: [SM]   [1] Line 71, D:\Github\Private-Work\L4D2-插件\scripting_1.11\include\multicolors.inc::CPrintToChat
L 07/25/2025 - 13:52:06: [SM]   [2] Line 191, d:\Github\Private-Work\L4D2-插件\scripting_1.11\l4d2_chainsaw_refuelling.sp::EventItemPickup
L 07/25/2025 - 13:53:43: [SM] Exception reported: Language phrase "Information" not found (arg 4)
L 07/25/2025 - 13:53:43: [SM] Blaming: l4d2_chainsaw_refuelling.smx
L 07/25/2025 - 13:53:43: [SM] Call stack trace:
L 07/25/2025 - 13:53:43: [SM]   [0] VFormat
L 07/25/2025 - 13:53:43: [SM]   [1] Line 71, D:\Github\Private-Work\L4D2-插件\scripting_1.11\include\multicolors.inc::CPrintToChat
L 07/25/2025 - 13:53:43: [SM]   [2] Line 191, d:\Github\Private-Work\L4D2-插件\scripting_1.11\l4d2_chainsaw_refuelling.sp::EventItemPickup
L 07/25/2025 - 13:56:21: SourceMod error session started
L 07/25/2025 - 13:56:21: Info (map "tumtara_items") (file "/home/steam/game_server/Left_4_Dead_2/left4dead2/addons/sourcemod/logs/errors_20250725.log")
L 07/25/2025 - 13:56:21: [SM] Failed to load plugin "nextmap.smx": Nextmap is incompatible with this game.
L 07/25/2025 - 13:56:21: [SM] Fatal error encountered parsing translation file "chainsaw_refuelling.phrases.txt"
L 07/25/2025 - 13:56:21: [SM] Error (line 0, column 0): Stream failed to open
L 07/25/2025 - 13:56:56: [SM] Exception reported: Language phrase "Information" not found (arg 4)
L 07/25/2025 - 13:56:56: [SM] Blaming: l4d2_chainsaw_refuelling.smx
L 07/25/2025 - 13:56:56: [SM] Call stack trace:
L 07/25/2025 - 13:56:56: [SM]   [0] VFormat
L 07/25/2025 - 13:56:56: [SM]   [1] Line 71, D:\Github\Private-Work\L4D2-插件\scripting_1.11\include\multicolors.inc::CPrintToChat
L 07/25/2025 - 13:56:56: [SM]   [2] Line 191, d:\Github\Private-Work\L4D2-插件\scripting_1.11\l4d2_chainsaw_refuelling.sp::EventItemPickup
L 07/25/2025 - 13:59:20: [SM] Exception reported: Language phrase "Information" not found (arg 4)
L 07/25/2025 - 13:59:20: [SM] Blaming: l4d2_chainsaw_refuelling.smx
L 07/25/2025 - 13:59:20: [SM] Call stack trace:
L 07/25/2025 - 13:59:20: [SM]   [0] VFormat
L 07/25/2025 - 13:59:20: [SM]   [1] Line 71, D:\Github\Private-Work\L4D2-插件\scripting_1.11\include\multicolors.inc::CPrintToChat
L 07/25/2025 - 13:59:20: [SM]   [2] Line 191, d:\Github\Private-Work\L4D2-插件\scripting_1.11\l4d2_chainsaw_refuelling.sp::EventItemPickup
L 07/25/2025 - 13:59:23: [SM] Exception reported: Language phrase "Information" not found (arg 4)
L 07/25/2025 - 13:59:23: [SM] Blaming: l4d2_chainsaw_refuelling.smx
L 07/25/2025 - 13:59:23: [SM] Call stack trace:
L 07/25/2025 - 13:59:23: [SM]   [0] VFormat
L 07/25/2025 - 13:59:23: [SM]   [1] Line 71, D:\Github\Private-Work\L4D2-插件\scripting_1.11\include\multicolors.inc::CPrintToChat
L 07/25/2025 - 13:59:23: [SM]   [2] Line 191, d:\Github\Private-Work\L4D2-插件\scripting_1.11\l4d2_chainsaw_refuelling.sp::EventItemPickup
L 07/25/2025 - 13:59:25: [SM] Exception reported: Language phrase "Information" not found (arg 4)
L 07/25/2025 - 13:59:25: [SM] Blaming: l4d2_chainsaw_refuelling.smx
L 07/25/2025 - 13:59:25: [SM] Call stack trace:
L 07/25/2025 - 13:59:25: [SM]   [0] VFormat
L 07/25/2025 - 13:59:25: [SM]   [1] Line 71, D:\Github\Private-Work\L4D2-插件\scripting_1.11\include\multicolors.inc::CPrintToChat
L 07/25/2025 - 13:59:25: [SM]   [2] Line 191, d:\Github\Private-Work\L4D2-插件\scripting_1.11\l4d2_chainsaw_refuelling.sp::EventItemPickup
L 07/25/2025 - 13:59:26: [SM] Exception reported: Language phrase "Information" not found (arg 4)
L 07/25/2025 - 13:59:26: [SM] Blaming: l4d2_chainsaw_refuelling.smx
L 07/25/2025 - 13:59:26: [SM] Call stack trace:
L 07/25/2025 - 13:59:26: [SM]   [0] VFormat
L 07/25/2025 - 13:59:26: [SM]   [1] Line 71, D:\Github\Private-Work\L4D2-插件\scripting_1.11\include\multicolors.inc::CPrintToChat
L 07/25/2025 - 13:59:26: [SM]   [2] Line 191, d:\Github\Private-Work\L4D2-插件\scripting_1.11\l4d2_chainsaw_refuelling.sp::EventItemPickup
L 07/25/2025 - 13:59:43: [SM] Exception reported: Language phrase "Information" not found (arg 4)
L 07/25/2025 - 13:59:43: [SM] Blaming: l4d2_chainsaw_refuelling.smx
L 07/25/2025 - 13:59:43: [SM] Call stack trace:
L 07/25/2025 - 13:59:43: [SM]   [0] VFormat
L 07/25/2025 - 13:59:43: [SM]   [1] Line 71, D:\Github\Private-Work\L4D2-插件\scripting_1.11\include\multicolors.inc::CPrintToChat
L 07/25/2025 - 13:59:43: [SM]   [2] Line 191, d:\Github\Private-Work\L4D2-插件\scripting_1.11\l4d2_chainsaw_refuelling.sp::EventItemPickup
L 07/25/2025 - 13:59:46: [SM] Exception reported: Language phrase "Information" not found (arg 4)
L 07/25/2025 - 13:59:46: [SM] Blaming: l4d2_chainsaw_refuelling.smx
L 07/25/2025 - 13:59:46: [SM] Call stack trace:
L 07/25/2025 - 13:59:46: [SM]   [0] VFormat
L 07/25/2025 - 13:59:46: [SM]   [1] Line 71, D:\Github\Private-Work\L4D2-插件\scripting_1.11\include\multicolors.inc::CPrintToChat
L 07/25/2025 - 13:59:46: [SM]   [2] Line 191, d:\Github\Private-Work\L4D2-插件\scripting_1.11\l4d2_chainsaw_refuelling.sp::EventItemPickup
L 07/25/2025 - 13:59:47: [SM] Exception reported: Language phrase "Information" not found (arg 4)
L 07/25/2025 - 13:59:47: [SM] Blaming: l4d2_chainsaw_refuelling.smx
L 07/25/2025 - 13:59:47: [SM] Call stack trace:
L 07/25/2025 - 13:59:47: [SM]   [0] VFormat
L 07/25/2025 - 13:59:47: [SM]   [1] Line 71, D:\Github\Private-Work\L4D2-插件\scripting_1.11\include\multicolors.inc::CPrintToChat
L 07/25/2025 - 13:59:47: [SM]   [2] Line 191, d:\Github\Private-Work\L4D2-插件\scripting_1.11\l4d2_chainsaw_refuelling.sp::EventItemPickup
L 07/25/2025 - 13:59:48: [SM] Exception reported: Language phrase "Information" not found (arg 4)
L 07/25/2025 - 13:59:48: [SM] Blaming: l4d2_chainsaw_refuelling.smx
L 07/25/2025 - 13:59:48: [SM] Call stack trace:
L 07/25/2025 - 13:59:48: [SM]   [0] VFormat
L 07/25/2025 - 13:59:48: [SM]   [1] Line 71, D:\Github\Private-Work\L4D2-插件\scripting_1.11\include\multicolors.inc::CPrintToChat
L 07/25/2025 - 13:59:48: [SM]   [2] Line 191, d:\Github\Private-Work\L4D2-插件\scripting_1.11\l4d2_chainsaw_refuelling.sp::EventItemPickup
L 07/25/2025 - 13:59:50: [SM] Exception reported: Language phrase "Information" not found (arg 4)
L 07/25/2025 - 13:59:50: [SM] Blaming: l4d2_chainsaw_refuelling.smx
L 07/25/2025 - 13:59:50: [SM] Call stack trace:
L 07/25/2025 - 13:59:50: [SM]   [0] VFormat
L 07/25/2025 - 13:59:50: [SM]   [1] Line 71, D:\Github\Private-Work\L4D2-插件\scripting_1.11\include\multicolors.inc::CPrintToChat
L 07/25/2025 - 13:59:50: [SM]   [2] Line 191, d:\Github\Private-Work\L4D2-插件\scripting_1.11\l4d2_chainsaw_refuelling.sp::EventItemPickup
L 07/25/2025 - 13:59:59: Error log file session closed.
L 07/25/2025 - 13:59:59: SourceMod error session started
L 07/25/2025 - 13:59:59: Info (map "c1m2_streets") (file "/home/steam/game_server/Left_4_Dead_2/left4dead2/addons/sourcemod/logs/errors_20250725.log")
L 07/25/2025 - 13:59:59: [SM] Fatal error encountered parsing translation file "chainsaw_refuelling.phrases.txt"
L 07/25/2025 - 13:59:59: [SM] Error (line 0, column 0): Stream failed to open
L 07/25/2025 - 14:00:22: [SM] Exception reported: Language phrase "Information" not found (arg 4)
L 07/25/2025 - 14:00:22: [SM] Blaming: l4d2_chainsaw_refuelling.smx
L 07/25/2025 - 14:00:22: [SM] Call stack trace:
L 07/25/2025 - 14:00:22: [SM]   [0] VFormat
L 07/25/2025 - 14:00:22: [SM]   [1] Line 71, D:\Github\Private-Work\L4D2-插件\scripting_1.11\include\multicolors.inc::CPrintToChat
L 07/25/2025 - 14:00:22: [SM]   [2] Line 191, d:\Github\Private-Work\L4D2-插件\scripting_1.11\l4d2_chainsaw_refuelling.sp::EventItemPickup
L 07/25/2025 - 14:00:26: [SM] Exception reported: Language phrase "Information" not found (arg 4)
L 07/25/2025 - 14:00:26: [SM] Blaming: l4d2_chainsaw_refuelling.smx
L 07/25/2025 - 14:00:26: [SM] Call stack trace:
L 07/25/2025 - 14:00:26: [SM]   [0] VFormat
L 07/25/2025 - 14:00:26: [SM]   [1] Line 71, D:\Github\Private-Work\L4D2-插件\scripting_1.11\include\multicolors.inc::CPrintToChat
L 07/25/2025 - 14:00:26: [SM]   [2] Line 191, d:\Github\Private-Work\L4D2-插件\scripting_1.11\l4d2_chainsaw_refuelling.sp::EventItemPickup
L 07/25/2025 - 14:00:35: Error log file session closed.
L 07/25/2025 - 14:00:35: SourceMod error session started
L 07/25/2025 - 14:00:35: Info (map "c1m1_hotel") (file "/home/steam/game_server/Left_4_Dead_2/left4dead2/addons/sourcemod/logs/errors_20250725.log")
L 07/25/2025 - 14:00:35: [SM] Fatal error encountered parsing translation file "chainsaw_refuelling.phrases.txt"
L 07/25/2025 - 14:00:35: [SM] Error (line 0, column 0): Stream failed to open
L 07/25/2025 - 14:00:41: Error log file session closed.
L 07/25/2025 - 14:00:45: SourceMod error session started
L 07/25/2025 - 14:00:45: Info (map "tumtara_items") (file "/home/steam/game_server/Left_4_Dead_2/left4dead2/addons/sourcemod/logs/errors_20250725.log")
L 07/25/2025 - 14:00:45: [SM] Failed to load plugin "nextmap.smx": Nextmap is incompatible with this game.
L 07/25/2025 - 14:00:45: [SM] Fatal error encountered parsing translation file "chainsaw_refuelling.phrases.txt"
L 07/25/2025 - 14:00:45: [SM] Error (line 0, column 0): Stream failed to open
L 07/25/2025 - 14:01:24: [SM] Exception reported: Language phrase "Information" not found (arg 4)
L 07/25/2025 - 14:01:24: [SM] Blaming: l4d2_chainsaw_refuelling.smx
L 07/25/2025 - 14:01:24: [SM] Call stack trace:
L 07/25/2025 - 14:01:24: [SM]   [0] VFormat
L 07/25/2025 - 14:01:24: [SM]   [1] Line 71, D:\Github\Private-Work\L4D2-插件\scripting_1.11\include\multicolors.inc::CPrintToChat
L 07/25/2025 - 14:01:24: [SM]   [2] Line 191, d:\Github\Private-Work\L4D2-插件\scripting_1.11\l4d2_chainsaw_refuelling.sp::EventItemPickup
L 07/25/2025 - 14:02:36: [SM] Exception reported: Language phrase "Information" not found (arg 4)
L 07/25/2025 - 14:02:36: [SM] Blaming: l4d2_chainsaw_refuelling.smx
L 07/25/2025 - 14:02:36: [SM] Call stack trace:
L 07/25/2025 - 14:02:36: [SM]   [0] VFormat
L 07/25/2025 - 14:02:36: [SM]   [1] Line 71, D:\Github\Private-Work\L4D2-插件\scripting_1.11\include\multicolors.inc::CPrintToChat
L 07/25/2025 - 14:02:36: [SM]   [2] Line 191, d:\Github\Private-Work\L4D2-插件\scripting_1.11\l4d2_chainsaw_refuelling.sp::EventItemPickup
L 07/25/2025 - 14:13:41: SourceMod error session started
L 07/25/2025 - 14:13:41: Info (map "tumtara_items") (file "/home/steam/game_server/Left_4_Dead_2/left4dead2/addons/sourcemod/logs/errors_20250725.log")
L 07/25/2025 - 14:13:41: [SM] Failed to load plugin "nextmap.smx": Nextmap is incompatible with this game.
L 07/25/2025 - 14:13:41: [SM] Fatal error encountered parsing translation file "chainsaw_refuelling.phrases.txt"
L 07/25/2025 - 14:13:41: [SM] Error (line 0, column 0): Stream failed to open
L 07/25/2025 - 14:17:12: Error log file session closed.
L 07/25/2025 - 14:17:12: SourceMod error session started
L 07/25/2025 - 14:17:12: Info (map "c1m2_streets") (file "/home/steam/game_server/Left_4_Dead_2/left4dead2/addons/sourcemod/logs/errors_20250725.log")
L 07/25/2025 - 14:17:12: [SM] Fatal error encountered parsing translation file "chainsaw_refuelling.phrases.txt"
L 07/25/2025 - 14:17:12: [SM] Error (line 0, column 0): Stream failed to open
L 07/25/2025 - 14:17:14: Error log file session closed.
L 07/25/2025 - 14:17:14: SourceMod error session started
L 07/25/2025 - 14:17:14: Info (map "c1m1_hotel") (file "/home/steam/game_server/Left_4_Dead_2/left4dead2/addons/sourcemod/logs/errors_20250725.log")
L 07/25/2025 - 14:17:14: [SM] Fatal error encountered parsing translation file "chainsaw_refuelling.phrases.txt"
L 07/25/2025 - 14:17:14: [SM] Error (line 0, column 0): Stream failed to open
L 07/25/2025 - 14:17:48: Error log file session closed.
L 07/25/2025 - 14:17:48: SourceMod error session started
L 07/25/2025 - 14:17:48: Info (map "c1m2_streets") (file "/home/steam/game_server/Left_4_Dead_2/left4dead2/addons/sourcemod/logs/errors_20250725.log")
L 07/25/2025 - 14:17:48: [SM] Fatal error encountered parsing translation file "chainsaw_refuelling.phrases.txt"
L 07/25/2025 - 14:17:48: [SM] Error (line 0, column 0): Stream failed to open
L 07/25/2025 - 14:20:30: Error log file session closed.
L 07/25/2025 - 14:20:30: SourceMod error session started
L 07/25/2025 - 14:20:30: Info (map "c1m1_hotel") (file "/home/steam/game_server/Left_4_Dead_2/left4dead2/addons/sourcemod/logs/errors_20250725.log")
L 07/25/2025 - 14:20:30: [SM] Fatal error encountered parsing translation file "chainsaw_refuelling.phrases.txt"
L 07/25/2025 - 14:20:30: [SM] Error (line 0, column 0): Stream failed to open
L 07/25/2025 - 14:20:35: Error log file session closed.
L 07/25/2025 - 14:30:23: SourceMod error session started
L 07/25/2025 - 14:30:23: Info (map "tumtara_items") (file "/home/steam/game_server/Left_4_Dead_2/left4dead2/addons/sourcemod/logs/errors_20250725.log")
L 07/25/2025 - 14:30:23: [SM] Failed to load plugin "nextmap.smx": Nextmap is incompatible with this game.
L 07/25/2025 - 14:32:33: Error log file session closed.
L 07/25/2025 - 14:39:20: SourceMod error session started
L 07/25/2025 - 14:39:20: Info (map "tumtara_items") (file "/home/steam/game_server/Left_4_Dead_2/left4dead2/addons/sourcemod/logs/errors_20250725.log")
L 07/25/2025 - 14:39:20: [SM] Failed to load plugin "nextmap.smx": Nextmap is incompatible with this game.
L 07/25/2025 - 14:40:05: Error log file session closed.
L 07/25/2025 - 14:41:41: SourceMod error session started
L 07/25/2025 - 14:41:41: Info (map "tumtara_items") (file "/home/steam/game_server/Left_4_Dead_2/left4dead2/addons/sourcemod/logs/errors_20250725.log")
L 07/25/2025 - 14:41:41: [SM] Failed to load plugin "nextmap.smx": Nextmap is incompatible with this game.
L 07/25/2025 - 14:42:05: Error log file session closed.
L 07/25/2025 - 14:50:20: SourceMod error session started
L 07/25/2025 - 14:50:20: Info (map "tumtara_items") (file "/home/steam/game_server/Left_4_Dead_2/left4dead2/addons/sourcemod/logs/errors_20250725.log")
L 07/25/2025 - 14:50:20: [SM] Failed to load plugin "nextmap.smx": Nextmap is incompatible with this game.
L 07/25/2025 - 14:50:51: SourceMod error session started
L 07/25/2025 - 14:50:51: Info (map "tumtara_items") (file "/home/steam/game_server/Left_4_Dead_2/left4dead2/addons/sourcemod/logs/errors_20250725.log")
L 07/25/2025 - 14:50:51: [SM] Failed to load plugin "nextmap.smx": Nextmap is incompatible with this game.
L 07/25/2025 - 14:51:38: Error log file session closed.
L 07/25/2025 - 14:59:41: SourceMod error session started
L 07/25/2025 - 14:59:41: Info (map "tumtara_items") (file "/home/steam/game_server/Left_4_Dead_2/left4dead2/addons/sourcemod/logs/errors_20250725.log")
L 07/25/2025 - 14:59:41: [SM] Failed to load plugin "nextmap.smx": Nextmap is incompatible with this game.
L 07/25/2025 - 15:04:41: Error log file session closed.
L 07/25/2025 - 18:16:32: SourceMod error session started
L 07/25/2025 - 18:16:32: Info (map "tumtara_items") (file "/home/steam/game_server/Left_4_Dead_2/left4dead2/addons/sourcemod/logs/errors_20250725.log")
L 07/25/2025 - 18:16:32: [SM] Failed to load plugin "nextmap.smx": Nextmap is incompatible with this game.
L 07/25/2025 - 18:16:32: [SM] Exception reported: Section declared without header on line 12, col 3 of addons/sourcemod/data/l4d_info_editor_weapons.cfg [5]
L 07/25/2025 - 18:16:32: [SM] Blaming: l4d_info_editor.smx
L 07/25/2025 - 18:16:32: [SM] Call stack trace:
L 07/25/2025 - 18:16:32: [SM]   [0] SetFailState
L 07/25/2025 - 18:16:32: [SM]   [1] Line 1288, C:\Servers\L4D2\left4dead2\addons\sourcemod\scripting\l4d_info_editor.sp::ParseConfigFile
L 07/25/2025 - 18:16:32: [SM]   [2] Line 1262, C:\Servers\L4D2\left4dead2\addons\sourcemod\scripting\l4d_info_editor.sp::LoadConfig
L 07/25/2025 - 18:16:32: [SM]   [3] Line 1182, C:\Servers\L4D2\left4dead2\addons\sourcemod\scripting\l4d_info_editor.sp::ResetPlugin
L 07/25/2025 - 18:16:32: [SM]   [4] Line 430, C:\Servers\L4D2\left4dead2\addons\sourcemod\scripting\l4d_info_editor.sp::OnPluginStart
L 07/25/2025 - 18:16:32: [SM] Unable to load plugin "l4d_info_editor.smx": Error detected in plugin startup (see error logs)
L 07/25/2025 - 18:18:28: SourceMod error session started
L 07/25/2025 - 18:18:28: Info (map "tumtara_items") (file "/home/steam/game_server/Left_4_Dead_2/left4dead2/addons/sourcemod/logs/errors_20250725.log")
L 07/25/2025 - 18:18:28: [SM] Failed to load plugin "nextmap.smx": Nextmap is incompatible with this game.
L 07/25/2025 - 18:18:28: [SM] Exception reported: Section declared without header on line 12, col 3 of addons/sourcemod/data/l4d_info_editor_weapons.cfg [5]
L 07/25/2025 - 18:18:28: [SM] Blaming: l4d_info_editor.smx
L 07/25/2025 - 18:18:28: [SM] Call stack trace:
L 07/25/2025 - 18:18:28: [SM]   [0] SetFailState
L 07/25/2025 - 18:18:28: [SM]   [1] Line 1288, C:\Servers\L4D2\left4dead2\addons\sourcemod\scripting\l4d_info_editor.sp::ParseConfigFile
L 07/25/2025 - 18:18:28: [SM]   [2] Line 1262, C:\Servers\L4D2\left4dead2\addons\sourcemod\scripting\l4d_info_editor.sp::LoadConfig
L 07/25/2025 - 18:18:28: [SM]   [3] Line 1182, C:\Servers\L4D2\left4dead2\addons\sourcemod\scripting\l4d_info_editor.sp::ResetPlugin
L 07/25/2025 - 18:18:28: [SM]   [4] Line 430, C:\Servers\L4D2\left4dead2\addons\sourcemod\scripting\l4d_info_editor.sp::OnPluginStart
L 07/25/2025 - 18:18:28: [SM] Unable to load plugin "l4d_info_editor.smx": Error detected in plugin startup (see error logs)
L 07/25/2025 - 18:23:11: SourceMod error session started
L 07/25/2025 - 18:23:11: Info (map "tumtara_items") (file "/home/steam/game_server/Left_4_Dead_2/left4dead2/addons/sourcemod/logs/errors_20250725.log")
L 07/25/2025 - 18:23:11: [SM] Failed to load plugin "nextmap.smx": Nextmap is incompatible with this game.
L 07/25/2025 - 18:23:11: [SM] Exception reported: Section declared without header on line 12, col 3 of addons/sourcemod/data/l4d_info_editor_weapons.cfg [5]
L 07/25/2025 - 18:23:11: [SM] Blaming: l4d_info_editor.smx
L 07/25/2025 - 18:23:11: [SM] Call stack trace:
L 07/25/2025 - 18:23:11: [SM]   [0] SetFailState
L 07/25/2025 - 18:23:11: [SM]   [1] Line 1288, C:\Servers\L4D2\left4dead2\addons\sourcemod\scripting\l4d_info_editor.sp::ParseConfigFile
L 07/25/2025 - 18:23:11: [SM]   [2] Line 1262, C:\Servers\L4D2\left4dead2\addons\sourcemod\scripting\l4d_info_editor.sp::LoadConfig
L 07/25/2025 - 18:23:11: [SM]   [3] Line 1182, C:\Servers\L4D2\left4dead2\addons\sourcemod\scripting\l4d_info_editor.sp::ResetPlugin
L 07/25/2025 - 18:23:11: [SM]   [4] Line 430, C:\Servers\L4D2\left4dead2\addons\sourcemod\scripting\l4d_info_editor.sp::OnPluginStart
L 07/25/2025 - 18:23:11: [SM] Unable to load plugin "l4d_info_editor.smx": Error detected in plugin startup (see error logs)
L 07/25/2025 - 18:54:24: SourceMod error session started
L 07/25/2025 - 18:54:24: Info (map "tumtara_items") (file "/home/steam/game_server/Left_4_Dead_2/left4dead2/addons/sourcemod/logs/errors_20250725.log")
L 07/25/2025 - 18:54:24: [SM] Failed to load plugin "nextmap.smx": Nextmap is incompatible with this game.
L 07/25/2025 - 18:54:24: [SM] Exception reported: Section declared without header on line 12, col 3 of addons/sourcemod/data/l4d_info_editor_weapons.cfg [5]
L 07/25/2025 - 18:54:24: [SM] Blaming: l4d_info_editor.smx
L 07/25/2025 - 18:54:24: [SM] Call stack trace:
L 07/25/2025 - 18:54:24: [SM]   [0] SetFailState
L 07/25/2025 - 18:54:24: [SM]   [1] Line 1288, C:\Servers\L4D2\left4dead2\addons\sourcemod\scripting\l4d_info_editor.sp::ParseConfigFile
L 07/25/2025 - 18:54:24: [SM]   [2] Line 1262, C:\Servers\L4D2\left4dead2\addons\sourcemod\scripting\l4d_info_editor.sp::LoadConfig
L 07/25/2025 - 18:54:24: [SM]   [3] Line 1182, C:\Servers\L4D2\left4dead2\addons\sourcemod\scripting\l4d_info_editor.sp::ResetPlugin
L 07/25/2025 - 18:54:24: [SM]   [4] Line 430, C:\Servers\L4D2\left4dead2\addons\sourcemod\scripting\l4d_info_editor.sp::OnPluginStart
L 07/25/2025 - 18:54:24: [SM] Unable to load plugin "l4d_info_editor.smx": Error detected in plugin startup (see error logs)
L 07/25/2025 - 19:23:25: SourceMod error session started
L 07/25/2025 - 19:23:25: Info (map "tumtara") (file "/home/steam/game_server/Left_4_Dead_2/left4dead2/addons/sourcemod/logs/errors_20250725.log")
L 07/25/2025 - 19:23:25: [SM] Failed to load plugin "nextmap.smx": Nextmap is incompatible with this game.
L 07/25/2025 - 19:23:25: [SM] Exception reported: Section declared without header on line 12, col 3 of addons/sourcemod/data/l4d_info_editor_weapons.cfg [5]
L 07/25/2025 - 19:23:25: [SM] Blaming: l4d_info_editor.smx
L 07/25/2025 - 19:23:25: [SM] Call stack trace:
L 07/25/2025 - 19:23:25: [SM]   [0] SetFailState
L 07/25/2025 - 19:23:25: [SM]   [1] Line 1288, C:\Servers\L4D2\left4dead2\addons\sourcemod\scripting\l4d_info_editor.sp::ParseConfigFile
L 07/25/2025 - 19:23:25: [SM]   [2] Line 1262, C:\Servers\L4D2\left4dead2\addons\sourcemod\scripting\l4d_info_editor.sp::LoadConfig
L 07/25/2025 - 19:23:25: [SM]   [3] Line 1182, C:\Servers\L4D2\left4dead2\addons\sourcemod\scripting\l4d_info_editor.sp::ResetPlugin
L 07/25/2025 - 19:23:25: [SM]   [4] Line 430, C:\Servers\L4D2\left4dead2\addons\sourcemod\scripting\l4d_info_editor.sp::OnPluginStart
L 07/25/2025 - 19:23:25: [SM] Unable to load plugin "l4d_info_editor.smx": Error detected in plugin startup (see error logs)
L 07/25/2025 - 19:30:05: SourceMod error session started
L 07/25/2025 - 19:30:05: Info (map "tumtara") (file "/home/steam/game_server/Left_4_Dead_2/left4dead2/addons/sourcemod/logs/errors_20250725.log")
L 07/25/2025 - 19:30:05: [SM] Failed to load plugin "nextmap.smx": Nextmap is incompatible with this game.
L 07/25/2025 - 19:30:05: [SM] Exception reported: Section declared without header on line 12, col 3 of addons/sourcemod/data/l4d_info_editor_weapons.cfg [5]
L 07/25/2025 - 19:30:05: [SM] Blaming: l4d_info_editor.smx
L 07/25/2025 - 19:30:05: [SM] Call stack trace:
L 07/25/2025 - 19:30:05: [SM]   [0] SetFailState
L 07/25/2025 - 19:30:05: [SM]   [1] Line 1288, C:\Servers\L4D2\left4dead2\addons\sourcemod\scripting\l4d_info_editor.sp::ParseConfigFile
L 07/25/2025 - 19:30:05: [SM]   [2] Line 1262, C:\Servers\L4D2\left4dead2\addons\sourcemod\scripting\l4d_info_editor.sp::LoadConfig
L 07/25/2025 - 19:30:05: [SM]   [3] Line 1182, C:\Servers\L4D2\left4dead2\addons\sourcemod\scripting\l4d_info_editor.sp::ResetPlugin
L 07/25/2025 - 19:30:05: [SM]   [4] Line 430, C:\Servers\L4D2\left4dead2\addons\sourcemod\scripting\l4d_info_editor.sp::OnPluginStart
L 07/25/2025 - 19:30:05: [SM] Unable to load plugin "l4d_info_editor.smx": Error detected in plugin startup (see error logs)
L 07/25/2025 - 21:06:01: SourceMod error session started
L 07/25/2025 - 21:06:01: Info (map "tumtara") (file "/home/steam/game_server/Left_4_Dead_2/left4dead2/addons/sourcemod/logs/errors_20250725.log")
L 07/25/2025 - 21:06:01: [SM] Failed to load plugin "nextmap.smx": Nextmap is incompatible with this game.
L 07/25/2025 - 21:06:01: [SM] Exception reported: Section declared without header on line 12, col 3 of addons/sourcemod/data/l4d_info_editor_weapons.cfg [5]
L 07/25/2025 - 21:06:01: [SM] Blaming: l4d_info_editor.smx
L 07/25/2025 - 21:06:01: [SM] Call stack trace:
L 07/25/2025 - 21:06:01: [SM]   [0] SetFailState
L 07/25/2025 - 21:06:01: [SM]   [1] Line 1288, C:\Servers\L4D2\left4dead2\addons\sourcemod\scripting\l4d_info_editor.sp::ParseConfigFile
L 07/25/2025 - 21:06:01: [SM]   [2] Line 1262, C:\Servers\L4D2\left4dead2\addons\sourcemod\scripting\l4d_info_editor.sp::LoadConfig
L 07/25/2025 - 21:06:01: [SM]   [3] Line 1182, C:\Servers\L4D2\left4dead2\addons\sourcemod\scripting\l4d_info_editor.sp::ResetPlugin
L 07/25/2025 - 21:06:01: [SM]   [4] Line 430, C:\Servers\L4D2\left4dead2\addons\sourcemod\scripting\l4d_info_editor.sp::OnPluginStart
L 07/25/2025 - 21:06:01: [SM] Unable to load plugin "l4d_info_editor.smx": Error detected in plugin startup (see error logs)
L 07/25/2025 - 21:08:28: SourceMod error session started
L 07/25/2025 - 21:08:28: Info (map "tumtara") (file "/home/steam/game_server/Left_4_Dead_2/left4dead2/addons/sourcemod/logs/errors_20250725.log")
L 07/25/2025 - 21:08:28: [SM] Failed to load plugin "nextmap.smx": Nextmap is incompatible with this game.
L 07/25/2025 - 21:20:17: SourceMod error session started
L 07/25/2025 - 21:20:17: Info (map "tumtara") (file "/home/steam/game_server/Left_4_Dead_2/left4dead2/addons/sourcemod/logs/errors_20250725.log")
L 07/25/2025 - 21:20:17: [SM] Failed to load plugin "nextmap.smx": Nextmap is incompatible with this game.
L 07/25/2025 - 21:22:02: SourceMod error session started
L 07/25/2025 - 21:22:02: Info (map "tumtara_items") (file "/home/steam/game_server/Left_4_Dead_2/left4dead2/addons/sourcemod/logs/errors_20250725.log")
L 07/25/2025 - 21:22:02: [SM] Failed to load plugin "nextmap.smx": Nextmap is incompatible with this game.
L 07/25/2025 - 21:22:41: SourceMod error session started
L 07/25/2025 - 21:22:41: Info (map "tumtara_items") (file "/home/steam/game_server/Left_4_Dead_2/left4dead2/addons/sourcemod/logs/errors_20250725.log")
L 07/25/2025 - 21:22:41: [SM] Failed to load plugin "nextmap.smx": Nextmap is incompatible with this game.
L 07/25/2025 - 21:39:05: Error log file session closed.
L 07/25/2025 - 21:44:22: SourceMod error session started
L 07/25/2025 - 21:44:22: Info (map "tumtara_items") (file "/home/steam/game_server/Left_4_Dead_2/left4dead2/addons/sourcemod/logs/errors_20250725.log")
L 07/25/2025 - 21:44:22: [SM] Failed to load plugin "nextmap.smx": Nextmap is incompatible with this game.
L 07/25/2025 - 21:45:23: Error log file session closed.
L 07/25/2025 - 23:02:18: SourceMod error session started
L 07/25/2025 - 23:02:18: Info (map "tumtara_items") (file "/home/steam/game_server/Left_4_Dead_2/left4dead2/addons/sourcemod/logs/errors_20250725.log")
L 07/25/2025 - 23:02:18: [SM] Failed to load plugin "nextmap.smx": Nextmap is incompatible with this game.
L 07/25/2025 - 23:04:25: Error log file session closed.
