L 06/22/2025 - 21:14:11: SourceMod log file session started (file "/home/user/servers/games/l4d2/left4dead2/addons/sourcemod/logs/L20250622.log") (Version "1.12.0.7207")
L 06/22/2025 - 21:14:11: [basecommands.smx] "Console<0><Console><Console>" changed cvar (cvar "net_splitpacket_maxrate") (value "30000")
L 06/22/2025 - 21:14:11: [basecommands.smx] "Console<0><Console><Console>" changed cvar (cvar "nb_update_frequency") (value "0.024")
L 06/22/2025 - 21:14:11: [basecommands.smx] "Console<0><Console><Console>" changed cvar (cvar "fps_max") (value "300")
L 06/22/2025 - 21:14:11: [basecommands.smx] "Console<0><Console><Console>" changed cvar (cvar "sv_minrate") (value "72000")
L 06/22/2025 - 21:14:11: [basecommands.smx] "Console<0><Console><Console>" changed cvar (cvar "sv_maxrate") (value "72000")
L 06/22/2025 - 21:14:11: [basecommands.smx] "Console<0><Console><Console>" changed cvar (cvar "sv_mincmdrate") (value "72")
L 06/22/2025 - 21:14:11: [basecommands.smx] "Console<0><Console><Console>" changed cvar (cvar "sv_maxcmdrate") (value "72")
L 06/22/2025 - 21:14:11: [basecommands.smx] "Console<0><Console><Console>" changed cvar (cvar "sv_minupdaterate") (value "72")
L 06/22/2025 - 21:14:11: [basecommands.smx] "Console<0><Console><Console>" changed cvar (cvar "sv_maxupdaterate") (value "72")
L 06/22/2025 - 21:14:11: [basecommands.smx] "Console<0><Console><Console>" changed cvar (cvar "sv_client_min_interp_ratio") (value "-1")
L 06/22/2025 - 21:14:11: [basecommands.smx] "Console<0><Console><Console>" changed cvar (cvar "sv_client_max_interp_ratio") (value "2")
L 06/22/2025 - 21:14:56: -------- Mapchange to c1m2_streets --------
L 06/22/2025 - 21:14:57: [basecommands.smx] "Console<0><Console><Console>" changed cvar (cvar "net_splitpacket_maxrate") (value "30000")
L 06/22/2025 - 21:14:57: [basecommands.smx] "Console<0><Console><Console>" changed cvar (cvar "nb_update_frequency") (value "0.024")
L 06/22/2025 - 21:14:57: [basecommands.smx] "Console<0><Console><Console>" changed cvar (cvar "fps_max") (value "300")
L 06/22/2025 - 21:14:57: [basecommands.smx] "Console<0><Console><Console>" changed cvar (cvar "sv_minrate") (value "72000")
L 06/22/2025 - 21:14:57: [basecommands.smx] "Console<0><Console><Console>" changed cvar (cvar "sv_maxrate") (value "72000")
L 06/22/2025 - 21:14:57: [basecommands.smx] "Console<0><Console><Console>" changed cvar (cvar "sv_mincmdrate") (value "72")
L 06/22/2025 - 21:14:57: [basecommands.smx] "Console<0><Console><Console>" changed cvar (cvar "sv_maxcmdrate") (value "72")
L 06/22/2025 - 21:14:57: [basecommands.smx] "Console<0><Console><Console>" changed cvar (cvar "sv_minupdaterate") (value "72")
L 06/22/2025 - 21:14:57: [basecommands.smx] "Console<0><Console><Console>" changed cvar (cvar "sv_maxupdaterate") (value "72")
L 06/22/2025 - 21:14:57: [basecommands.smx] "Console<0><Console><Console>" changed cvar (cvar "sv_client_min_interp_ratio") (value "-1")
L 06/22/2025 - 21:14:57: [basecommands.smx] "Console<0><Console><Console>" changed cvar (cvar "sv_client_max_interp_ratio") (value "2")
L 06/22/2025 - 21:15:02: -------- Mapchange to c1m2_streets --------
L 06/22/2025 - 21:15:03: [basecommands.smx] "Console<0><Console><Console>" changed cvar (cvar "net_splitpacket_maxrate") (value "30000")
L 06/22/2025 - 21:15:03: [basecommands.smx] "Console<0><Console><Console>" changed cvar (cvar "nb_update_frequency") (value "0.024")
L 06/22/2025 - 21:15:03: [basecommands.smx] "Console<0><Console><Console>" changed cvar (cvar "fps_max") (value "300")
L 06/22/2025 - 21:15:03: [basecommands.smx] "Console<0><Console><Console>" changed cvar (cvar "sv_minrate") (value "72000")
L 06/22/2025 - 21:15:03: [basecommands.smx] "Console<0><Console><Console>" changed cvar (cvar "sv_maxrate") (value "72000")
L 06/22/2025 - 21:15:03: [basecommands.smx] "Console<0><Console><Console>" changed cvar (cvar "sv_mincmdrate") (value "72")
L 06/22/2025 - 21:15:03: [basecommands.smx] "Console<0><Console><Console>" changed cvar (cvar "sv_maxcmdrate") (value "72")
L 06/22/2025 - 21:15:03: [basecommands.smx] "Console<0><Console><Console>" changed cvar (cvar "sv_minupdaterate") (value "72")
L 06/22/2025 - 21:15:03: [basecommands.smx] "Console<0><Console><Console>" changed cvar (cvar "sv_maxupdaterate") (value "72")
L 06/22/2025 - 21:15:03: [basecommands.smx] "Console<0><Console><Console>" changed cvar (cvar "sv_client_min_interp_ratio") (value "-1")
L 06/22/2025 - 21:15:03: [basecommands.smx] "Console<0><Console><Console>" changed cvar (cvar "sv_client_max_interp_ratio") (value "2")
L 06/22/2025 - 21:15:03: [UPDATER] Successfully updated gamedata file "sdktools.games/game.dod.txt"
L 06/22/2025 - 21:15:03: [UPDATER] Successfully updated gamedata file "sdktools.games/game.hl2mp.txt"
L 06/22/2025 - 21:15:03: [UPDATER] Successfully updated gamedata file "sdktools.games/game.cstrike.txt"
L 06/22/2025 - 21:15:03: [UPDATER] Successfully updated gamedata file "core.games/common.games.txt"
L 06/22/2025 - 21:15:03: [UPDATER] SourceMod has been updated, please reload it or restart your server.
L 06/22/2025 - 21:16:06: -------- Mapchange to c1m1_hotel --------
L 06/22/2025 - 21:16:06: [basecommands.smx] "Console<0><Console><Console>" changed cvar (cvar "net_splitpacket_maxrate") (value "30000")
L 06/22/2025 - 21:16:06: [basecommands.smx] "Console<0><Console><Console>" changed cvar (cvar "nb_update_frequency") (value "0.024")
L 06/22/2025 - 21:16:06: [basecommands.smx] "Console<0><Console><Console>" changed cvar (cvar "fps_max") (value "300")
L 06/22/2025 - 21:16:06: [basecommands.smx] "Console<0><Console><Console>" changed cvar (cvar "sv_minrate") (value "72000")
L 06/22/2025 - 21:16:06: [basecommands.smx] "Console<0><Console><Console>" changed cvar (cvar "sv_maxrate") (value "72000")
L 06/22/2025 - 21:16:06: [basecommands.smx] "Console<0><Console><Console>" changed cvar (cvar "sv_mincmdrate") (value "72")
L 06/22/2025 - 21:16:06: [basecommands.smx] "Console<0><Console><Console>" changed cvar (cvar "sv_maxcmdrate") (value "72")
L 06/22/2025 - 21:16:06: [basecommands.smx] "Console<0><Console><Console>" changed cvar (cvar "sv_minupdaterate") (value "72")
L 06/22/2025 - 21:16:06: [basecommands.smx] "Console<0><Console><Console>" changed cvar (cvar "sv_maxupdaterate") (value "72")
L 06/22/2025 - 21:16:06: [basecommands.smx] "Console<0><Console><Console>" changed cvar (cvar "sv_client_min_interp_ratio") (value "-1")
L 06/22/2025 - 21:16:06: [basecommands.smx] "Console<0><Console><Console>" changed cvar (cvar "sv_client_max_interp_ratio") (value "2")
