L 07/20/2025 - 08:18:24: SourceMod log file session started (file "/home/user/game_server/l4d2/left4dead2/addons/sourcemod/logs/L20250720.log") (Version "1.12.0.7207")
L 07/20/2025 - 08:18:24: [basecommands.smx] "Console<0><Console><Console>" changed cvar (cvar "net_splitpacket_maxrate") (value "30000")
L 07/20/2025 - 08:18:24: [basecommands.smx] "Console<0><Console><Console>" changed cvar (cvar "nb_update_frequency") (value "0.024")
L 07/20/2025 - 08:18:24: [basecommands.smx] "Console<0><Console><Console>" changed cvar (cvar "sv_minrate") (value "72000")
L 07/20/2025 - 08:18:24: [basecommands.smx] "Console<0><Console><Console>" changed cvar (cvar "sv_maxrate") (value "72000")
L 07/20/2025 - 08:18:24: [basecommands.smx] "Console<0><Console><Console>" changed cvar (cvar "sv_mincmdrate") (value "72")
L 07/20/2025 - 08:18:24: [basecommands.smx] "Console<0><Console><Console>" changed cvar (cvar "sv_maxcmdrate") (value "72")
L 07/20/2025 - 08:18:24: [basecommands.smx] "Console<0><Console><Console>" changed cvar (cvar "sv_minupdaterate") (value "72")
L 07/20/2025 - 08:18:24: [basecommands.smx] "Console<0><Console><Console>" changed cvar (cvar "sv_maxupdaterate") (value "72")
L 07/20/2025 - 08:18:24: [basecommands.smx] "Console<0><Console><Console>" changed cvar (cvar "sv_client_min_interp_ratio") (value "-1")
L 07/20/2025 - 08:18:24: [basecommands.smx] "Console<0><Console><Console>" changed cvar (cvar "sv_client_max_interp_ratio") (value "2")
L 07/20/2025 - 08:18:24: [basecommands.smx] "Console<0><Console><Console>" changed cvar (cvar "survivor_friendly_fire_factor_normal") (value "0.2")
L 07/20/2025 - 08:18:24: [basecommands.smx] "Console<0><Console><Console>" changed cvar (cvar "survivor_burn_factor_normal") (value "0.3")
L 07/20/2025 - 08:21:18: SourceMod log file session started (file "/home/user/game_server/l4d2/left4dead2/addons/sourcemod/logs/L20250720.log") (Version "1.12.0.7207")
L 07/20/2025 - 08:21:18: [basecommands.smx] "Console<0><Console><Console>" changed cvar (cvar "net_splitpacket_maxrate") (value "30000")
L 07/20/2025 - 08:21:18: [basecommands.smx] "Console<0><Console><Console>" changed cvar (cvar "nb_update_frequency") (value "0.024")
L 07/20/2025 - 08:21:18: [basecommands.smx] "Console<0><Console><Console>" changed cvar (cvar "sv_minrate") (value "72000")
L 07/20/2025 - 08:21:18: [basecommands.smx] "Console<0><Console><Console>" changed cvar (cvar "sv_maxrate") (value "72000")
L 07/20/2025 - 08:21:18: [basecommands.smx] "Console<0><Console><Console>" changed cvar (cvar "sv_mincmdrate") (value "72")
L 07/20/2025 - 08:21:18: [basecommands.smx] "Console<0><Console><Console>" changed cvar (cvar "sv_maxcmdrate") (value "72")
L 07/20/2025 - 08:21:18: [basecommands.smx] "Console<0><Console><Console>" changed cvar (cvar "sv_minupdaterate") (value "72")
L 07/20/2025 - 08:21:18: [basecommands.smx] "Console<0><Console><Console>" changed cvar (cvar "sv_maxupdaterate") (value "72")
L 07/20/2025 - 08:21:18: [basecommands.smx] "Console<0><Console><Console>" changed cvar (cvar "sv_client_min_interp_ratio") (value "-1")
L 07/20/2025 - 08:21:18: [basecommands.smx] "Console<0><Console><Console>" changed cvar (cvar "sv_client_max_interp_ratio") (value "2")
L 07/20/2025 - 08:21:18: [basecommands.smx] "Console<0><Console><Console>" changed cvar (cvar "survivor_friendly_fire_factor_normal") (value "0.2")
L 07/20/2025 - 08:21:18: [basecommands.smx] "Console<0><Console><Console>" changed cvar (cvar "survivor_burn_factor_normal") (value "0.3")
L 07/20/2025 - 08:21:57: -------- Mapchange to c1m2_streets --------
L 07/20/2025 - 08:21:59: [basecommands.smx] "Console<0><Console><Console>" changed cvar (cvar "net_splitpacket_maxrate") (value "30000")
L 07/20/2025 - 08:21:59: [basecommands.smx] "Console<0><Console><Console>" changed cvar (cvar "nb_update_frequency") (value "0.024")
L 07/20/2025 - 08:21:59: [basecommands.smx] "Console<0><Console><Console>" changed cvar (cvar "sv_minrate") (value "72000")
L 07/20/2025 - 08:21:59: [basecommands.smx] "Console<0><Console><Console>" changed cvar (cvar "sv_maxrate") (value "72000")
L 07/20/2025 - 08:21:59: [basecommands.smx] "Console<0><Console><Console>" changed cvar (cvar "sv_mincmdrate") (value "72")
L 07/20/2025 - 08:21:59: [basecommands.smx] "Console<0><Console><Console>" changed cvar (cvar "sv_maxcmdrate") (value "72")
L 07/20/2025 - 08:21:59: [basecommands.smx] "Console<0><Console><Console>" changed cvar (cvar "sv_minupdaterate") (value "72")
L 07/20/2025 - 08:21:59: [basecommands.smx] "Console<0><Console><Console>" changed cvar (cvar "sv_maxupdaterate") (value "72")
L 07/20/2025 - 08:21:59: [basecommands.smx] "Console<0><Console><Console>" changed cvar (cvar "sv_client_min_interp_ratio") (value "-1")
L 07/20/2025 - 08:21:59: [basecommands.smx] "Console<0><Console><Console>" changed cvar (cvar "sv_client_max_interp_ratio") (value "2")
L 07/20/2025 - 08:21:59: [basecommands.smx] "Console<0><Console><Console>" changed cvar (cvar "survivor_friendly_fire_factor_normal") (value "0.2")
L 07/20/2025 - 08:21:59: [basecommands.smx] "Console<0><Console><Console>" changed cvar (cvar "survivor_burn_factor_normal") (value "0.3")
L 07/20/2025 - 08:28:19: -------- Mapchange to c1m1_hotel --------
L 07/20/2025 - 08:28:21: [basecommands.smx] "Console<0><Console><Console>" changed cvar (cvar "net_splitpacket_maxrate") (value "30000")
L 07/20/2025 - 08:28:21: [basecommands.smx] "Console<0><Console><Console>" changed cvar (cvar "nb_update_frequency") (value "0.024")
L 07/20/2025 - 08:28:21: [basecommands.smx] "Console<0><Console><Console>" changed cvar (cvar "sv_minrate") (value "72000")
L 07/20/2025 - 08:28:21: [basecommands.smx] "Console<0><Console><Console>" changed cvar (cvar "sv_maxrate") (value "72000")
L 07/20/2025 - 08:28:21: [basecommands.smx] "Console<0><Console><Console>" changed cvar (cvar "sv_mincmdrate") (value "72")
L 07/20/2025 - 08:28:21: [basecommands.smx] "Console<0><Console><Console>" changed cvar (cvar "sv_maxcmdrate") (value "72")
L 07/20/2025 - 08:28:21: [basecommands.smx] "Console<0><Console><Console>" changed cvar (cvar "sv_minupdaterate") (value "72")
L 07/20/2025 - 08:28:21: [basecommands.smx] "Console<0><Console><Console>" changed cvar (cvar "sv_maxupdaterate") (value "72")
L 07/20/2025 - 08:28:21: [basecommands.smx] "Console<0><Console><Console>" changed cvar (cvar "sv_client_min_interp_ratio") (value "-1")
L 07/20/2025 - 08:28:21: [basecommands.smx] "Console<0><Console><Console>" changed cvar (cvar "sv_client_max_interp_ratio") (value "2")
L 07/20/2025 - 08:28:21: [basecommands.smx] "Console<0><Console><Console>" changed cvar (cvar "survivor_friendly_fire_factor_normal") (value "0.2")
L 07/20/2025 - 08:28:21: [basecommands.smx] "Console<0><Console><Console>" changed cvar (cvar "survivor_burn_factor_normal") (value "0.3")
L 07/20/2025 - 08:28:25: Log file closed.
