L 12/23/2025 - 18:50:36: SourceMod log file session started (file "/home/user/game_server/Left_4_Dead_2/left4dead2/addons/sourcemod/logs/L20251223.log") (Version "1.12.0.7207")
L 12/23/2025 - 18:50:36: [basecommands.smx] "Console<0><Console><Console>" changed cvar (cvar "z_difficulty") (value "hard")
L 12/23/2025 - 18:50:36: [basecommands.smx] "Console<0><Console><Console>" changed cvar (cvar "survivor_friendly_fire_factor_hard") (value "0.2")
L 12/23/2025 - 18:50:36: [basecommands.smx] "Console<0><Console><Console>" changed cvar (cvar "survivor_burn_factor_hard") (value "0.5")
L 12/23/2025 - 18:50:36: [basecommands.smx] "Console<0><Console><Console>" changed cvar (cvar "fps_max") (value "144")
L 12/23/2025 - 18:50:36: [basecommands.smx] "Console<0><Console><Console>" changed cvar (cvar "net_splitpacket_maxrate") (value "32000")
L 12/23/2025 - 18:50:36: [basecommands.smx] "Console<0><Console><Console>" changed cvar (cvar "nb_update_frequency") (value "0.024")
L 12/23/2025 - 18:50:36: [basecommands.smx] "Console<0><Console><Console>" changed cvar (cvar "sv_minrate") (value "64000")
L 12/23/2025 - 18:50:36: [basecommands.smx] "Console<0><Console><Console>" changed cvar (cvar "sv_maxrate") (value "64000")
L 12/23/2025 - 18:50:36: [basecommands.smx] "Console<0><Console><Console>" changed cvar (cvar "sv_mincmdrate") (value "64")
L 12/23/2025 - 18:50:36: [basecommands.smx] "Console<0><Console><Console>" changed cvar (cvar "sv_maxcmdrate") (value "64")
L 12/23/2025 - 18:50:36: [basecommands.smx] "Console<0><Console><Console>" changed cvar (cvar "sv_minupdaterate") (value "64")
L 12/23/2025 - 18:50:36: [basecommands.smx] "Console<0><Console><Console>" changed cvar (cvar "sv_maxupdaterate") (value "64")
L 12/23/2025 - 18:50:36: [basecommands.smx] "Console<0><Console><Console>" changed cvar (cvar "sv_client_min_interp_ratio") (value "-1")
L 12/23/2025 - 18:50:36: [basecommands.smx] "Console<0><Console><Console>" changed cvar (cvar "sv_client_max_interp_ratio") (value "2")
L 12/23/2025 - 18:52:43: SourceMod log file session started (file "/home/user/game_server/Left_4_Dead_2/left4dead2/addons/sourcemod/logs/L20251223.log") (Version "1.12.0.7207")
L 12/23/2025 - 18:52:43: [basecommands.smx] "Console<0><Console><Console>" changed cvar (cvar "z_difficulty") (value "hard")
L 12/23/2025 - 18:52:43: [basecommands.smx] "Console<0><Console><Console>" changed cvar (cvar "survivor_friendly_fire_factor_hard") (value "0.2")
L 12/23/2025 - 18:52:43: [basecommands.smx] "Console<0><Console><Console>" changed cvar (cvar "survivor_burn_factor_hard") (value "0.5")
L 12/23/2025 - 18:52:43: [basecommands.smx] "Console<0><Console><Console>" changed cvar (cvar "fps_max") (value "144")
L 12/23/2025 - 18:52:43: [basecommands.smx] "Console<0><Console><Console>" changed cvar (cvar "net_splitpacket_maxrate") (value "32000")
L 12/23/2025 - 18:52:43: [basecommands.smx] "Console<0><Console><Console>" changed cvar (cvar "nb_update_frequency") (value "0.024")
L 12/23/2025 - 18:52:43: [basecommands.smx] "Console<0><Console><Console>" changed cvar (cvar "sv_minrate") (value "64000")
L 12/23/2025 - 18:52:43: [basecommands.smx] "Console<0><Console><Console>" changed cvar (cvar "sv_maxrate") (value "64000")
L 12/23/2025 - 18:52:43: [basecommands.smx] "Console<0><Console><Console>" changed cvar (cvar "sv_mincmdrate") (value "64")
L 12/23/2025 - 18:52:43: [basecommands.smx] "Console<0><Console><Console>" changed cvar (cvar "sv_maxcmdrate") (value "64")
L 12/23/2025 - 18:52:43: [basecommands.smx] "Console<0><Console><Console>" changed cvar (cvar "sv_minupdaterate") (value "64")
L 12/23/2025 - 18:52:43: [basecommands.smx] "Console<0><Console><Console>" changed cvar (cvar "sv_maxupdaterate") (value "64")
L 12/23/2025 - 18:52:43: [basecommands.smx] "Console<0><Console><Console>" changed cvar (cvar "sv_client_min_interp_ratio") (value "-1")
L 12/23/2025 - 18:52:43: [basecommands.smx] "Console<0><Console><Console>" changed cvar (cvar "sv_client_max_interp_ratio") (value "2")
L 12/23/2025 - 19:16:30: SourceMod log file session started (file "/home/user/game_server/Left_4_Dead_2/left4dead2/addons/sourcemod/logs/L20251223.log") (Version "1.12.0.7207")
L 12/23/2025 - 19:16:30: [basecommands.smx] "Console<0><Console><Console>" changed cvar (cvar "z_difficulty") (value "hard")
L 12/23/2025 - 19:16:30: [basecommands.smx] "Console<0><Console><Console>" changed cvar (cvar "survivor_friendly_fire_factor_hard") (value "0.2")
L 12/23/2025 - 19:16:30: [basecommands.smx] "Console<0><Console><Console>" changed cvar (cvar "survivor_burn_factor_hard") (value "0.5")
L 12/23/2025 - 19:16:30: [basecommands.smx] "Console<0><Console><Console>" changed cvar (cvar "fps_max") (value "144")
L 12/23/2025 - 19:16:30: [basecommands.smx] "Console<0><Console><Console>" changed cvar (cvar "net_splitpacket_maxrate") (value "32000")
L 12/23/2025 - 19:16:30: [basecommands.smx] "Console<0><Console><Console>" changed cvar (cvar "nb_update_frequency") (value "0.024")
L 12/23/2025 - 19:16:30: [basecommands.smx] "Console<0><Console><Console>" changed cvar (cvar "sv_minrate") (value "64000")
L 12/23/2025 - 19:16:30: [basecommands.smx] "Console<0><Console><Console>" changed cvar (cvar "sv_maxrate") (value "64000")
L 12/23/2025 - 19:16:30: [basecommands.smx] "Console<0><Console><Console>" changed cvar (cvar "sv_mincmdrate") (value "64")
L 12/23/2025 - 19:16:30: [basecommands.smx] "Console<0><Console><Console>" changed cvar (cvar "sv_maxcmdrate") (value "64")
L 12/23/2025 - 19:16:30: [basecommands.smx] "Console<0><Console><Console>" changed cvar (cvar "sv_minupdaterate") (value "64")
L 12/23/2025 - 19:16:30: [basecommands.smx] "Console<0><Console><Console>" changed cvar (cvar "sv_maxupdaterate") (value "64")
L 12/23/2025 - 19:16:30: [basecommands.smx] "Console<0><Console><Console>" changed cvar (cvar "sv_client_min_interp_ratio") (value "-1")
L 12/23/2025 - 19:16:30: [basecommands.smx] "Console<0><Console><Console>" changed cvar (cvar "sv_client_max_interp_ratio") (value "2")
L 12/23/2025 - 19:17:25: [UPDATER] Successfully updated gamedata file "sm-tf2.games.txt"
L 12/23/2025 - 19:17:25: [UPDATER] Successfully updated gamedata file "sdktools.games/game.synergy.txt"
L 12/23/2025 - 19:17:25: [UPDATER] Successfully updated gamedata file "sdktools.games/game.dod.txt"
L 12/23/2025 - 19:17:25: [UPDATER] Successfully updated gamedata file "sdktools.games/game.treason.txt"
L 12/23/2025 - 19:17:25: [UPDATER] Successfully updated gamedata file "sdktools.games/game.zpanic.txt"
L 12/23/2025 - 19:17:25: [UPDATER] Successfully updated gamedata file "sdktools.games/master.games.txt"
L 12/23/2025 - 19:17:25: [UPDATER] Successfully updated gamedata file "sdktools.games/game.dystopia.txt"
L 12/23/2025 - 19:17:25: [UPDATER] Successfully updated gamedata file "sdkhooks.games/game.synergy.txt"
L 12/23/2025 - 19:17:25: [UPDATER] Successfully updated gamedata file "sdkhooks.games/game.treason.txt"
L 12/23/2025 - 19:17:25: [UPDATER] Successfully updated gamedata file "sdkhooks.games/game.zpanic.txt"
L 12/23/2025 - 19:17:25: [UPDATER] Successfully updated gamedata file "sdkhooks.games/master.games.txt"
L 12/23/2025 - 19:17:25: [UPDATER] Successfully updated gamedata file "core.games/common.games.txt"
L 12/23/2025 - 19:17:25: [UPDATER] SourceMod has been updated, please reload it or restart your server.
L 12/23/2025 - 19:18:12: -------- Mapchange to c1m1_hotel --------
L 12/23/2025 - 19:18:12: [basecommands.smx] "Console<0><Console><Console>" changed cvar (cvar "z_difficulty") (value "hard")
L 12/23/2025 - 19:18:12: [basecommands.smx] "Console<0><Console><Console>" changed cvar (cvar "survivor_friendly_fire_factor_hard") (value "0.2")
L 12/23/2025 - 19:18:12: [basecommands.smx] "Console<0><Console><Console>" changed cvar (cvar "survivor_burn_factor_hard") (value "0.5")
L 12/23/2025 - 19:18:12: [basecommands.smx] "Console<0><Console><Console>" changed cvar (cvar "fps_max") (value "144")
L 12/23/2025 - 19:18:12: [basecommands.smx] "Console<0><Console><Console>" changed cvar (cvar "net_splitpacket_maxrate") (value "32000")
L 12/23/2025 - 19:18:12: [basecommands.smx] "Console<0><Console><Console>" changed cvar (cvar "nb_update_frequency") (value "0.024")
L 12/23/2025 - 19:18:12: [basecommands.smx] "Console<0><Console><Console>" changed cvar (cvar "sv_minrate") (value "64000")
L 12/23/2025 - 19:18:12: [basecommands.smx] "Console<0><Console><Console>" changed cvar (cvar "sv_maxrate") (value "64000")
L 12/23/2025 - 19:18:12: [basecommands.smx] "Console<0><Console><Console>" changed cvar (cvar "sv_mincmdrate") (value "64")
L 12/23/2025 - 19:18:12: [basecommands.smx] "Console<0><Console><Console>" changed cvar (cvar "sv_maxcmdrate") (value "64")
L 12/23/2025 - 19:18:12: [basecommands.smx] "Console<0><Console><Console>" changed cvar (cvar "sv_minupdaterate") (value "64")
L 12/23/2025 - 19:18:12: [basecommands.smx] "Console<0><Console><Console>" changed cvar (cvar "sv_maxupdaterate") (value "64")
L 12/23/2025 - 19:18:12: [basecommands.smx] "Console<0><Console><Console>" changed cvar (cvar "sv_client_min_interp_ratio") (value "-1")
L 12/23/2025 - 19:18:12: [basecommands.smx] "Console<0><Console><Console>" changed cvar (cvar "sv_client_max_interp_ratio") (value "2")
L 12/23/2025 - 19:18:23: Log file closed.
L 12/23/2025 - 19:36:56: SourceMod log file session started (file "/home/user/game_server/Left_4_Dead_2/left4dead2/addons/sourcemod/logs/L20251223.log") (Version "1.12.0.7207")
L 12/23/2025 - 19:36:56: [basecommands.smx] "Console<0><Console><Console>" changed cvar (cvar "z_difficulty") (value "hard")
L 12/23/2025 - 19:36:56: [basecommands.smx] "Console<0><Console><Console>" changed cvar (cvar "survivor_friendly_fire_factor_hard") (value "0.2")
L 12/23/2025 - 19:36:56: [basecommands.smx] "Console<0><Console><Console>" changed cvar (cvar "survivor_burn_factor_hard") (value "0.5")
L 12/23/2025 - 19:36:56: [basecommands.smx] "Console<0><Console><Console>" changed cvar (cvar "fps_max") (value "144")
L 12/23/2025 - 19:36:56: [basecommands.smx] "Console<0><Console><Console>" changed cvar (cvar "net_splitpacket_maxrate") (value "32000")
L 12/23/2025 - 19:36:56: [basecommands.smx] "Console<0><Console><Console>" changed cvar (cvar "nb_update_frequency") (value "0.024")
L 12/23/2025 - 19:36:56: [basecommands.smx] "Console<0><Console><Console>" changed cvar (cvar "sv_minrate") (value "64000")
L 12/23/2025 - 19:36:56: [basecommands.smx] "Console<0><Console><Console>" changed cvar (cvar "sv_maxrate") (value "64000")
L 12/23/2025 - 19:36:56: [basecommands.smx] "Console<0><Console><Console>" changed cvar (cvar "sv_mincmdrate") (value "64")
L 12/23/2025 - 19:36:56: [basecommands.smx] "Console<0><Console><Console>" changed cvar (cvar "sv_maxcmdrate") (value "64")
L 12/23/2025 - 19:36:56: [basecommands.smx] "Console<0><Console><Console>" changed cvar (cvar "sv_minupdaterate") (value "64")
L 12/23/2025 - 19:36:56: [basecommands.smx] "Console<0><Console><Console>" changed cvar (cvar "sv_maxupdaterate") (value "64")
L 12/23/2025 - 19:36:56: [basecommands.smx] "Console<0><Console><Console>" changed cvar (cvar "sv_client_min_interp_ratio") (value "-1")
L 12/23/2025 - 19:36:56: [basecommands.smx] "Console<0><Console><Console>" changed cvar (cvar "sv_client_max_interp_ratio") (value "2")
L 12/23/2025 - 19:38:39: -------- Mapchange to c1m1_hotel --------
L 12/23/2025 - 19:38:40: [basecommands.smx] "Console<0><Console><Console>" changed cvar (cvar "z_difficulty") (value "hard")
L 12/23/2025 - 19:38:40: [basecommands.smx] "Console<0><Console><Console>" changed cvar (cvar "survivor_friendly_fire_factor_hard") (value "0.2")
L 12/23/2025 - 19:38:40: [basecommands.smx] "Console<0><Console><Console>" changed cvar (cvar "survivor_burn_factor_hard") (value "0.5")
L 12/23/2025 - 19:38:40: [basecommands.smx] "Console<0><Console><Console>" changed cvar (cvar "fps_max") (value "144")
L 12/23/2025 - 19:38:40: [basecommands.smx] "Console<0><Console><Console>" changed cvar (cvar "net_splitpacket_maxrate") (value "32000")
L 12/23/2025 - 19:38:40: [basecommands.smx] "Console<0><Console><Console>" changed cvar (cvar "nb_update_frequency") (value "0.024")
L 12/23/2025 - 19:38:40: [basecommands.smx] "Console<0><Console><Console>" changed cvar (cvar "sv_minrate") (value "64000")
L 12/23/2025 - 19:38:40: [basecommands.smx] "Console<0><Console><Console>" changed cvar (cvar "sv_maxrate") (value "64000")
L 12/23/2025 - 19:38:40: [basecommands.smx] "Console<0><Console><Console>" changed cvar (cvar "sv_mincmdrate") (value "64")
L 12/23/2025 - 19:38:40: [basecommands.smx] "Console<0><Console><Console>" changed cvar (cvar "sv_maxcmdrate") (value "64")
L 12/23/2025 - 19:38:40: [basecommands.smx] "Console<0><Console><Console>" changed cvar (cvar "sv_minupdaterate") (value "64")
L 12/23/2025 - 19:38:40: [basecommands.smx] "Console<0><Console><Console>" changed cvar (cvar "sv_maxupdaterate") (value "64")
L 12/23/2025 - 19:38:40: [basecommands.smx] "Console<0><Console><Console>" changed cvar (cvar "sv_client_min_interp_ratio") (value "-1")
L 12/23/2025 - 19:38:40: [basecommands.smx] "Console<0><Console><Console>" changed cvar (cvar "sv_client_max_interp_ratio") (value "2")
L 12/23/2025 - 19:38:45: Log file closed.
L 12/23/2025 - 22:02:46: SourceMod log file session started (file "/home/user/game_server/Left_4_Dead_2/left4dead2/addons/sourcemod/logs/L20251223.log") (Version "1.12.0.7207")
L 12/23/2025 - 22:02:46: [basecommands.smx] "Console<0><Console><Console>" changed cvar (cvar "z_difficulty") (value "hard")
L 12/23/2025 - 22:02:46: [basecommands.smx] "Console<0><Console><Console>" changed cvar (cvar "survivor_friendly_fire_factor_hard") (value "0.2")
L 12/23/2025 - 22:02:46: [basecommands.smx] "Console<0><Console><Console>" changed cvar (cvar "survivor_burn_factor_hard") (value "0.5")
L 12/23/2025 - 22:02:46: [basecommands.smx] "Console<0><Console><Console>" changed cvar (cvar "fps_max") (value "144")
L 12/23/2025 - 22:02:46: [basecommands.smx] "Console<0><Console><Console>" changed cvar (cvar "net_splitpacket_maxrate") (value "32000")
L 12/23/2025 - 22:02:46: [basecommands.smx] "Console<0><Console><Console>" changed cvar (cvar "nb_update_frequency") (value "0.024")
L 12/23/2025 - 22:02:46: [basecommands.smx] "Console<0><Console><Console>" changed cvar (cvar "sv_minrate") (value "64000")
L 12/23/2025 - 22:02:46: [basecommands.smx] "Console<0><Console><Console>" changed cvar (cvar "sv_maxrate") (value "64000")
L 12/23/2025 - 22:02:46: [basecommands.smx] "Console<0><Console><Console>" changed cvar (cvar "sv_mincmdrate") (value "64")
L 12/23/2025 - 22:02:46: [basecommands.smx] "Console<0><Console><Console>" changed cvar (cvar "sv_maxcmdrate") (value "64")
L 12/23/2025 - 22:02:46: [basecommands.smx] "Console<0><Console><Console>" changed cvar (cvar "sv_minupdaterate") (value "64")
L 12/23/2025 - 22:02:46: [basecommands.smx] "Console<0><Console><Console>" changed cvar (cvar "sv_maxupdaterate") (value "64")
L 12/23/2025 - 22:02:46: [basecommands.smx] "Console<0><Console><Console>" changed cvar (cvar "sv_client_min_interp_ratio") (value "-1")
L 12/23/2025 - 22:02:46: [basecommands.smx] "Console<0><Console><Console>" changed cvar (cvar "sv_client_max_interp_ratio") (value "2")
L 12/23/2025 - 22:06:19: -------- Mapchange to c1m1_hotel --------
L 12/23/2025 - 22:06:20: [basecommands.smx] "Console<0><Console><Console>" changed cvar (cvar "z_difficulty") (value "hard")
L 12/23/2025 - 22:06:20: [basecommands.smx] "Console<0><Console><Console>" changed cvar (cvar "survivor_friendly_fire_factor_hard") (value "0.2")
L 12/23/2025 - 22:06:20: [basecommands.smx] "Console<0><Console><Console>" changed cvar (cvar "survivor_burn_factor_hard") (value "0.5")
L 12/23/2025 - 22:06:20: [basecommands.smx] "Console<0><Console><Console>" changed cvar (cvar "fps_max") (value "144")
L 12/23/2025 - 22:06:20: [basecommands.smx] "Console<0><Console><Console>" changed cvar (cvar "net_splitpacket_maxrate") (value "32000")
L 12/23/2025 - 22:06:20: [basecommands.smx] "Console<0><Console><Console>" changed cvar (cvar "nb_update_frequency") (value "0.024")
L 12/23/2025 - 22:06:20: [basecommands.smx] "Console<0><Console><Console>" changed cvar (cvar "sv_minrate") (value "64000")
L 12/23/2025 - 22:06:20: [basecommands.smx] "Console<0><Console><Console>" changed cvar (cvar "sv_maxrate") (value "64000")
L 12/23/2025 - 22:06:20: [basecommands.smx] "Console<0><Console><Console>" changed cvar (cvar "sv_mincmdrate") (value "64")
L 12/23/2025 - 22:06:20: [basecommands.smx] "Console<0><Console><Console>" changed cvar (cvar "sv_maxcmdrate") (value "64")
L 12/23/2025 - 22:06:20: [basecommands.smx] "Console<0><Console><Console>" changed cvar (cvar "sv_minupdaterate") (value "64")
L 12/23/2025 - 22:06:20: [basecommands.smx] "Console<0><Console><Console>" changed cvar (cvar "sv_maxupdaterate") (value "64")
L 12/23/2025 - 22:06:20: [basecommands.smx] "Console<0><Console><Console>" changed cvar (cvar "sv_client_min_interp_ratio") (value "-1")
L 12/23/2025 - 22:06:20: [basecommands.smx] "Console<0><Console><Console>" changed cvar (cvar "sv_client_max_interp_ratio") (value "2")
L 12/23/2025 - 22:10:53: Log file closed.
