L 07/15/2025 - 20:53:47: SourceMod log file session started (file "/home/steam/game_servers/l4d2/left4dead2/addons/sourcemod/logs/L20250715.log") (Version "1.12.0.7207")
L 07/15/2025 - 20:53:47: [basecommands.smx] "Console<0><Console><Console>" changed cvar (cvar "net_splitpacket_maxrate") (value "30000")
L 07/15/2025 - 20:53:47: [basecommands.smx] "Console<0><Console><Console>" changed cvar (cvar "nb_update_frequency") (value "0.024")
L 07/15/2025 - 20:53:47: [basecommands.smx] "Console<0><Console><Console>" changed cvar (cvar "fps_max") (value "300")
L 07/15/2025 - 20:53:47: [basecommands.smx] "Console<0><Console><Console>" changed cvar (cvar "sv_minrate") (value "72000")
L 07/15/2025 - 20:53:47: [basecommands.smx] "Console<0><Console><Console>" changed cvar (cvar "sv_maxrate") (value "72000")
L 07/15/2025 - 20:53:47: [basecommands.smx] "Console<0><Console><Console>" changed cvar (cvar "sv_mincmdrate") (value "72")
L 07/15/2025 - 20:53:47: [basecommands.smx] "Console<0><Console><Console>" changed cvar (cvar "sv_maxcmdrate") (value "72")
L 07/15/2025 - 20:53:47: [basecommands.smx] "Console<0><Console><Console>" changed cvar (cvar "sv_minupdaterate") (value "72")
L 07/15/2025 - 20:53:47: [basecommands.smx] "Console<0><Console><Console>" changed cvar (cvar "sv_maxupdaterate") (value "72")
L 07/15/2025 - 20:53:47: [basecommands.smx] "Console<0><Console><Console>" changed cvar (cvar "sv_client_min_interp_ratio") (value "-1")
L 07/15/2025 - 20:53:47: [basecommands.smx] "Console<0><Console><Console>" changed cvar (cvar "sv_client_max_interp_ratio") (value "2")
L 07/15/2025 - 20:58:05: -------- Mapchange to c1m2_streets --------
L 07/15/2025 - 20:58:07: [UPDATER] Successfully updated gamedata file "core.games/common.games.txt"
L 07/15/2025 - 20:58:07: [UPDATER] SourceMod has been updated, please reload it or restart your server.
L 07/15/2025 - 20:58:07: [basecommands.smx] "Console<0><Console><Console>" changed cvar (cvar "net_splitpacket_maxrate") (value "30000")
L 07/15/2025 - 20:58:07: [basecommands.smx] "Console<0><Console><Console>" changed cvar (cvar "nb_update_frequency") (value "0.024")
L 07/15/2025 - 20:58:07: [basecommands.smx] "Console<0><Console><Console>" changed cvar (cvar "fps_max") (value "300")
L 07/15/2025 - 20:58:07: [basecommands.smx] "Console<0><Console><Console>" changed cvar (cvar "sv_minrate") (value "72000")
L 07/15/2025 - 20:58:07: [basecommands.smx] "Console<0><Console><Console>" changed cvar (cvar "sv_maxrate") (value "72000")
L 07/15/2025 - 20:58:07: [basecommands.smx] "Console<0><Console><Console>" changed cvar (cvar "sv_mincmdrate") (value "72")
L 07/15/2025 - 20:58:07: [basecommands.smx] "Console<0><Console><Console>" changed cvar (cvar "sv_maxcmdrate") (value "72")
L 07/15/2025 - 20:58:07: [basecommands.smx] "Console<0><Console><Console>" changed cvar (cvar "sv_minupdaterate") (value "72")
L 07/15/2025 - 20:58:07: [basecommands.smx] "Console<0><Console><Console>" changed cvar (cvar "sv_maxupdaterate") (value "72")
L 07/15/2025 - 20:58:07: [basecommands.smx] "Console<0><Console><Console>" changed cvar (cvar "sv_client_min_interp_ratio") (value "-1")
L 07/15/2025 - 20:58:07: [basecommands.smx] "Console<0><Console><Console>" changed cvar (cvar "sv_client_max_interp_ratio") (value "2")
L 07/15/2025 - 21:00:00: -------- Mapchange to c1m1_hotel --------
L 07/15/2025 - 21:00:01: [basecommands.smx] "Console<0><Console><Console>" changed cvar (cvar "net_splitpacket_maxrate") (value "30000")
L 07/15/2025 - 21:00:01: [basecommands.smx] "Console<0><Console><Console>" changed cvar (cvar "nb_update_frequency") (value "0.024")
L 07/15/2025 - 21:00:01: [basecommands.smx] "Console<0><Console><Console>" changed cvar (cvar "fps_max") (value "300")
L 07/15/2025 - 21:00:01: [basecommands.smx] "Console<0><Console><Console>" changed cvar (cvar "sv_minrate") (value "72000")
L 07/15/2025 - 21:00:01: [basecommands.smx] "Console<0><Console><Console>" changed cvar (cvar "sv_maxrate") (value "72000")
L 07/15/2025 - 21:00:01: [basecommands.smx] "Console<0><Console><Console>" changed cvar (cvar "sv_mincmdrate") (value "72")
L 07/15/2025 - 21:00:01: [basecommands.smx] "Console<0><Console><Console>" changed cvar (cvar "sv_maxcmdrate") (value "72")
L 07/15/2025 - 21:00:01: [basecommands.smx] "Console<0><Console><Console>" changed cvar (cvar "sv_minupdaterate") (value "72")
L 07/15/2025 - 21:00:01: [basecommands.smx] "Console<0><Console><Console>" changed cvar (cvar "sv_maxupdaterate") (value "72")
L 07/15/2025 - 21:00:01: [basecommands.smx] "Console<0><Console><Console>" changed cvar (cvar "sv_client_min_interp_ratio") (value "-1")
L 07/15/2025 - 21:00:01: [basecommands.smx] "Console<0><Console><Console>" changed cvar (cvar "sv_client_max_interp_ratio") (value "2")
L 07/15/2025 - 21:16:42: -------- Mapchange to requiem_01 --------
L 07/15/2025 - 21:16:44: [basecommands.smx] "Console<0><Console><Console>" changed cvar (cvar "net_splitpacket_maxrate") (value "30000")
L 07/15/2025 - 21:16:44: [basecommands.smx] "Console<0><Console><Console>" changed cvar (cvar "nb_update_frequency") (value "0.024")
L 07/15/2025 - 21:16:44: [basecommands.smx] "Console<0><Console><Console>" changed cvar (cvar "fps_max") (value "300")
L 07/15/2025 - 21:16:44: [basecommands.smx] "Console<0><Console><Console>" changed cvar (cvar "sv_minrate") (value "72000")
L 07/15/2025 - 21:16:44: [basecommands.smx] "Console<0><Console><Console>" changed cvar (cvar "sv_maxrate") (value "72000")
L 07/15/2025 - 21:16:44: [basecommands.smx] "Console<0><Console><Console>" changed cvar (cvar "sv_mincmdrate") (value "72")
L 07/15/2025 - 21:16:44: [basecommands.smx] "Console<0><Console><Console>" changed cvar (cvar "sv_maxcmdrate") (value "72")
L 07/15/2025 - 21:16:44: [basecommands.smx] "Console<0><Console><Console>" changed cvar (cvar "sv_minupdaterate") (value "72")
L 07/15/2025 - 21:16:44: [basecommands.smx] "Console<0><Console><Console>" changed cvar (cvar "sv_maxupdaterate") (value "72")
L 07/15/2025 - 21:16:44: [basecommands.smx] "Console<0><Console><Console>" changed cvar (cvar "sv_client_min_interp_ratio") (value "-1")
L 07/15/2025 - 21:16:44: [basecommands.smx] "Console<0><Console><Console>" changed cvar (cvar "sv_client_max_interp_ratio") (value "2")
L 07/15/2025 - 21:18:12: -------- Mapchange to requiem_01 --------
L 07/15/2025 - 21:18:14: [basecommands.smx] "Console<0><Console><Console>" changed cvar (cvar "net_splitpacket_maxrate") (value "30000")
L 07/15/2025 - 21:18:14: [basecommands.smx] "Console<0><Console><Console>" changed cvar (cvar "nb_update_frequency") (value "0.024")
L 07/15/2025 - 21:18:14: [basecommands.smx] "Console<0><Console><Console>" changed cvar (cvar "fps_max") (value "300")
L 07/15/2025 - 21:18:14: [basecommands.smx] "Console<0><Console><Console>" changed cvar (cvar "sv_minrate") (value "72000")
L 07/15/2025 - 21:18:14: [basecommands.smx] "Console<0><Console><Console>" changed cvar (cvar "sv_maxrate") (value "72000")
L 07/15/2025 - 21:18:14: [basecommands.smx] "Console<0><Console><Console>" changed cvar (cvar "sv_mincmdrate") (value "72")
L 07/15/2025 - 21:18:14: [basecommands.smx] "Console<0><Console><Console>" changed cvar (cvar "sv_maxcmdrate") (value "72")
L 07/15/2025 - 21:18:14: [basecommands.smx] "Console<0><Console><Console>" changed cvar (cvar "sv_minupdaterate") (value "72")
L 07/15/2025 - 21:18:14: [basecommands.smx] "Console<0><Console><Console>" changed cvar (cvar "sv_maxupdaterate") (value "72")
L 07/15/2025 - 21:18:14: [basecommands.smx] "Console<0><Console><Console>" changed cvar (cvar "sv_client_min_interp_ratio") (value "-1")
L 07/15/2025 - 21:18:14: [basecommands.smx] "Console<0><Console><Console>" changed cvar (cvar "sv_client_max_interp_ratio") (value "2")
L 07/15/2025 - 21:26:51: -------- Mapchange to navigation_map01 --------
L 07/15/2025 - 21:26:54: [basecommands.smx] "Console<0><Console><Console>" changed cvar (cvar "net_splitpacket_maxrate") (value "30000")
L 07/15/2025 - 21:26:54: [basecommands.smx] "Console<0><Console><Console>" changed cvar (cvar "nb_update_frequency") (value "0.024")
L 07/15/2025 - 21:26:54: [basecommands.smx] "Console<0><Console><Console>" changed cvar (cvar "fps_max") (value "300")
L 07/15/2025 - 21:26:54: [basecommands.smx] "Console<0><Console><Console>" changed cvar (cvar "sv_minrate") (value "72000")
L 07/15/2025 - 21:26:54: [basecommands.smx] "Console<0><Console><Console>" changed cvar (cvar "sv_maxrate") (value "72000")
L 07/15/2025 - 21:26:54: [basecommands.smx] "Console<0><Console><Console>" changed cvar (cvar "sv_mincmdrate") (value "72")
L 07/15/2025 - 21:26:54: [basecommands.smx] "Console<0><Console><Console>" changed cvar (cvar "sv_maxcmdrate") (value "72")
L 07/15/2025 - 21:26:54: [basecommands.smx] "Console<0><Console><Console>" changed cvar (cvar "sv_minupdaterate") (value "72")
L 07/15/2025 - 21:26:54: [basecommands.smx] "Console<0><Console><Console>" changed cvar (cvar "sv_maxupdaterate") (value "72")
L 07/15/2025 - 21:26:54: [basecommands.smx] "Console<0><Console><Console>" changed cvar (cvar "sv_client_min_interp_ratio") (value "-1")
L 07/15/2025 - 21:26:54: [basecommands.smx] "Console<0><Console><Console>" changed cvar (cvar "sv_client_max_interp_ratio") (value "2")
L 07/15/2025 - 21:52:16: -------- Mapchange to navigation_map02 --------
L 07/15/2025 - 21:52:17: [basecommands.smx] "Console<0><Console><Console>" changed cvar (cvar "net_splitpacket_maxrate") (value "30000")
L 07/15/2025 - 21:52:17: [basecommands.smx] "Console<0><Console><Console>" changed cvar (cvar "nb_update_frequency") (value "0.024")
L 07/15/2025 - 21:52:17: [basecommands.smx] "Console<0><Console><Console>" changed cvar (cvar "fps_max") (value "300")
L 07/15/2025 - 21:52:17: [basecommands.smx] "Console<0><Console><Console>" changed cvar (cvar "sv_minrate") (value "72000")
L 07/15/2025 - 21:52:17: [basecommands.smx] "Console<0><Console><Console>" changed cvar (cvar "sv_maxrate") (value "72000")
L 07/15/2025 - 21:52:17: [basecommands.smx] "Console<0><Console><Console>" changed cvar (cvar "sv_mincmdrate") (value "72")
L 07/15/2025 - 21:52:17: [basecommands.smx] "Console<0><Console><Console>" changed cvar (cvar "sv_maxcmdrate") (value "72")
L 07/15/2025 - 21:52:17: [basecommands.smx] "Console<0><Console><Console>" changed cvar (cvar "sv_minupdaterate") (value "72")
L 07/15/2025 - 21:52:17: [basecommands.smx] "Console<0><Console><Console>" changed cvar (cvar "sv_maxupdaterate") (value "72")
L 07/15/2025 - 21:52:17: [basecommands.smx] "Console<0><Console><Console>" changed cvar (cvar "sv_client_min_interp_ratio") (value "-1")
L 07/15/2025 - 21:52:17: [basecommands.smx] "Console<0><Console><Console>" changed cvar (cvar "sv_client_max_interp_ratio") (value "2")
L 07/15/2025 - 22:21:55: -------- Mapchange to navigation_map03 --------
L 07/15/2025 - 22:21:57: [basecommands.smx] "Console<0><Console><Console>" changed cvar (cvar "net_splitpacket_maxrate") (value "30000")
L 07/15/2025 - 22:21:57: [basecommands.smx] "Console<0><Console><Console>" changed cvar (cvar "nb_update_frequency") (value "0.024")
L 07/15/2025 - 22:21:57: [basecommands.smx] "Console<0><Console><Console>" changed cvar (cvar "fps_max") (value "300")
L 07/15/2025 - 22:21:57: [basecommands.smx] "Console<0><Console><Console>" changed cvar (cvar "sv_minrate") (value "72000")
L 07/15/2025 - 22:21:57: [basecommands.smx] "Console<0><Console><Console>" changed cvar (cvar "sv_maxrate") (value "72000")
L 07/15/2025 - 22:21:57: [basecommands.smx] "Console<0><Console><Console>" changed cvar (cvar "sv_mincmdrate") (value "72")
L 07/15/2025 - 22:21:57: [basecommands.smx] "Console<0><Console><Console>" changed cvar (cvar "sv_maxcmdrate") (value "72")
L 07/15/2025 - 22:21:57: [basecommands.smx] "Console<0><Console><Console>" changed cvar (cvar "sv_minupdaterate") (value "72")
L 07/15/2025 - 22:21:57: [basecommands.smx] "Console<0><Console><Console>" changed cvar (cvar "sv_maxupdaterate") (value "72")
L 07/15/2025 - 22:21:57: [basecommands.smx] "Console<0><Console><Console>" changed cvar (cvar "sv_client_min_interp_ratio") (value "-1")
L 07/15/2025 - 22:21:57: [basecommands.smx] "Console<0><Console><Console>" changed cvar (cvar "sv_client_max_interp_ratio") (value "2")
L 07/15/2025 - 22:43:31: -------- Mapchange to navigation_map04 --------
L 07/15/2025 - 22:43:32: [basecommands.smx] "Console<0><Console><Console>" changed cvar (cvar "net_splitpacket_maxrate") (value "30000")
L 07/15/2025 - 22:43:32: [basecommands.smx] "Console<0><Console><Console>" changed cvar (cvar "nb_update_frequency") (value "0.024")
L 07/15/2025 - 22:43:32: [basecommands.smx] "Console<0><Console><Console>" changed cvar (cvar "fps_max") (value "300")
L 07/15/2025 - 22:43:32: [basecommands.smx] "Console<0><Console><Console>" changed cvar (cvar "sv_minrate") (value "72000")
L 07/15/2025 - 22:43:32: [basecommands.smx] "Console<0><Console><Console>" changed cvar (cvar "sv_maxrate") (value "72000")
L 07/15/2025 - 22:43:32: [basecommands.smx] "Console<0><Console><Console>" changed cvar (cvar "sv_mincmdrate") (value "72")
L 07/15/2025 - 22:43:32: [basecommands.smx] "Console<0><Console><Console>" changed cvar (cvar "sv_maxcmdrate") (value "72")
L 07/15/2025 - 22:43:32: [basecommands.smx] "Console<0><Console><Console>" changed cvar (cvar "sv_minupdaterate") (value "72")
L 07/15/2025 - 22:43:32: [basecommands.smx] "Console<0><Console><Console>" changed cvar (cvar "sv_maxupdaterate") (value "72")
L 07/15/2025 - 22:43:32: [basecommands.smx] "Console<0><Console><Console>" changed cvar (cvar "sv_client_min_interp_ratio") (value "-1")
L 07/15/2025 - 22:43:32: [basecommands.smx] "Console<0><Console><Console>" changed cvar (cvar "sv_client_max_interp_ratio") (value "2")
L 07/15/2025 - 23:17:36: -------- Mapchange to navigation_map01 --------
L 07/15/2025 - 23:17:38: [basecommands.smx] "Console<0><Console><Console>" changed cvar (cvar "net_splitpacket_maxrate") (value "30000")
L 07/15/2025 - 23:17:38: [basecommands.smx] "Console<0><Console><Console>" changed cvar (cvar "nb_update_frequency") (value "0.024")
L 07/15/2025 - 23:17:38: [basecommands.smx] "Console<0><Console><Console>" changed cvar (cvar "fps_max") (value "300")
L 07/15/2025 - 23:17:38: [basecommands.smx] "Console<0><Console><Console>" changed cvar (cvar "sv_minrate") (value "72000")
L 07/15/2025 - 23:17:38: [basecommands.smx] "Console<0><Console><Console>" changed cvar (cvar "sv_maxrate") (value "72000")
L 07/15/2025 - 23:17:38: [basecommands.smx] "Console<0><Console><Console>" changed cvar (cvar "sv_mincmdrate") (value "72")
L 07/15/2025 - 23:17:38: [basecommands.smx] "Console<0><Console><Console>" changed cvar (cvar "sv_maxcmdrate") (value "72")
L 07/15/2025 - 23:17:38: [basecommands.smx] "Console<0><Console><Console>" changed cvar (cvar "sv_minupdaterate") (value "72")
L 07/15/2025 - 23:17:38: [basecommands.smx] "Console<0><Console><Console>" changed cvar (cvar "sv_maxupdaterate") (value "72")
L 07/15/2025 - 23:17:38: [basecommands.smx] "Console<0><Console><Console>" changed cvar (cvar "sv_client_min_interp_ratio") (value "-1")
L 07/15/2025 - 23:17:38: [basecommands.smx] "Console<0><Console><Console>" changed cvar (cvar "sv_client_max_interp_ratio") (value "2")
L 07/15/2025 - 23:18:05: -------- Mapchange to requiem_01 --------
L 07/15/2025 - 23:18:07: [basecommands.smx] "Console<0><Console><Console>" changed cvar (cvar "net_splitpacket_maxrate") (value "30000")
L 07/15/2025 - 23:18:07: [basecommands.smx] "Console<0><Console><Console>" changed cvar (cvar "nb_update_frequency") (value "0.024")
L 07/15/2025 - 23:18:07: [basecommands.smx] "Console<0><Console><Console>" changed cvar (cvar "fps_max") (value "300")
L 07/15/2025 - 23:18:07: [basecommands.smx] "Console<0><Console><Console>" changed cvar (cvar "sv_minrate") (value "72000")
L 07/15/2025 - 23:18:07: [basecommands.smx] "Console<0><Console><Console>" changed cvar (cvar "sv_maxrate") (value "72000")
L 07/15/2025 - 23:18:07: [basecommands.smx] "Console<0><Console><Console>" changed cvar (cvar "sv_mincmdrate") (value "72")
L 07/15/2025 - 23:18:07: [basecommands.smx] "Console<0><Console><Console>" changed cvar (cvar "sv_maxcmdrate") (value "72")
L 07/15/2025 - 23:18:07: [basecommands.smx] "Console<0><Console><Console>" changed cvar (cvar "sv_minupdaterate") (value "72")
L 07/15/2025 - 23:18:07: [basecommands.smx] "Console<0><Console><Console>" changed cvar (cvar "sv_maxupdaterate") (value "72")
L 07/15/2025 - 23:18:07: [basecommands.smx] "Console<0><Console><Console>" changed cvar (cvar "sv_client_min_interp_ratio") (value "-1")
L 07/15/2025 - 23:18:07: [basecommands.smx] "Console<0><Console><Console>" changed cvar (cvar "sv_client_max_interp_ratio") (value "2")
L 07/15/2025 - 23:18:30: -------- Mapchange to requiem_01 --------
L 07/15/2025 - 23:18:31: [basecommands.smx] "Console<0><Console><Console>" changed cvar (cvar "net_splitpacket_maxrate") (value "30000")
L 07/15/2025 - 23:18:31: [basecommands.smx] "Console<0><Console><Console>" changed cvar (cvar "nb_update_frequency") (value "0.024")
L 07/15/2025 - 23:18:31: [basecommands.smx] "Console<0><Console><Console>" changed cvar (cvar "fps_max") (value "300")
L 07/15/2025 - 23:18:31: [basecommands.smx] "Console<0><Console><Console>" changed cvar (cvar "sv_minrate") (value "72000")
L 07/15/2025 - 23:18:31: [basecommands.smx] "Console<0><Console><Console>" changed cvar (cvar "sv_maxrate") (value "72000")
L 07/15/2025 - 23:18:31: [basecommands.smx] "Console<0><Console><Console>" changed cvar (cvar "sv_mincmdrate") (value "72")
L 07/15/2025 - 23:18:31: [basecommands.smx] "Console<0><Console><Console>" changed cvar (cvar "sv_maxcmdrate") (value "72")
L 07/15/2025 - 23:18:31: [basecommands.smx] "Console<0><Console><Console>" changed cvar (cvar "sv_minupdaterate") (value "72")
L 07/15/2025 - 23:18:31: [basecommands.smx] "Console<0><Console><Console>" changed cvar (cvar "sv_maxupdaterate") (value "72")
L 07/15/2025 - 23:18:31: [basecommands.smx] "Console<0><Console><Console>" changed cvar (cvar "sv_client_min_interp_ratio") (value "-1")
L 07/15/2025 - 23:18:31: [basecommands.smx] "Console<0><Console><Console>" changed cvar (cvar "sv_client_max_interp_ratio") (value "2")
L 07/15/2025 - 23:19:19: SourceMod log file session started (file "/home/steam/game_servers/l4d2/left4dead2/addons/sourcemod/logs/L20250715.log") (Version "1.12.0.7207")
L 07/15/2025 - 23:19:19: [basecommands.smx] "Console<0><Console><Console>" changed cvar (cvar "net_splitpacket_maxrate") (value "30000")
L 07/15/2025 - 23:19:19: [basecommands.smx] "Console<0><Console><Console>" changed cvar (cvar "nb_update_frequency") (value "0.024")
L 07/15/2025 - 23:19:19: [basecommands.smx] "Console<0><Console><Console>" changed cvar (cvar "fps_max") (value "300")
L 07/15/2025 - 23:19:19: [basecommands.smx] "Console<0><Console><Console>" changed cvar (cvar "sv_minrate") (value "72000")
L 07/15/2025 - 23:19:19: [basecommands.smx] "Console<0><Console><Console>" changed cvar (cvar "sv_maxrate") (value "72000")
L 07/15/2025 - 23:19:19: [basecommands.smx] "Console<0><Console><Console>" changed cvar (cvar "sv_mincmdrate") (value "72")
L 07/15/2025 - 23:19:19: [basecommands.smx] "Console<0><Console><Console>" changed cvar (cvar "sv_maxcmdrate") (value "72")
L 07/15/2025 - 23:19:19: [basecommands.smx] "Console<0><Console><Console>" changed cvar (cvar "sv_minupdaterate") (value "72")
L 07/15/2025 - 23:19:19: [basecommands.smx] "Console<0><Console><Console>" changed cvar (cvar "sv_maxupdaterate") (value "72")
L 07/15/2025 - 23:19:19: [basecommands.smx] "Console<0><Console><Console>" changed cvar (cvar "sv_client_min_interp_ratio") (value "-1")
L 07/15/2025 - 23:19:19: [basecommands.smx] "Console<0><Console><Console>" changed cvar (cvar "sv_client_max_interp_ratio") (value "2")
L 07/15/2025 - 23:19:29: -------- Mapchange to c1m2_streets --------
L 07/15/2025 - 23:19:30: [basecommands.smx] "Console<0><Console><Console>" changed cvar (cvar "net_splitpacket_maxrate") (value "30000")
L 07/15/2025 - 23:19:30: [basecommands.smx] "Console<0><Console><Console>" changed cvar (cvar "nb_update_frequency") (value "0.024")
L 07/15/2025 - 23:19:30: [basecommands.smx] "Console<0><Console><Console>" changed cvar (cvar "fps_max") (value "300")
L 07/15/2025 - 23:19:30: [basecommands.smx] "Console<0><Console><Console>" changed cvar (cvar "sv_minrate") (value "72000")
L 07/15/2025 - 23:19:30: [basecommands.smx] "Console<0><Console><Console>" changed cvar (cvar "sv_maxrate") (value "72000")
L 07/15/2025 - 23:19:30: [basecommands.smx] "Console<0><Console><Console>" changed cvar (cvar "sv_mincmdrate") (value "72")
L 07/15/2025 - 23:19:30: [basecommands.smx] "Console<0><Console><Console>" changed cvar (cvar "sv_maxcmdrate") (value "72")
L 07/15/2025 - 23:19:30: [basecommands.smx] "Console<0><Console><Console>" changed cvar (cvar "sv_minupdaterate") (value "72")
L 07/15/2025 - 23:19:30: [basecommands.smx] "Console<0><Console><Console>" changed cvar (cvar "sv_maxupdaterate") (value "72")
L 07/15/2025 - 23:19:30: [basecommands.smx] "Console<0><Console><Console>" changed cvar (cvar "sv_client_min_interp_ratio") (value "-1")
L 07/15/2025 - 23:19:30: [basecommands.smx] "Console<0><Console><Console>" changed cvar (cvar "sv_client_max_interp_ratio") (value "2")
L 07/15/2025 - 23:22:13: -------- Mapchange to requiem_01 --------
L 07/15/2025 - 23:22:14: [basecommands.smx] "Console<0><Console><Console>" changed cvar (cvar "net_splitpacket_maxrate") (value "30000")
L 07/15/2025 - 23:22:14: [basecommands.smx] "Console<0><Console><Console>" changed cvar (cvar "nb_update_frequency") (value "0.024")
L 07/15/2025 - 23:22:14: [basecommands.smx] "Console<0><Console><Console>" changed cvar (cvar "fps_max") (value "300")
L 07/15/2025 - 23:22:14: [basecommands.smx] "Console<0><Console><Console>" changed cvar (cvar "sv_minrate") (value "72000")
L 07/15/2025 - 23:22:14: [basecommands.smx] "Console<0><Console><Console>" changed cvar (cvar "sv_maxrate") (value "72000")
L 07/15/2025 - 23:22:14: [basecommands.smx] "Console<0><Console><Console>" changed cvar (cvar "sv_mincmdrate") (value "72")
L 07/15/2025 - 23:22:14: [basecommands.smx] "Console<0><Console><Console>" changed cvar (cvar "sv_maxcmdrate") (value "72")
L 07/15/2025 - 23:22:14: [basecommands.smx] "Console<0><Console><Console>" changed cvar (cvar "sv_minupdaterate") (value "72")
L 07/15/2025 - 23:22:14: [basecommands.smx] "Console<0><Console><Console>" changed cvar (cvar "sv_maxupdaterate") (value "72")
L 07/15/2025 - 23:22:14: [basecommands.smx] "Console<0><Console><Console>" changed cvar (cvar "sv_client_min_interp_ratio") (value "-1")
L 07/15/2025 - 23:22:14: [basecommands.smx] "Console<0><Console><Console>" changed cvar (cvar "sv_client_max_interp_ratio") (value "2")
L 07/15/2025 - 23:37:19: -------- Mapchange to requiem_02 --------
L 07/15/2025 - 23:37:20: [basecommands.smx] "Console<0><Console><Console>" changed cvar (cvar "net_splitpacket_maxrate") (value "30000")
L 07/15/2025 - 23:37:20: [basecommands.smx] "Console<0><Console><Console>" changed cvar (cvar "nb_update_frequency") (value "0.024")
L 07/15/2025 - 23:37:20: [basecommands.smx] "Console<0><Console><Console>" changed cvar (cvar "fps_max") (value "300")
L 07/15/2025 - 23:37:20: [basecommands.smx] "Console<0><Console><Console>" changed cvar (cvar "sv_minrate") (value "72000")
L 07/15/2025 - 23:37:20: [basecommands.smx] "Console<0><Console><Console>" changed cvar (cvar "sv_maxrate") (value "72000")
L 07/15/2025 - 23:37:20: [basecommands.smx] "Console<0><Console><Console>" changed cvar (cvar "sv_mincmdrate") (value "72")
L 07/15/2025 - 23:37:20: [basecommands.smx] "Console<0><Console><Console>" changed cvar (cvar "sv_maxcmdrate") (value "72")
L 07/15/2025 - 23:37:20: [basecommands.smx] "Console<0><Console><Console>" changed cvar (cvar "sv_minupdaterate") (value "72")
L 07/15/2025 - 23:37:20: [basecommands.smx] "Console<0><Console><Console>" changed cvar (cvar "sv_maxupdaterate") (value "72")
L 07/15/2025 - 23:37:20: [basecommands.smx] "Console<0><Console><Console>" changed cvar (cvar "sv_client_min_interp_ratio") (value "-1")
L 07/15/2025 - 23:37:20: [basecommands.smx] "Console<0><Console><Console>" changed cvar (cvar "sv_client_max_interp_ratio") (value "2")
L 07/16/2025 - 00:09:40: Log file closed.
