L 07/31/2025 - 00:05:12: SourceMod log file session started (file "/home/steam/game_server/Left_4_Dead_2/left4dead2/addons/sourcemod/logs/L20250731.log") (Version "1.12.0.7207")
L 07/31/2025 - 00:05:12: [basecommands.smx] "Console<0><Console><Console>" changed cvar (cvar "z_difficulty") (value "hard")
L 07/31/2025 - 00:05:12: [basecommands.smx] "Console<0><Console><Console>" changed cvar (cvar "survivor_friendly_fire_factor_hard") (value "0.2")
L 07/31/2025 - 00:05:12: [basecommands.smx] "Console<0><Console><Console>" changed cvar (cvar "survivor_burn_factor_hard") (value "0.5")
L 07/31/2025 - 00:05:12: [basecommands.smx] "Console<0><Console><Console>" changed cvar (cvar "fps_max") (value "144")
L 07/31/2025 - 00:05:12: [basecommands.smx] "Console<0><Console><Console>" changed cvar (cvar "net_splitpacket_maxrate") (value "32000")
L 07/31/2025 - 00:05:12: [basecommands.smx] "Console<0><Console><Console>" changed cvar (cvar "nb_update_frequency") (value "0.024")
L 07/31/2025 - 00:05:12: [basecommands.smx] "Console<0><Console><Console>" changed cvar (cvar "sv_minrate") (value "64000")
L 07/31/2025 - 00:05:12: [basecommands.smx] "Console<0><Console><Console>" changed cvar (cvar "sv_maxrate") (value "64000")
L 07/31/2025 - 00:05:12: [basecommands.smx] "Console<0><Console><Console>" changed cvar (cvar "sv_mincmdrate") (value "64")
L 07/31/2025 - 00:05:12: [basecommands.smx] "Console<0><Console><Console>" changed cvar (cvar "sv_maxcmdrate") (value "64")
L 07/31/2025 - 00:05:12: [basecommands.smx] "Console<0><Console><Console>" changed cvar (cvar "sv_minupdaterate") (value "64")
L 07/31/2025 - 00:05:12: [basecommands.smx] "Console<0><Console><Console>" changed cvar (cvar "sv_maxupdaterate") (value "64")
L 07/31/2025 - 00:05:12: [basecommands.smx] "Console<0><Console><Console>" changed cvar (cvar "sv_client_min_interp_ratio") (value "-1")
L 07/31/2025 - 00:05:12: [basecommands.smx] "Console<0><Console><Console>" changed cvar (cvar "sv_client_max_interp_ratio") (value "2")
L 07/31/2025 - 00:07:31: -------- Mapchange to c1m1_hotel --------
L 07/31/2025 - 00:07:32: [basecommands.smx] "Console<0><Console><Console>" changed cvar (cvar "z_difficulty") (value "hard")
L 07/31/2025 - 00:07:32: [basecommands.smx] "Console<0><Console><Console>" changed cvar (cvar "survivor_friendly_fire_factor_hard") (value "0.2")
L 07/31/2025 - 00:07:32: [basecommands.smx] "Console<0><Console><Console>" changed cvar (cvar "survivor_burn_factor_hard") (value "0.5")
L 07/31/2025 - 00:07:32: [basecommands.smx] "Console<0><Console><Console>" changed cvar (cvar "fps_max") (value "144")
L 07/31/2025 - 00:07:32: [basecommands.smx] "Console<0><Console><Console>" changed cvar (cvar "net_splitpacket_maxrate") (value "32000")
L 07/31/2025 - 00:07:32: [basecommands.smx] "Console<0><Console><Console>" changed cvar (cvar "nb_update_frequency") (value "0.024")
L 07/31/2025 - 00:07:32: [basecommands.smx] "Console<0><Console><Console>" changed cvar (cvar "sv_minrate") (value "64000")
L 07/31/2025 - 00:07:32: [basecommands.smx] "Console<0><Console><Console>" changed cvar (cvar "sv_maxrate") (value "64000")
L 07/31/2025 - 00:07:32: [basecommands.smx] "Console<0><Console><Console>" changed cvar (cvar "sv_mincmdrate") (value "64")
L 07/31/2025 - 00:07:32: [basecommands.smx] "Console<0><Console><Console>" changed cvar (cvar "sv_maxcmdrate") (value "64")
L 07/31/2025 - 00:07:32: [basecommands.smx] "Console<0><Console><Console>" changed cvar (cvar "sv_minupdaterate") (value "64")
L 07/31/2025 - 00:07:32: [basecommands.smx] "Console<0><Console><Console>" changed cvar (cvar "sv_maxupdaterate") (value "64")
L 07/31/2025 - 00:07:32: [basecommands.smx] "Console<0><Console><Console>" changed cvar (cvar "sv_client_min_interp_ratio") (value "-1")
L 07/31/2025 - 00:07:32: [basecommands.smx] "Console<0><Console><Console>" changed cvar (cvar "sv_client_max_interp_ratio") (value "2")
L 07/31/2025 - 00:07:47: SourceMod log file session started (file "/home/steam/game_server/Left_4_Dead_2/left4dead2/addons/sourcemod/logs/L20250731.log") (Version "1.12.0.7207")
L 07/31/2025 - 00:07:47: [basecommands.smx] "Console<0><Console><Console>" changed cvar (cvar "z_difficulty") (value "hard")
L 07/31/2025 - 00:07:47: [basecommands.smx] "Console<0><Console><Console>" changed cvar (cvar "survivor_friendly_fire_factor_hard") (value "0.2")
L 07/31/2025 - 00:07:47: [basecommands.smx] "Console<0><Console><Console>" changed cvar (cvar "survivor_burn_factor_hard") (value "0.5")
L 07/31/2025 - 00:07:47: [basecommands.smx] "Console<0><Console><Console>" changed cvar (cvar "fps_max") (value "144")
L 07/31/2025 - 00:07:47: [basecommands.smx] "Console<0><Console><Console>" changed cvar (cvar "net_splitpacket_maxrate") (value "32000")
L 07/31/2025 - 00:07:47: [basecommands.smx] "Console<0><Console><Console>" changed cvar (cvar "nb_update_frequency") (value "0.024")
L 07/31/2025 - 00:07:47: [basecommands.smx] "Console<0><Console><Console>" changed cvar (cvar "sv_minrate") (value "64000")
L 07/31/2025 - 00:07:47: [basecommands.smx] "Console<0><Console><Console>" changed cvar (cvar "sv_maxrate") (value "64000")
L 07/31/2025 - 00:07:47: [basecommands.smx] "Console<0><Console><Console>" changed cvar (cvar "sv_mincmdrate") (value "64")
L 07/31/2025 - 00:07:47: [basecommands.smx] "Console<0><Console><Console>" changed cvar (cvar "sv_maxcmdrate") (value "64")
L 07/31/2025 - 00:07:47: [basecommands.smx] "Console<0><Console><Console>" changed cvar (cvar "sv_minupdaterate") (value "64")
L 07/31/2025 - 00:07:47: [basecommands.smx] "Console<0><Console><Console>" changed cvar (cvar "sv_maxupdaterate") (value "64")
L 07/31/2025 - 00:07:47: [basecommands.smx] "Console<0><Console><Console>" changed cvar (cvar "sv_client_min_interp_ratio") (value "-1")
L 07/31/2025 - 00:07:47: [basecommands.smx] "Console<0><Console><Console>" changed cvar (cvar "sv_client_max_interp_ratio") (value "2")
L 07/31/2025 - 00:11:38: -------- Mapchange to c1m1_hotel --------
L 07/31/2025 - 00:11:39: [basecommands.smx] "Console<0><Console><Console>" changed cvar (cvar "z_difficulty") (value "hard")
L 07/31/2025 - 00:11:39: [basecommands.smx] "Console<0><Console><Console>" changed cvar (cvar "survivor_friendly_fire_factor_hard") (value "0.2")
L 07/31/2025 - 00:11:39: [basecommands.smx] "Console<0><Console><Console>" changed cvar (cvar "survivor_burn_factor_hard") (value "0.5")
L 07/31/2025 - 00:11:39: [basecommands.smx] "Console<0><Console><Console>" changed cvar (cvar "fps_max") (value "144")
L 07/31/2025 - 00:11:39: [basecommands.smx] "Console<0><Console><Console>" changed cvar (cvar "net_splitpacket_maxrate") (value "32000")
L 07/31/2025 - 00:11:39: [basecommands.smx] "Console<0><Console><Console>" changed cvar (cvar "nb_update_frequency") (value "0.024")
L 07/31/2025 - 00:11:39: [basecommands.smx] "Console<0><Console><Console>" changed cvar (cvar "sv_minrate") (value "64000")
L 07/31/2025 - 00:11:39: [basecommands.smx] "Console<0><Console><Console>" changed cvar (cvar "sv_maxrate") (value "64000")
L 07/31/2025 - 00:11:39: [basecommands.smx] "Console<0><Console><Console>" changed cvar (cvar "sv_mincmdrate") (value "64")
L 07/31/2025 - 00:11:39: [basecommands.smx] "Console<0><Console><Console>" changed cvar (cvar "sv_maxcmdrate") (value "64")
L 07/31/2025 - 00:11:39: [basecommands.smx] "Console<0><Console><Console>" changed cvar (cvar "sv_minupdaterate") (value "64")
L 07/31/2025 - 00:11:39: [basecommands.smx] "Console<0><Console><Console>" changed cvar (cvar "sv_maxupdaterate") (value "64")
L 07/31/2025 - 00:11:39: [basecommands.smx] "Console<0><Console><Console>" changed cvar (cvar "sv_client_min_interp_ratio") (value "-1")
L 07/31/2025 - 00:11:39: [basecommands.smx] "Console<0><Console><Console>" changed cvar (cvar "sv_client_max_interp_ratio") (value "2")
L 07/31/2025 - 00:11:54: SourceMod log file session started (file "/home/steam/game_server/Left_4_Dead_2/left4dead2/addons/sourcemod/logs/L20250731.log") (Version "1.12.0.7207")
L 07/31/2025 - 00:11:54: [basecommands.smx] "Console<0><Console><Console>" changed cvar (cvar "z_difficulty") (value "hard")
L 07/31/2025 - 00:11:54: [basecommands.smx] "Console<0><Console><Console>" changed cvar (cvar "survivor_friendly_fire_factor_hard") (value "0.2")
L 07/31/2025 - 00:11:54: [basecommands.smx] "Console<0><Console><Console>" changed cvar (cvar "survivor_burn_factor_hard") (value "0.5")
L 07/31/2025 - 00:11:54: [basecommands.smx] "Console<0><Console><Console>" changed cvar (cvar "fps_max") (value "144")
L 07/31/2025 - 00:11:54: [basecommands.smx] "Console<0><Console><Console>" changed cvar (cvar "net_splitpacket_maxrate") (value "32000")
L 07/31/2025 - 00:11:54: [basecommands.smx] "Console<0><Console><Console>" changed cvar (cvar "nb_update_frequency") (value "0.024")
L 07/31/2025 - 00:11:54: [basecommands.smx] "Console<0><Console><Console>" changed cvar (cvar "sv_minrate") (value "64000")
L 07/31/2025 - 00:11:54: [basecommands.smx] "Console<0><Console><Console>" changed cvar (cvar "sv_maxrate") (value "64000")
L 07/31/2025 - 00:11:54: [basecommands.smx] "Console<0><Console><Console>" changed cvar (cvar "sv_mincmdrate") (value "64")
L 07/31/2025 - 00:11:54: [basecommands.smx] "Console<0><Console><Console>" changed cvar (cvar "sv_maxcmdrate") (value "64")
L 07/31/2025 - 00:11:54: [basecommands.smx] "Console<0><Console><Console>" changed cvar (cvar "sv_minupdaterate") (value "64")
L 07/31/2025 - 00:11:54: [basecommands.smx] "Console<0><Console><Console>" changed cvar (cvar "sv_maxupdaterate") (value "64")
L 07/31/2025 - 00:11:54: [basecommands.smx] "Console<0><Console><Console>" changed cvar (cvar "sv_client_min_interp_ratio") (value "-1")
L 07/31/2025 - 00:11:54: [basecommands.smx] "Console<0><Console><Console>" changed cvar (cvar "sv_client_max_interp_ratio") (value "2")
L 07/31/2025 - 00:12:32: Log file closed.
L 07/31/2025 - 00:34:15: SourceMod log file session started (file "/home/steam/game_server/Left_4_Dead_2/left4dead2/addons/sourcemod/logs/L20250731.log") (Version "1.12.0.7207")
L 07/31/2025 - 00:34:15: [basecommands.smx] "Console<0><Console><Console>" changed cvar (cvar "z_difficulty") (value "hard")
L 07/31/2025 - 00:34:15: [basecommands.smx] "Console<0><Console><Console>" changed cvar (cvar "survivor_friendly_fire_factor_hard") (value "0.2")
L 07/31/2025 - 00:34:15: [basecommands.smx] "Console<0><Console><Console>" changed cvar (cvar "survivor_burn_factor_hard") (value "0.5")
L 07/31/2025 - 00:34:15: [basecommands.smx] "Console<0><Console><Console>" changed cvar (cvar "fps_max") (value "144")
L 07/31/2025 - 00:34:15: [basecommands.smx] "Console<0><Console><Console>" changed cvar (cvar "net_splitpacket_maxrate") (value "32000")
L 07/31/2025 - 00:34:15: [basecommands.smx] "Console<0><Console><Console>" changed cvar (cvar "nb_update_frequency") (value "0.024")
L 07/31/2025 - 00:34:15: [basecommands.smx] "Console<0><Console><Console>" changed cvar (cvar "sv_minrate") (value "64000")
L 07/31/2025 - 00:34:15: [basecommands.smx] "Console<0><Console><Console>" changed cvar (cvar "sv_maxrate") (value "64000")
L 07/31/2025 - 00:34:15: [basecommands.smx] "Console<0><Console><Console>" changed cvar (cvar "sv_mincmdrate") (value "64")
L 07/31/2025 - 00:34:15: [basecommands.smx] "Console<0><Console><Console>" changed cvar (cvar "sv_maxcmdrate") (value "64")
L 07/31/2025 - 00:34:15: [basecommands.smx] "Console<0><Console><Console>" changed cvar (cvar "sv_minupdaterate") (value "64")
L 07/31/2025 - 00:34:15: [basecommands.smx] "Console<0><Console><Console>" changed cvar (cvar "sv_maxupdaterate") (value "64")
L 07/31/2025 - 00:34:15: [basecommands.smx] "Console<0><Console><Console>" changed cvar (cvar "sv_client_min_interp_ratio") (value "-1")
L 07/31/2025 - 00:34:15: [basecommands.smx] "Console<0><Console><Console>" changed cvar (cvar "sv_client_max_interp_ratio") (value "2")
L 07/31/2025 - 00:37:26: -------- Mapchange to c1m1_hotel --------
L 07/31/2025 - 00:37:27: [basecommands.smx] "Console<0><Console><Console>" changed cvar (cvar "z_difficulty") (value "hard")
L 07/31/2025 - 00:37:27: [basecommands.smx] "Console<0><Console><Console>" changed cvar (cvar "survivor_friendly_fire_factor_hard") (value "0.2")
L 07/31/2025 - 00:37:27: [basecommands.smx] "Console<0><Console><Console>" changed cvar (cvar "survivor_burn_factor_hard") (value "0.5")
L 07/31/2025 - 00:37:27: [basecommands.smx] "Console<0><Console><Console>" changed cvar (cvar "fps_max") (value "144")
L 07/31/2025 - 00:37:27: [basecommands.smx] "Console<0><Console><Console>" changed cvar (cvar "net_splitpacket_maxrate") (value "32000")
L 07/31/2025 - 00:37:27: [basecommands.smx] "Console<0><Console><Console>" changed cvar (cvar "nb_update_frequency") (value "0.024")
L 07/31/2025 - 00:37:27: [basecommands.smx] "Console<0><Console><Console>" changed cvar (cvar "sv_minrate") (value "64000")
L 07/31/2025 - 00:37:27: [basecommands.smx] "Console<0><Console><Console>" changed cvar (cvar "sv_maxrate") (value "64000")
L 07/31/2025 - 00:37:27: [basecommands.smx] "Console<0><Console><Console>" changed cvar (cvar "sv_mincmdrate") (value "64")
L 07/31/2025 - 00:37:27: [basecommands.smx] "Console<0><Console><Console>" changed cvar (cvar "sv_maxcmdrate") (value "64")
L 07/31/2025 - 00:37:27: [basecommands.smx] "Console<0><Console><Console>" changed cvar (cvar "sv_minupdaterate") (value "64")
L 07/31/2025 - 00:37:27: [basecommands.smx] "Console<0><Console><Console>" changed cvar (cvar "sv_maxupdaterate") (value "64")
L 07/31/2025 - 00:37:27: [basecommands.smx] "Console<0><Console><Console>" changed cvar (cvar "sv_client_min_interp_ratio") (value "-1")
L 07/31/2025 - 00:37:27: [basecommands.smx] "Console<0><Console><Console>" changed cvar (cvar "sv_client_max_interp_ratio") (value "2")
L 07/31/2025 - 00:37:35: Log file closed.
L 07/31/2025 - 13:52:04: SourceMod log file session started (file "/home/steam/game_server/Left_4_Dead_2/left4dead2/addons/sourcemod/logs/L20250731.log") (Version "1.12.0.7207")
L 07/31/2025 - 13:52:04: [basecommands.smx] "Console<0><Console><Console>" changed cvar (cvar "z_difficulty") (value "hard")
L 07/31/2025 - 13:52:04: [basecommands.smx] "Console<0><Console><Console>" changed cvar (cvar "survivor_friendly_fire_factor_hard") (value "0.2")
L 07/31/2025 - 13:52:04: [basecommands.smx] "Console<0><Console><Console>" changed cvar (cvar "survivor_burn_factor_hard") (value "0.5")
L 07/31/2025 - 13:52:04: [basecommands.smx] "Console<0><Console><Console>" changed cvar (cvar "fps_max") (value "144")
L 07/31/2025 - 13:52:04: [basecommands.smx] "Console<0><Console><Console>" changed cvar (cvar "net_splitpacket_maxrate") (value "32000")
L 07/31/2025 - 13:52:04: [basecommands.smx] "Console<0><Console><Console>" changed cvar (cvar "nb_update_frequency") (value "0.024")
L 07/31/2025 - 13:52:04: [basecommands.smx] "Console<0><Console><Console>" changed cvar (cvar "sv_minrate") (value "64000")
L 07/31/2025 - 13:52:04: [basecommands.smx] "Console<0><Console><Console>" changed cvar (cvar "sv_maxrate") (value "64000")
L 07/31/2025 - 13:52:04: [basecommands.smx] "Console<0><Console><Console>" changed cvar (cvar "sv_mincmdrate") (value "64")
L 07/31/2025 - 13:52:04: [basecommands.smx] "Console<0><Console><Console>" changed cvar (cvar "sv_maxcmdrate") (value "64")
L 07/31/2025 - 13:52:04: [basecommands.smx] "Console<0><Console><Console>" changed cvar (cvar "sv_minupdaterate") (value "64")
L 07/31/2025 - 13:52:04: [basecommands.smx] "Console<0><Console><Console>" changed cvar (cvar "sv_maxupdaterate") (value "64")
L 07/31/2025 - 13:52:04: [basecommands.smx] "Console<0><Console><Console>" changed cvar (cvar "sv_client_min_interp_ratio") (value "-1")
L 07/31/2025 - 13:52:04: [basecommands.smx] "Console<0><Console><Console>" changed cvar (cvar "sv_client_max_interp_ratio") (value "2")
L 07/31/2025 - 13:55:25: SourceMod log file session started (file "/home/steam/game_server/Left_4_Dead_2/left4dead2/addons/sourcemod/logs/L20250731.log") (Version "1.12.0.7207")
L 07/31/2025 - 13:55:25: [basecommands.smx] "Console<0><Console><Console>" changed cvar (cvar "z_difficulty") (value "hard")
L 07/31/2025 - 13:55:25: [basecommands.smx] "Console<0><Console><Console>" changed cvar (cvar "survivor_friendly_fire_factor_hard") (value "0.2")
L 07/31/2025 - 13:55:25: [basecommands.smx] "Console<0><Console><Console>" changed cvar (cvar "survivor_burn_factor_hard") (value "0.5")
L 07/31/2025 - 13:55:25: [basecommands.smx] "Console<0><Console><Console>" changed cvar (cvar "fps_max") (value "144")
L 07/31/2025 - 13:55:25: [basecommands.smx] "Console<0><Console><Console>" changed cvar (cvar "net_splitpacket_maxrate") (value "32000")
L 07/31/2025 - 13:55:25: [basecommands.smx] "Console<0><Console><Console>" changed cvar (cvar "nb_update_frequency") (value "0.024")
L 07/31/2025 - 13:55:25: [basecommands.smx] "Console<0><Console><Console>" changed cvar (cvar "sv_minrate") (value "64000")
L 07/31/2025 - 13:55:25: [basecommands.smx] "Console<0><Console><Console>" changed cvar (cvar "sv_maxrate") (value "64000")
L 07/31/2025 - 13:55:25: [basecommands.smx] "Console<0><Console><Console>" changed cvar (cvar "sv_mincmdrate") (value "64")
L 07/31/2025 - 13:55:25: [basecommands.smx] "Console<0><Console><Console>" changed cvar (cvar "sv_maxcmdrate") (value "64")
L 07/31/2025 - 13:55:25: [basecommands.smx] "Console<0><Console><Console>" changed cvar (cvar "sv_minupdaterate") (value "64")
L 07/31/2025 - 13:55:25: [basecommands.smx] "Console<0><Console><Console>" changed cvar (cvar "sv_maxupdaterate") (value "64")
L 07/31/2025 - 13:55:25: [basecommands.smx] "Console<0><Console><Console>" changed cvar (cvar "sv_client_min_interp_ratio") (value "-1")
L 07/31/2025 - 13:55:25: [basecommands.smx] "Console<0><Console><Console>" changed cvar (cvar "sv_client_max_interp_ratio") (value "2")
L 07/31/2025 - 13:56:13: SourceMod log file session started (file "/home/steam/game_server/Left_4_Dead_2/left4dead2/addons/sourcemod/logs/L20250731.log") (Version "1.12.0.7207")
L 07/31/2025 - 13:56:13: [basecommands.smx] "Console<0><Console><Console>" changed cvar (cvar "z_difficulty") (value "hard")
L 07/31/2025 - 13:56:13: [basecommands.smx] "Console<0><Console><Console>" changed cvar (cvar "survivor_friendly_fire_factor_hard") (value "0.2")
L 07/31/2025 - 13:56:13: [basecommands.smx] "Console<0><Console><Console>" changed cvar (cvar "survivor_burn_factor_hard") (value "0.5")
L 07/31/2025 - 13:56:13: [basecommands.smx] "Console<0><Console><Console>" changed cvar (cvar "fps_max") (value "144")
L 07/31/2025 - 13:56:13: [basecommands.smx] "Console<0><Console><Console>" changed cvar (cvar "net_splitpacket_maxrate") (value "32000")
L 07/31/2025 - 13:56:13: [basecommands.smx] "Console<0><Console><Console>" changed cvar (cvar "nb_update_frequency") (value "0.024")
L 07/31/2025 - 13:56:13: [basecommands.smx] "Console<0><Console><Console>" changed cvar (cvar "sv_minrate") (value "64000")
L 07/31/2025 - 13:56:13: [basecommands.smx] "Console<0><Console><Console>" changed cvar (cvar "sv_maxrate") (value "64000")
L 07/31/2025 - 13:56:13: [basecommands.smx] "Console<0><Console><Console>" changed cvar (cvar "sv_mincmdrate") (value "64")
L 07/31/2025 - 13:56:13: [basecommands.smx] "Console<0><Console><Console>" changed cvar (cvar "sv_maxcmdrate") (value "64")
L 07/31/2025 - 13:56:13: [basecommands.smx] "Console<0><Console><Console>" changed cvar (cvar "sv_minupdaterate") (value "64")
L 07/31/2025 - 13:56:13: [basecommands.smx] "Console<0><Console><Console>" changed cvar (cvar "sv_maxupdaterate") (value "64")
L 07/31/2025 - 13:56:13: [basecommands.smx] "Console<0><Console><Console>" changed cvar (cvar "sv_client_min_interp_ratio") (value "-1")
L 07/31/2025 - 13:56:13: [basecommands.smx] "Console<0><Console><Console>" changed cvar (cvar "sv_client_max_interp_ratio") (value "2")
L 07/31/2025 - 13:58:18: -------- Mapchange to c1m1_hotel --------
L 07/31/2025 - 13:58:19: [basecommands.smx] "Console<0><Console><Console>" changed cvar (cvar "z_difficulty") (value "hard")
L 07/31/2025 - 13:58:19: [basecommands.smx] "Console<0><Console><Console>" changed cvar (cvar "survivor_friendly_fire_factor_hard") (value "0.2")
L 07/31/2025 - 13:58:19: [basecommands.smx] "Console<0><Console><Console>" changed cvar (cvar "survivor_burn_factor_hard") (value "0.5")
L 07/31/2025 - 13:58:19: [basecommands.smx] "Console<0><Console><Console>" changed cvar (cvar "fps_max") (value "144")
L 07/31/2025 - 13:58:19: [basecommands.smx] "Console<0><Console><Console>" changed cvar (cvar "net_splitpacket_maxrate") (value "32000")
L 07/31/2025 - 13:58:19: [basecommands.smx] "Console<0><Console><Console>" changed cvar (cvar "nb_update_frequency") (value "0.024")
L 07/31/2025 - 13:58:19: [basecommands.smx] "Console<0><Console><Console>" changed cvar (cvar "sv_minrate") (value "64000")
L 07/31/2025 - 13:58:19: [basecommands.smx] "Console<0><Console><Console>" changed cvar (cvar "sv_maxrate") (value "64000")
L 07/31/2025 - 13:58:19: [basecommands.smx] "Console<0><Console><Console>" changed cvar (cvar "sv_mincmdrate") (value "64")
L 07/31/2025 - 13:58:19: [basecommands.smx] "Console<0><Console><Console>" changed cvar (cvar "sv_maxcmdrate") (value "64")
L 07/31/2025 - 13:58:19: [basecommands.smx] "Console<0><Console><Console>" changed cvar (cvar "sv_minupdaterate") (value "64")
L 07/31/2025 - 13:58:19: [basecommands.smx] "Console<0><Console><Console>" changed cvar (cvar "sv_maxupdaterate") (value "64")
L 07/31/2025 - 13:58:19: [basecommands.smx] "Console<0><Console><Console>" changed cvar (cvar "sv_client_min_interp_ratio") (value "-1")
L 07/31/2025 - 13:58:19: [basecommands.smx] "Console<0><Console><Console>" changed cvar (cvar "sv_client_max_interp_ratio") (value "2")
L 07/31/2025 - 13:58:22: Log file closed.
L 07/31/2025 - 14:03:59: SourceMod log file session started (file "/home/steam/game_server/Left_4_Dead_2/left4dead2/addons/sourcemod/logs/L20250731.log") (Version "1.12.0.7207")
L 07/31/2025 - 14:03:59: [basecommands.smx] "Console<0><Console><Console>" changed cvar (cvar "z_difficulty") (value "hard")
L 07/31/2025 - 14:03:59: [basecommands.smx] "Console<0><Console><Console>" changed cvar (cvar "survivor_friendly_fire_factor_hard") (value "0.2")
L 07/31/2025 - 14:03:59: [basecommands.smx] "Console<0><Console><Console>" changed cvar (cvar "survivor_burn_factor_hard") (value "0.5")
L 07/31/2025 - 14:03:59: [basecommands.smx] "Console<0><Console><Console>" changed cvar (cvar "fps_max") (value "144")
L 07/31/2025 - 14:03:59: [basecommands.smx] "Console<0><Console><Console>" changed cvar (cvar "net_splitpacket_maxrate") (value "32000")
L 07/31/2025 - 14:03:59: [basecommands.smx] "Console<0><Console><Console>" changed cvar (cvar "nb_update_frequency") (value "0.024")
L 07/31/2025 - 14:03:59: [basecommands.smx] "Console<0><Console><Console>" changed cvar (cvar "sv_minrate") (value "64000")
L 07/31/2025 - 14:03:59: [basecommands.smx] "Console<0><Console><Console>" changed cvar (cvar "sv_maxrate") (value "64000")
L 07/31/2025 - 14:03:59: [basecommands.smx] "Console<0><Console><Console>" changed cvar (cvar "sv_mincmdrate") (value "64")
L 07/31/2025 - 14:03:59: [basecommands.smx] "Console<0><Console><Console>" changed cvar (cvar "sv_maxcmdrate") (value "64")
L 07/31/2025 - 14:03:59: [basecommands.smx] "Console<0><Console><Console>" changed cvar (cvar "sv_minupdaterate") (value "64")
L 07/31/2025 - 14:03:59: [basecommands.smx] "Console<0><Console><Console>" changed cvar (cvar "sv_maxupdaterate") (value "64")
L 07/31/2025 - 14:03:59: [basecommands.smx] "Console<0><Console><Console>" changed cvar (cvar "sv_client_min_interp_ratio") (value "-1")
L 07/31/2025 - 14:03:59: [basecommands.smx] "Console<0><Console><Console>" changed cvar (cvar "sv_client_max_interp_ratio") (value "2")
L 07/31/2025 - 14:05:45: -------- Mapchange to c1m1_hotel --------
L 07/31/2025 - 14:05:46: [basecommands.smx] "Console<0><Console><Console>" changed cvar (cvar "z_difficulty") (value "hard")
L 07/31/2025 - 14:05:46: [basecommands.smx] "Console<0><Console><Console>" changed cvar (cvar "survivor_friendly_fire_factor_hard") (value "0.2")
L 07/31/2025 - 14:05:46: [basecommands.smx] "Console<0><Console><Console>" changed cvar (cvar "survivor_burn_factor_hard") (value "0.5")
L 07/31/2025 - 14:05:46: [basecommands.smx] "Console<0><Console><Console>" changed cvar (cvar "fps_max") (value "144")
L 07/31/2025 - 14:05:46: [basecommands.smx] "Console<0><Console><Console>" changed cvar (cvar "net_splitpacket_maxrate") (value "32000")
L 07/31/2025 - 14:05:46: [basecommands.smx] "Console<0><Console><Console>" changed cvar (cvar "nb_update_frequency") (value "0.024")
L 07/31/2025 - 14:05:46: [basecommands.smx] "Console<0><Console><Console>" changed cvar (cvar "sv_minrate") (value "64000")
L 07/31/2025 - 14:05:46: [basecommands.smx] "Console<0><Console><Console>" changed cvar (cvar "sv_maxrate") (value "64000")
L 07/31/2025 - 14:05:46: [basecommands.smx] "Console<0><Console><Console>" changed cvar (cvar "sv_mincmdrate") (value "64")
L 07/31/2025 - 14:05:46: [basecommands.smx] "Console<0><Console><Console>" changed cvar (cvar "sv_maxcmdrate") (value "64")
L 07/31/2025 - 14:05:46: [basecommands.smx] "Console<0><Console><Console>" changed cvar (cvar "sv_minupdaterate") (value "64")
L 07/31/2025 - 14:05:46: [basecommands.smx] "Console<0><Console><Console>" changed cvar (cvar "sv_maxupdaterate") (value "64")
L 07/31/2025 - 14:05:46: [basecommands.smx] "Console<0><Console><Console>" changed cvar (cvar "sv_client_min_interp_ratio") (value "-1")
L 07/31/2025 - 14:05:46: [basecommands.smx] "Console<0><Console><Console>" changed cvar (cvar "sv_client_max_interp_ratio") (value "2")
L 07/31/2025 - 14:05:51: Log file closed.
L 07/31/2025 - 14:07:40: SourceMod log file session started (file "/home/steam/game_server/Left_4_Dead_2/left4dead2/addons/sourcemod/logs/L20250731.log") (Version "1.12.0.7207")
L 07/31/2025 - 14:07:40: [basecommands.smx] "Console<0><Console><Console>" changed cvar (cvar "z_difficulty") (value "hard")
L 07/31/2025 - 14:07:40: [basecommands.smx] "Console<0><Console><Console>" changed cvar (cvar "survivor_friendly_fire_factor_hard") (value "0.2")
L 07/31/2025 - 14:07:40: [basecommands.smx] "Console<0><Console><Console>" changed cvar (cvar "survivor_burn_factor_hard") (value "0.5")
L 07/31/2025 - 14:07:40: [basecommands.smx] "Console<0><Console><Console>" changed cvar (cvar "fps_max") (value "144")
L 07/31/2025 - 14:07:40: [basecommands.smx] "Console<0><Console><Console>" changed cvar (cvar "net_splitpacket_maxrate") (value "32000")
L 07/31/2025 - 14:07:40: [basecommands.smx] "Console<0><Console><Console>" changed cvar (cvar "nb_update_frequency") (value "0.024")
L 07/31/2025 - 14:07:40: [basecommands.smx] "Console<0><Console><Console>" changed cvar (cvar "sv_minrate") (value "64000")
L 07/31/2025 - 14:07:40: [basecommands.smx] "Console<0><Console><Console>" changed cvar (cvar "sv_maxrate") (value "64000")
L 07/31/2025 - 14:07:40: [basecommands.smx] "Console<0><Console><Console>" changed cvar (cvar "sv_mincmdrate") (value "64")
L 07/31/2025 - 14:07:40: [basecommands.smx] "Console<0><Console><Console>" changed cvar (cvar "sv_maxcmdrate") (value "64")
L 07/31/2025 - 14:07:40: [basecommands.smx] "Console<0><Console><Console>" changed cvar (cvar "sv_minupdaterate") (value "64")
L 07/31/2025 - 14:07:40: [basecommands.smx] "Console<0><Console><Console>" changed cvar (cvar "sv_maxupdaterate") (value "64")
L 07/31/2025 - 14:07:40: [basecommands.smx] "Console<0><Console><Console>" changed cvar (cvar "sv_client_min_interp_ratio") (value "-1")
L 07/31/2025 - 14:07:40: [basecommands.smx] "Console<0><Console><Console>" changed cvar (cvar "sv_client_max_interp_ratio") (value "2")
L 07/31/2025 - 16:24:51: SourceMod log file session started (file "/home/steam/game_server/Left_4_Dead_2/left4dead2/addons/sourcemod/logs/L20250731.log") (Version "1.12.0.7207")
L 07/31/2025 - 16:24:51: [basecommands.smx] "Console<0><Console><Console>" changed cvar (cvar "z_difficulty") (value "hard")
L 07/31/2025 - 16:24:51: [basecommands.smx] "Console<0><Console><Console>" changed cvar (cvar "survivor_friendly_fire_factor_hard") (value "0.2")
L 07/31/2025 - 16:24:51: [basecommands.smx] "Console<0><Console><Console>" changed cvar (cvar "survivor_burn_factor_hard") (value "0.5")
L 07/31/2025 - 16:24:51: [basecommands.smx] "Console<0><Console><Console>" changed cvar (cvar "fps_max") (value "144")
L 07/31/2025 - 16:24:51: [basecommands.smx] "Console<0><Console><Console>" changed cvar (cvar "net_splitpacket_maxrate") (value "32000")
L 07/31/2025 - 16:24:51: [basecommands.smx] "Console<0><Console><Console>" changed cvar (cvar "nb_update_frequency") (value "0.024")
L 07/31/2025 - 16:24:51: [basecommands.smx] "Console<0><Console><Console>" changed cvar (cvar "sv_minrate") (value "64000")
L 07/31/2025 - 16:24:51: [basecommands.smx] "Console<0><Console><Console>" changed cvar (cvar "sv_maxrate") (value "64000")
L 07/31/2025 - 16:24:51: [basecommands.smx] "Console<0><Console><Console>" changed cvar (cvar "sv_mincmdrate") (value "64")
L 07/31/2025 - 16:24:51: [basecommands.smx] "Console<0><Console><Console>" changed cvar (cvar "sv_maxcmdrate") (value "64")
L 07/31/2025 - 16:24:51: [basecommands.smx] "Console<0><Console><Console>" changed cvar (cvar "sv_minupdaterate") (value "64")
L 07/31/2025 - 16:24:51: [basecommands.smx] "Console<0><Console><Console>" changed cvar (cvar "sv_maxupdaterate") (value "64")
L 07/31/2025 - 16:24:51: [basecommands.smx] "Console<0><Console><Console>" changed cvar (cvar "sv_client_min_interp_ratio") (value "-1")
L 07/31/2025 - 16:24:51: [basecommands.smx] "Console<0><Console><Console>" changed cvar (cvar "sv_client_max_interp_ratio") (value "2")
L 07/31/2025 - 16:24:59: Log file closed.
L 07/31/2025 - 20:34:06: SourceMod log file session started (file "/home/steam/game_server/Left_4_Dead_2/left4dead2/addons/sourcemod/logs/L20250731.log") (Version "1.12.0.7207")
L 07/31/2025 - 20:34:06: [basecommands.smx] "Console<0><Console><Console>" changed cvar (cvar "z_difficulty") (value "hard")
L 07/31/2025 - 20:34:06: [basecommands.smx] "Console<0><Console><Console>" changed cvar (cvar "survivor_friendly_fire_factor_hard") (value "0.2")
L 07/31/2025 - 20:34:06: [basecommands.smx] "Console<0><Console><Console>" changed cvar (cvar "survivor_burn_factor_hard") (value "0.5")
L 07/31/2025 - 20:34:06: [basecommands.smx] "Console<0><Console><Console>" changed cvar (cvar "fps_max") (value "144")
L 07/31/2025 - 20:34:06: [basecommands.smx] "Console<0><Console><Console>" changed cvar (cvar "net_splitpacket_maxrate") (value "32000")
L 07/31/2025 - 20:34:06: [basecommands.smx] "Console<0><Console><Console>" changed cvar (cvar "nb_update_frequency") (value "0.024")
L 07/31/2025 - 20:34:06: [basecommands.smx] "Console<0><Console><Console>" changed cvar (cvar "sv_minrate") (value "64000")
L 07/31/2025 - 20:34:06: [basecommands.smx] "Console<0><Console><Console>" changed cvar (cvar "sv_maxrate") (value "64000")
L 07/31/2025 - 20:34:06: [basecommands.smx] "Console<0><Console><Console>" changed cvar (cvar "sv_mincmdrate") (value "64")
L 07/31/2025 - 20:34:06: [basecommands.smx] "Console<0><Console><Console>" changed cvar (cvar "sv_maxcmdrate") (value "64")
L 07/31/2025 - 20:34:06: [basecommands.smx] "Console<0><Console><Console>" changed cvar (cvar "sv_minupdaterate") (value "64")
L 07/31/2025 - 20:34:06: [basecommands.smx] "Console<0><Console><Console>" changed cvar (cvar "sv_maxupdaterate") (value "64")
L 07/31/2025 - 20:34:06: [basecommands.smx] "Console<0><Console><Console>" changed cvar (cvar "sv_client_min_interp_ratio") (value "-1")
L 07/31/2025 - 20:34:06: [basecommands.smx] "Console<0><Console><Console>" changed cvar (cvar "sv_client_max_interp_ratio") (value "2")
L 07/31/2025 - 20:34:40: SourceMod log file session started (file "/home/steam/game_server/Left_4_Dead_2/left4dead2/addons/sourcemod/logs/L20250731.log") (Version "1.12.0.7207")
L 07/31/2025 - 20:34:40: [basecommands.smx] "Console<0><Console><Console>" changed cvar (cvar "z_difficulty") (value "hard")
L 07/31/2025 - 20:34:40: [basecommands.smx] "Console<0><Console><Console>" changed cvar (cvar "survivor_friendly_fire_factor_hard") (value "0.2")
L 07/31/2025 - 20:34:40: [basecommands.smx] "Console<0><Console><Console>" changed cvar (cvar "survivor_burn_factor_hard") (value "0.5")
L 07/31/2025 - 20:34:40: [basecommands.smx] "Console<0><Console><Console>" changed cvar (cvar "fps_max") (value "144")
L 07/31/2025 - 20:34:40: [basecommands.smx] "Console<0><Console><Console>" changed cvar (cvar "net_splitpacket_maxrate") (value "32000")
L 07/31/2025 - 20:34:40: [basecommands.smx] "Console<0><Console><Console>" changed cvar (cvar "nb_update_frequency") (value "0.024")
L 07/31/2025 - 20:34:40: [basecommands.smx] "Console<0><Console><Console>" changed cvar (cvar "sv_minrate") (value "64000")
L 07/31/2025 - 20:34:40: [basecommands.smx] "Console<0><Console><Console>" changed cvar (cvar "sv_maxrate") (value "64000")
L 07/31/2025 - 20:34:40: [basecommands.smx] "Console<0><Console><Console>" changed cvar (cvar "sv_mincmdrate") (value "64")
L 07/31/2025 - 20:34:40: [basecommands.smx] "Console<0><Console><Console>" changed cvar (cvar "sv_maxcmdrate") (value "64")
L 07/31/2025 - 20:34:40: [basecommands.smx] "Console<0><Console><Console>" changed cvar (cvar "sv_minupdaterate") (value "64")
L 07/31/2025 - 20:34:40: [basecommands.smx] "Console<0><Console><Console>" changed cvar (cvar "sv_maxupdaterate") (value "64")
L 07/31/2025 - 20:34:40: [basecommands.smx] "Console<0><Console><Console>" changed cvar (cvar "sv_client_min_interp_ratio") (value "-1")
L 07/31/2025 - 20:34:40: [basecommands.smx] "Console<0><Console><Console>" changed cvar (cvar "sv_client_max_interp_ratio") (value "2")
L 07/31/2025 - 20:57:57: SourceMod log file session started (file "/home/steam/game_server/Left_4_Dead_2/left4dead2/addons/sourcemod/logs/L20250731.log") (Version "1.12.0.7207")
L 07/31/2025 - 20:57:57: [basecommands.smx] "Console<0><Console><Console>" changed cvar (cvar "z_difficulty") (value "hard")
L 07/31/2025 - 20:57:57: [basecommands.smx] "Console<0><Console><Console>" changed cvar (cvar "survivor_friendly_fire_factor_hard") (value "0.2")
L 07/31/2025 - 20:57:57: [basecommands.smx] "Console<0><Console><Console>" changed cvar (cvar "survivor_burn_factor_hard") (value "0.5")
L 07/31/2025 - 20:57:57: [basecommands.smx] "Console<0><Console><Console>" changed cvar (cvar "fps_max") (value "144")
L 07/31/2025 - 20:57:57: [basecommands.smx] "Console<0><Console><Console>" changed cvar (cvar "net_splitpacket_maxrate") (value "32000")
L 07/31/2025 - 20:57:57: [basecommands.smx] "Console<0><Console><Console>" changed cvar (cvar "nb_update_frequency") (value "0.024")
L 07/31/2025 - 20:57:57: [basecommands.smx] "Console<0><Console><Console>" changed cvar (cvar "sv_minrate") (value "64000")
L 07/31/2025 - 20:57:57: [basecommands.smx] "Console<0><Console><Console>" changed cvar (cvar "sv_maxrate") (value "64000")
L 07/31/2025 - 20:57:57: [basecommands.smx] "Console<0><Console><Console>" changed cvar (cvar "sv_mincmdrate") (value "64")
L 07/31/2025 - 20:57:57: [basecommands.smx] "Console<0><Console><Console>" changed cvar (cvar "sv_maxcmdrate") (value "64")
L 07/31/2025 - 20:57:57: [basecommands.smx] "Console<0><Console><Console>" changed cvar (cvar "sv_minupdaterate") (value "64")
L 07/31/2025 - 20:57:57: [basecommands.smx] "Console<0><Console><Console>" changed cvar (cvar "sv_maxupdaterate") (value "64")
L 07/31/2025 - 20:57:57: [basecommands.smx] "Console<0><Console><Console>" changed cvar (cvar "sv_client_min_interp_ratio") (value "-1")
L 07/31/2025 - 20:57:57: [basecommands.smx] "Console<0><Console><Console>" changed cvar (cvar "sv_client_max_interp_ratio") (value "2")
L 07/31/2025 - 20:58:05: SourceMod log file session started (file "/home/steam/game_server/Left_4_Dead_2/left4dead2/addons/sourcemod/logs/L20250731.log") (Version "1.12.0.7207")
L 07/31/2025 - 20:58:05: [basecommands.smx] "Console<0><Console><Console>" changed cvar (cvar "z_difficulty") (value "hard")
L 07/31/2025 - 20:58:05: [basecommands.smx] "Console<0><Console><Console>" changed cvar (cvar "survivor_friendly_fire_factor_hard") (value "0.2")
L 07/31/2025 - 20:58:05: [basecommands.smx] "Console<0><Console><Console>" changed cvar (cvar "survivor_burn_factor_hard") (value "0.5")
L 07/31/2025 - 20:58:05: [basecommands.smx] "Console<0><Console><Console>" changed cvar (cvar "fps_max") (value "144")
L 07/31/2025 - 20:58:05: [basecommands.smx] "Console<0><Console><Console>" changed cvar (cvar "net_splitpacket_maxrate") (value "32000")
L 07/31/2025 - 20:58:05: [basecommands.smx] "Console<0><Console><Console>" changed cvar (cvar "nb_update_frequency") (value "0.024")
L 07/31/2025 - 20:58:05: [basecommands.smx] "Console<0><Console><Console>" changed cvar (cvar "sv_minrate") (value "64000")
L 07/31/2025 - 20:58:05: [basecommands.smx] "Console<0><Console><Console>" changed cvar (cvar "sv_maxrate") (value "64000")
L 07/31/2025 - 20:58:05: [basecommands.smx] "Console<0><Console><Console>" changed cvar (cvar "sv_mincmdrate") (value "64")
L 07/31/2025 - 20:58:05: [basecommands.smx] "Console<0><Console><Console>" changed cvar (cvar "sv_maxcmdrate") (value "64")
L 07/31/2025 - 20:58:05: [basecommands.smx] "Console<0><Console><Console>" changed cvar (cvar "sv_minupdaterate") (value "64")
L 07/31/2025 - 20:58:05: [basecommands.smx] "Console<0><Console><Console>" changed cvar (cvar "sv_maxupdaterate") (value "64")
L 07/31/2025 - 20:58:05: [basecommands.smx] "Console<0><Console><Console>" changed cvar (cvar "sv_client_min_interp_ratio") (value "-1")
L 07/31/2025 - 20:58:05: [basecommands.smx] "Console<0><Console><Console>" changed cvar (cvar "sv_client_max_interp_ratio") (value "2")
L 07/31/2025 - 21:01:35: SourceMod log file session started (file "/home/steam/game_server/Left_4_Dead_2/left4dead2/addons/sourcemod/logs/L20250731.log") (Version "1.12.0.7207")
L 07/31/2025 - 21:01:35: [basecommands.smx] "Console<0><Console><Console>" changed cvar (cvar "z_difficulty") (value "hard")
L 07/31/2025 - 21:01:35: [basecommands.smx] "Console<0><Console><Console>" changed cvar (cvar "survivor_friendly_fire_factor_hard") (value "0.2")
L 07/31/2025 - 21:01:35: [basecommands.smx] "Console<0><Console><Console>" changed cvar (cvar "survivor_burn_factor_hard") (value "0.5")
L 07/31/2025 - 21:01:35: [basecommands.smx] "Console<0><Console><Console>" changed cvar (cvar "fps_max") (value "144")
L 07/31/2025 - 21:01:35: [basecommands.smx] "Console<0><Console><Console>" changed cvar (cvar "net_splitpacket_maxrate") (value "32000")
L 07/31/2025 - 21:01:35: [basecommands.smx] "Console<0><Console><Console>" changed cvar (cvar "nb_update_frequency") (value "0.024")
L 07/31/2025 - 21:01:35: [basecommands.smx] "Console<0><Console><Console>" changed cvar (cvar "sv_minrate") (value "64000")
L 07/31/2025 - 21:01:35: [basecommands.smx] "Console<0><Console><Console>" changed cvar (cvar "sv_maxrate") (value "64000")
L 07/31/2025 - 21:01:35: [basecommands.smx] "Console<0><Console><Console>" changed cvar (cvar "sv_mincmdrate") (value "64")
L 07/31/2025 - 21:01:35: [basecommands.smx] "Console<0><Console><Console>" changed cvar (cvar "sv_maxcmdrate") (value "64")
L 07/31/2025 - 21:01:35: [basecommands.smx] "Console<0><Console><Console>" changed cvar (cvar "sv_minupdaterate") (value "64")
L 07/31/2025 - 21:01:35: [basecommands.smx] "Console<0><Console><Console>" changed cvar (cvar "sv_maxupdaterate") (value "64")
L 07/31/2025 - 21:01:35: [basecommands.smx] "Console<0><Console><Console>" changed cvar (cvar "sv_client_min_interp_ratio") (value "-1")
L 07/31/2025 - 21:01:35: [basecommands.smx] "Console<0><Console><Console>" changed cvar (cvar "sv_client_max_interp_ratio") (value "2")
L 07/31/2025 - 21:08:46: -------- Mapchange to cotd01_apartments_redux --------
L 07/31/2025 - 21:08:48: [basecommands.smx] "Console<0><Console><Console>" changed cvar (cvar "z_difficulty") (value "hard")
L 07/31/2025 - 21:08:48: [basecommands.smx] "Console<0><Console><Console>" changed cvar (cvar "survivor_friendly_fire_factor_hard") (value "0.2")
L 07/31/2025 - 21:08:48: [basecommands.smx] "Console<0><Console><Console>" changed cvar (cvar "survivor_burn_factor_hard") (value "0.5")
L 07/31/2025 - 21:08:48: [basecommands.smx] "Console<0><Console><Console>" changed cvar (cvar "fps_max") (value "144")
L 07/31/2025 - 21:08:48: [basecommands.smx] "Console<0><Console><Console>" changed cvar (cvar "net_splitpacket_maxrate") (value "32000")
L 07/31/2025 - 21:08:48: [basecommands.smx] "Console<0><Console><Console>" changed cvar (cvar "nb_update_frequency") (value "0.024")
L 07/31/2025 - 21:08:48: [basecommands.smx] "Console<0><Console><Console>" changed cvar (cvar "sv_minrate") (value "64000")
L 07/31/2025 - 21:08:48: [basecommands.smx] "Console<0><Console><Console>" changed cvar (cvar "sv_maxrate") (value "64000")
L 07/31/2025 - 21:08:48: [basecommands.smx] "Console<0><Console><Console>" changed cvar (cvar "sv_mincmdrate") (value "64")
L 07/31/2025 - 21:08:48: [basecommands.smx] "Console<0><Console><Console>" changed cvar (cvar "sv_maxcmdrate") (value "64")
L 07/31/2025 - 21:08:48: [basecommands.smx] "Console<0><Console><Console>" changed cvar (cvar "sv_minupdaterate") (value "64")
L 07/31/2025 - 21:08:48: [basecommands.smx] "Console<0><Console><Console>" changed cvar (cvar "sv_maxupdaterate") (value "64")
L 07/31/2025 - 21:08:48: [basecommands.smx] "Console<0><Console><Console>" changed cvar (cvar "sv_client_min_interp_ratio") (value "-1")
L 07/31/2025 - 21:08:48: [basecommands.smx] "Console<0><Console><Console>" changed cvar (cvar "sv_client_max_interp_ratio") (value "2")
L 07/31/2025 - 21:19:38: SourceMod log file session started (file "/home/steam/game_server/Left_4_Dead_2/left4dead2/addons/sourcemod/logs/L20250731.log") (Version "1.12.0.7207")
L 07/31/2025 - 21:19:38: [basecommands.smx] "Console<0><Console><Console>" changed cvar (cvar "z_difficulty") (value "hard")
L 07/31/2025 - 21:19:38: [basecommands.smx] "Console<0><Console><Console>" changed cvar (cvar "survivor_friendly_fire_factor_hard") (value "0.2")
L 07/31/2025 - 21:19:38: [basecommands.smx] "Console<0><Console><Console>" changed cvar (cvar "survivor_burn_factor_hard") (value "0.5")
L 07/31/2025 - 21:19:38: [basecommands.smx] "Console<0><Console><Console>" changed cvar (cvar "fps_max") (value "144")
L 07/31/2025 - 21:19:38: [basecommands.smx] "Console<0><Console><Console>" changed cvar (cvar "net_splitpacket_maxrate") (value "32000")
L 07/31/2025 - 21:19:38: [basecommands.smx] "Console<0><Console><Console>" changed cvar (cvar "nb_update_frequency") (value "0.024")
L 07/31/2025 - 21:19:38: [basecommands.smx] "Console<0><Console><Console>" changed cvar (cvar "sv_minrate") (value "64000")
L 07/31/2025 - 21:19:38: [basecommands.smx] "Console<0><Console><Console>" changed cvar (cvar "sv_maxrate") (value "64000")
L 07/31/2025 - 21:19:38: [basecommands.smx] "Console<0><Console><Console>" changed cvar (cvar "sv_mincmdrate") (value "64")
L 07/31/2025 - 21:19:38: [basecommands.smx] "Console<0><Console><Console>" changed cvar (cvar "sv_maxcmdrate") (value "64")
L 07/31/2025 - 21:19:38: [basecommands.smx] "Console<0><Console><Console>" changed cvar (cvar "sv_minupdaterate") (value "64")
L 07/31/2025 - 21:19:38: [basecommands.smx] "Console<0><Console><Console>" changed cvar (cvar "sv_maxupdaterate") (value "64")
L 07/31/2025 - 21:19:38: [basecommands.smx] "Console<0><Console><Console>" changed cvar (cvar "sv_client_min_interp_ratio") (value "-1")
L 07/31/2025 - 21:19:38: [basecommands.smx] "Console<0><Console><Console>" changed cvar (cvar "sv_client_max_interp_ratio") (value "2")
L 07/31/2025 - 21:22:13: -------- Mapchange to cotd01_apartments_redux --------
L 07/31/2025 - 21:22:14: [basecommands.smx] "Console<0><Console><Console>" changed cvar (cvar "z_difficulty") (value "hard")
L 07/31/2025 - 21:22:14: [basecommands.smx] "Console<0><Console><Console>" changed cvar (cvar "survivor_friendly_fire_factor_hard") (value "0.2")
L 07/31/2025 - 21:22:14: [basecommands.smx] "Console<0><Console><Console>" changed cvar (cvar "survivor_burn_factor_hard") (value "0.5")
L 07/31/2025 - 21:22:14: [basecommands.smx] "Console<0><Console><Console>" changed cvar (cvar "fps_max") (value "144")
L 07/31/2025 - 21:22:14: [basecommands.smx] "Console<0><Console><Console>" changed cvar (cvar "net_splitpacket_maxrate") (value "32000")
L 07/31/2025 - 21:22:14: [basecommands.smx] "Console<0><Console><Console>" changed cvar (cvar "nb_update_frequency") (value "0.024")
L 07/31/2025 - 21:22:14: [basecommands.smx] "Console<0><Console><Console>" changed cvar (cvar "sv_minrate") (value "64000")
L 07/31/2025 - 21:22:14: [basecommands.smx] "Console<0><Console><Console>" changed cvar (cvar "sv_maxrate") (value "64000")
L 07/31/2025 - 21:22:14: [basecommands.smx] "Console<0><Console><Console>" changed cvar (cvar "sv_mincmdrate") (value "64")
L 07/31/2025 - 21:22:14: [basecommands.smx] "Console<0><Console><Console>" changed cvar (cvar "sv_maxcmdrate") (value "64")
L 07/31/2025 - 21:22:14: [basecommands.smx] "Console<0><Console><Console>" changed cvar (cvar "sv_minupdaterate") (value "64")
L 07/31/2025 - 21:22:14: [basecommands.smx] "Console<0><Console><Console>" changed cvar (cvar "sv_maxupdaterate") (value "64")
L 07/31/2025 - 21:22:14: [basecommands.smx] "Console<0><Console><Console>" changed cvar (cvar "sv_client_min_interp_ratio") (value "-1")
L 07/31/2025 - 21:22:14: [basecommands.smx] "Console<0><Console><Console>" changed cvar (cvar "sv_client_max_interp_ratio") (value "2")
L 07/31/2025 - 21:36:11: -------- Mapchange to cotd02_streets_redux --------
L 07/31/2025 - 21:36:12: [basecommands.smx] "Console<0><Console><Console>" changed cvar (cvar "z_difficulty") (value "hard")
L 07/31/2025 - 21:36:12: [basecommands.smx] "Console<0><Console><Console>" changed cvar (cvar "survivor_friendly_fire_factor_hard") (value "0.2")
L 07/31/2025 - 21:36:12: [basecommands.smx] "Console<0><Console><Console>" changed cvar (cvar "survivor_burn_factor_hard") (value "0.5")
L 07/31/2025 - 21:36:12: [basecommands.smx] "Console<0><Console><Console>" changed cvar (cvar "fps_max") (value "144")
L 07/31/2025 - 21:36:12: [basecommands.smx] "Console<0><Console><Console>" changed cvar (cvar "net_splitpacket_maxrate") (value "32000")
L 07/31/2025 - 21:36:12: [basecommands.smx] "Console<0><Console><Console>" changed cvar (cvar "nb_update_frequency") (value "0.024")
L 07/31/2025 - 21:36:12: [basecommands.smx] "Console<0><Console><Console>" changed cvar (cvar "sv_minrate") (value "64000")
L 07/31/2025 - 21:36:12: [basecommands.smx] "Console<0><Console><Console>" changed cvar (cvar "sv_maxrate") (value "64000")
L 07/31/2025 - 21:36:12: [basecommands.smx] "Console<0><Console><Console>" changed cvar (cvar "sv_mincmdrate") (value "64")
L 07/31/2025 - 21:36:12: [basecommands.smx] "Console<0><Console><Console>" changed cvar (cvar "sv_maxcmdrate") (value "64")
L 07/31/2025 - 21:36:12: [basecommands.smx] "Console<0><Console><Console>" changed cvar (cvar "sv_minupdaterate") (value "64")
L 07/31/2025 - 21:36:12: [basecommands.smx] "Console<0><Console><Console>" changed cvar (cvar "sv_maxupdaterate") (value "64")
L 07/31/2025 - 21:36:12: [basecommands.smx] "Console<0><Console><Console>" changed cvar (cvar "sv_client_min_interp_ratio") (value "-1")
L 07/31/2025 - 21:36:12: [basecommands.smx] "Console<0><Console><Console>" changed cvar (cvar "sv_client_max_interp_ratio") (value "2")
L 07/31/2025 - 21:54:00: -------- Mapchange to cotd03_sewers_redux --------
L 07/31/2025 - 21:54:01: [basecommands.smx] "Console<0><Console><Console>" changed cvar (cvar "z_difficulty") (value "hard")
L 07/31/2025 - 21:54:01: [basecommands.smx] "Console<0><Console><Console>" changed cvar (cvar "survivor_friendly_fire_factor_hard") (value "0.2")
L 07/31/2025 - 21:54:01: [basecommands.smx] "Console<0><Console><Console>" changed cvar (cvar "survivor_burn_factor_hard") (value "0.5")
L 07/31/2025 - 21:54:01: [basecommands.smx] "Console<0><Console><Console>" changed cvar (cvar "fps_max") (value "144")
L 07/31/2025 - 21:54:01: [basecommands.smx] "Console<0><Console><Console>" changed cvar (cvar "net_splitpacket_maxrate") (value "32000")
L 07/31/2025 - 21:54:01: [basecommands.smx] "Console<0><Console><Console>" changed cvar (cvar "nb_update_frequency") (value "0.024")
L 07/31/2025 - 21:54:01: [basecommands.smx] "Console<0><Console><Console>" changed cvar (cvar "sv_minrate") (value "64000")
L 07/31/2025 - 21:54:01: [basecommands.smx] "Console<0><Console><Console>" changed cvar (cvar "sv_maxrate") (value "64000")
L 07/31/2025 - 21:54:01: [basecommands.smx] "Console<0><Console><Console>" changed cvar (cvar "sv_mincmdrate") (value "64")
L 07/31/2025 - 21:54:01: [basecommands.smx] "Console<0><Console><Console>" changed cvar (cvar "sv_maxcmdrate") (value "64")
L 07/31/2025 - 21:54:01: [basecommands.smx] "Console<0><Console><Console>" changed cvar (cvar "sv_minupdaterate") (value "64")
L 07/31/2025 - 21:54:01: [basecommands.smx] "Console<0><Console><Console>" changed cvar (cvar "sv_maxupdaterate") (value "64")
L 07/31/2025 - 21:54:01: [basecommands.smx] "Console<0><Console><Console>" changed cvar (cvar "sv_client_min_interp_ratio") (value "-1")
L 07/31/2025 - 21:54:01: [basecommands.smx] "Console<0><Console><Console>" changed cvar (cvar "sv_client_max_interp_ratio") (value "2")
L 07/31/2025 - 22:02:27: -------- Mapchange to cotd04_mall_redux --------
L 07/31/2025 - 22:02:28: [basecommands.smx] "Console<0><Console><Console>" changed cvar (cvar "z_difficulty") (value "hard")
L 07/31/2025 - 22:02:28: [basecommands.smx] "Console<0><Console><Console>" changed cvar (cvar "survivor_friendly_fire_factor_hard") (value "0.2")
L 07/31/2025 - 22:02:28: [basecommands.smx] "Console<0><Console><Console>" changed cvar (cvar "survivor_burn_factor_hard") (value "0.5")
L 07/31/2025 - 22:02:28: [basecommands.smx] "Console<0><Console><Console>" changed cvar (cvar "fps_max") (value "144")
L 07/31/2025 - 22:02:28: [basecommands.smx] "Console<0><Console><Console>" changed cvar (cvar "net_splitpacket_maxrate") (value "32000")
L 07/31/2025 - 22:02:28: [basecommands.smx] "Console<0><Console><Console>" changed cvar (cvar "nb_update_frequency") (value "0.024")
L 07/31/2025 - 22:02:28: [basecommands.smx] "Console<0><Console><Console>" changed cvar (cvar "sv_minrate") (value "64000")
L 07/31/2025 - 22:02:28: [basecommands.smx] "Console<0><Console><Console>" changed cvar (cvar "sv_maxrate") (value "64000")
L 07/31/2025 - 22:02:28: [basecommands.smx] "Console<0><Console><Console>" changed cvar (cvar "sv_mincmdrate") (value "64")
L 07/31/2025 - 22:02:28: [basecommands.smx] "Console<0><Console><Console>" changed cvar (cvar "sv_maxcmdrate") (value "64")
L 07/31/2025 - 22:02:28: [basecommands.smx] "Console<0><Console><Console>" changed cvar (cvar "sv_minupdaterate") (value "64")
L 07/31/2025 - 22:02:28: [basecommands.smx] "Console<0><Console><Console>" changed cvar (cvar "sv_maxupdaterate") (value "64")
L 07/31/2025 - 22:02:28: [basecommands.smx] "Console<0><Console><Console>" changed cvar (cvar "sv_client_min_interp_ratio") (value "-1")
L 07/31/2025 - 22:02:28: [basecommands.smx] "Console<0><Console><Console>" changed cvar (cvar "sv_client_max_interp_ratio") (value "2")
L 07/31/2025 - 22:16:22: -------- Mapchange to cotd05_rooftop_redux --------
L 07/31/2025 - 22:16:23: [basecommands.smx] "Console<0><Console><Console>" changed cvar (cvar "z_difficulty") (value "hard")
L 07/31/2025 - 22:16:23: [basecommands.smx] "Console<0><Console><Console>" changed cvar (cvar "survivor_friendly_fire_factor_hard") (value "0.2")
L 07/31/2025 - 22:16:23: [basecommands.smx] "Console<0><Console><Console>" changed cvar (cvar "survivor_burn_factor_hard") (value "0.5")
L 07/31/2025 - 22:16:23: [basecommands.smx] "Console<0><Console><Console>" changed cvar (cvar "fps_max") (value "144")
L 07/31/2025 - 22:16:23: [basecommands.smx] "Console<0><Console><Console>" changed cvar (cvar "net_splitpacket_maxrate") (value "32000")
L 07/31/2025 - 22:16:23: [basecommands.smx] "Console<0><Console><Console>" changed cvar (cvar "nb_update_frequency") (value "0.024")
L 07/31/2025 - 22:16:23: [basecommands.smx] "Console<0><Console><Console>" changed cvar (cvar "sv_minrate") (value "64000")
L 07/31/2025 - 22:16:23: [basecommands.smx] "Console<0><Console><Console>" changed cvar (cvar "sv_maxrate") (value "64000")
L 07/31/2025 - 22:16:23: [basecommands.smx] "Console<0><Console><Console>" changed cvar (cvar "sv_mincmdrate") (value "64")
L 07/31/2025 - 22:16:23: [basecommands.smx] "Console<0><Console><Console>" changed cvar (cvar "sv_maxcmdrate") (value "64")
L 07/31/2025 - 22:16:23: [basecommands.smx] "Console<0><Console><Console>" changed cvar (cvar "sv_minupdaterate") (value "64")
L 07/31/2025 - 22:16:23: [basecommands.smx] "Console<0><Console><Console>" changed cvar (cvar "sv_maxupdaterate") (value "64")
L 07/31/2025 - 22:16:23: [basecommands.smx] "Console<0><Console><Console>" changed cvar (cvar "sv_client_min_interp_ratio") (value "-1")
L 07/31/2025 - 22:16:23: [basecommands.smx] "Console<0><Console><Console>" changed cvar (cvar "sv_client_max_interp_ratio") (value "2")
L 07/31/2025 - 22:39:30: -------- Mapchange to cotd01_apartments_redux --------
L 07/31/2025 - 22:39:32: [basecommands.smx] "Console<0><Console><Console>" changed cvar (cvar "z_difficulty") (value "hard")
L 07/31/2025 - 22:39:32: [basecommands.smx] "Console<0><Console><Console>" changed cvar (cvar "survivor_friendly_fire_factor_hard") (value "0.2")
L 07/31/2025 - 22:39:32: [basecommands.smx] "Console<0><Console><Console>" changed cvar (cvar "survivor_burn_factor_hard") (value "0.5")
L 07/31/2025 - 22:39:32: [basecommands.smx] "Console<0><Console><Console>" changed cvar (cvar "fps_max") (value "144")
L 07/31/2025 - 22:39:32: [basecommands.smx] "Console<0><Console><Console>" changed cvar (cvar "net_splitpacket_maxrate") (value "32000")
L 07/31/2025 - 22:39:32: [basecommands.smx] "Console<0><Console><Console>" changed cvar (cvar "nb_update_frequency") (value "0.024")
L 07/31/2025 - 22:39:32: [basecommands.smx] "Console<0><Console><Console>" changed cvar (cvar "sv_minrate") (value "64000")
L 07/31/2025 - 22:39:32: [basecommands.smx] "Console<0><Console><Console>" changed cvar (cvar "sv_maxrate") (value "64000")
L 07/31/2025 - 22:39:32: [basecommands.smx] "Console<0><Console><Console>" changed cvar (cvar "sv_mincmdrate") (value "64")
L 07/31/2025 - 22:39:32: [basecommands.smx] "Console<0><Console><Console>" changed cvar (cvar "sv_maxcmdrate") (value "64")
L 07/31/2025 - 22:39:32: [basecommands.smx] "Console<0><Console><Console>" changed cvar (cvar "sv_minupdaterate") (value "64")
L 07/31/2025 - 22:39:32: [basecommands.smx] "Console<0><Console><Console>" changed cvar (cvar "sv_maxupdaterate") (value "64")
L 07/31/2025 - 22:39:32: [basecommands.smx] "Console<0><Console><Console>" changed cvar (cvar "sv_client_min_interp_ratio") (value "-1")
L 07/31/2025 - 22:39:32: [basecommands.smx] "Console<0><Console><Console>" changed cvar (cvar "sv_client_max_interp_ratio") (value "2")
L 07/31/2025 - 22:40:03: -------- Mapchange to waerjili --------
L 07/31/2025 - 22:40:05: [basecommands.smx] "Console<0><Console><Console>" changed cvar (cvar "z_difficulty") (value "hard")
L 07/31/2025 - 22:40:05: [basecommands.smx] "Console<0><Console><Console>" changed cvar (cvar "survivor_friendly_fire_factor_hard") (value "0.2")
L 07/31/2025 - 22:40:05: [basecommands.smx] "Console<0><Console><Console>" changed cvar (cvar "survivor_burn_factor_hard") (value "0.5")
L 07/31/2025 - 22:40:05: [basecommands.smx] "Console<0><Console><Console>" changed cvar (cvar "fps_max") (value "144")
L 07/31/2025 - 22:40:05: [basecommands.smx] "Console<0><Console><Console>" changed cvar (cvar "net_splitpacket_maxrate") (value "32000")
L 07/31/2025 - 22:40:05: [basecommands.smx] "Console<0><Console><Console>" changed cvar (cvar "nb_update_frequency") (value "0.024")
L 07/31/2025 - 22:40:05: [basecommands.smx] "Console<0><Console><Console>" changed cvar (cvar "sv_minrate") (value "64000")
L 07/31/2025 - 22:40:05: [basecommands.smx] "Console<0><Console><Console>" changed cvar (cvar "sv_maxrate") (value "64000")
L 07/31/2025 - 22:40:05: [basecommands.smx] "Console<0><Console><Console>" changed cvar (cvar "sv_mincmdrate") (value "64")
L 07/31/2025 - 22:40:05: [basecommands.smx] "Console<0><Console><Console>" changed cvar (cvar "sv_maxcmdrate") (value "64")
L 07/31/2025 - 22:40:05: [basecommands.smx] "Console<0><Console><Console>" changed cvar (cvar "sv_minupdaterate") (value "64")
L 07/31/2025 - 22:40:05: [basecommands.smx] "Console<0><Console><Console>" changed cvar (cvar "sv_maxupdaterate") (value "64")
L 07/31/2025 - 22:40:05: [basecommands.smx] "Console<0><Console><Console>" changed cvar (cvar "sv_client_min_interp_ratio") (value "-1")
L 07/31/2025 - 22:40:05: [basecommands.smx] "Console<0><Console><Console>" changed cvar (cvar "sv_client_max_interp_ratio") (value "2")
