L 07/16/2025 - 13:36:17: SourceMod log file session started (file "/home/user/servers/games/l4d2/left4dead2/addons/sourcemod/logs/L20250716.log") (Version "1.12.0.7207")
L 07/16/2025 - 13:36:17: [basecommands.smx] "Console<0><Console><Console>" changed cvar (cvar "net_splitpacket_maxrate") (value "30000")
L 07/16/2025 - 13:36:17: [basecommands.smx] "Console<0><Console><Console>" changed cvar (cvar "nb_update_frequency") (value "0.024")
L 07/16/2025 - 13:36:17: [basecommands.smx] "Console<0><Console><Console>" changed cvar (cvar "fps_max") (value "300")
L 07/16/2025 - 13:36:17: [basecommands.smx] "Console<0><Console><Console>" changed cvar (cvar "sv_minrate") (value "72000")
L 07/16/2025 - 13:36:17: [basecommands.smx] "Console<0><Console><Console>" changed cvar (cvar "sv_maxrate") (value "72000")
L 07/16/2025 - 13:36:17: [basecommands.smx] "Console<0><Console><Console>" changed cvar (cvar "sv_mincmdrate") (value "72")
L 07/16/2025 - 13:36:17: [basecommands.smx] "Console<0><Console><Console>" changed cvar (cvar "sv_maxcmdrate") (value "72")
L 07/16/2025 - 13:36:17: [basecommands.smx] "Console<0><Console><Console>" changed cvar (cvar "sv_minupdaterate") (value "72")
L 07/16/2025 - 13:36:17: [basecommands.smx] "Console<0><Console><Console>" changed cvar (cvar "sv_maxupdaterate") (value "72")
L 07/16/2025 - 13:36:17: [basecommands.smx] "Console<0><Console><Console>" changed cvar (cvar "sv_client_min_interp_ratio") (value "-1")
L 07/16/2025 - 13:36:17: [basecommands.smx] "Console<0><Console><Console>" changed cvar (cvar "sv_client_max_interp_ratio") (value "2")
L 07/16/2025 - 13:36:52: -------- Mapchange to c1m2_streets --------
L 07/16/2025 - 13:36:52: [basecommands.smx] "Console<0><Console><Console>" changed cvar (cvar "net_splitpacket_maxrate") (value "30000")
L 07/16/2025 - 13:36:52: [basecommands.smx] "Console<0><Console><Console>" changed cvar (cvar "nb_update_frequency") (value "0.024")
L 07/16/2025 - 13:36:52: [basecommands.smx] "Console<0><Console><Console>" changed cvar (cvar "fps_max") (value "300")
L 07/16/2025 - 13:36:52: [basecommands.smx] "Console<0><Console><Console>" changed cvar (cvar "sv_minrate") (value "72000")
L 07/16/2025 - 13:36:52: [basecommands.smx] "Console<0><Console><Console>" changed cvar (cvar "sv_maxrate") (value "72000")
L 07/16/2025 - 13:36:52: [basecommands.smx] "Console<0><Console><Console>" changed cvar (cvar "sv_mincmdrate") (value "72")
L 07/16/2025 - 13:36:52: [basecommands.smx] "Console<0><Console><Console>" changed cvar (cvar "sv_maxcmdrate") (value "72")
L 07/16/2025 - 13:36:52: [basecommands.smx] "Console<0><Console><Console>" changed cvar (cvar "sv_minupdaterate") (value "72")
L 07/16/2025 - 13:36:52: [basecommands.smx] "Console<0><Console><Console>" changed cvar (cvar "sv_maxupdaterate") (value "72")
L 07/16/2025 - 13:36:52: [basecommands.smx] "Console<0><Console><Console>" changed cvar (cvar "sv_client_min_interp_ratio") (value "-1")
L 07/16/2025 - 13:36:52: [basecommands.smx] "Console<0><Console><Console>" changed cvar (cvar "sv_client_max_interp_ratio") (value "2")
L 07/16/2025 - 13:36:53: [UPDATER] Successfully updated gamedata file "core.games/common.games.txt"
L 07/16/2025 - 13:36:53: [UPDATER] SourceMod has been updated, please reload it or restart your server.
L 07/16/2025 - 13:42:27: SourceMod log file session started (file "/home/user/servers/games/l4d2/left4dead2/addons/sourcemod/logs/L20250716.log") (Version "1.12.0.7207")
L 07/16/2025 - 13:42:27: [basecommands.smx] "Console<0><Console><Console>" changed cvar (cvar "net_splitpacket_maxrate") (value "30000")
L 07/16/2025 - 13:42:27: [basecommands.smx] "Console<0><Console><Console>" changed cvar (cvar "nb_update_frequency") (value "0.024")
L 07/16/2025 - 13:42:27: [basecommands.smx] "Console<0><Console><Console>" changed cvar (cvar "fps_max") (value "300")
L 07/16/2025 - 13:42:27: [basecommands.smx] "Console<0><Console><Console>" changed cvar (cvar "sv_minrate") (value "72000")
L 07/16/2025 - 13:42:27: [basecommands.smx] "Console<0><Console><Console>" changed cvar (cvar "sv_maxrate") (value "72000")
L 07/16/2025 - 13:42:27: [basecommands.smx] "Console<0><Console><Console>" changed cvar (cvar "sv_mincmdrate") (value "72")
L 07/16/2025 - 13:42:27: [basecommands.smx] "Console<0><Console><Console>" changed cvar (cvar "sv_maxcmdrate") (value "72")
L 07/16/2025 - 13:42:27: [basecommands.smx] "Console<0><Console><Console>" changed cvar (cvar "sv_minupdaterate") (value "72")
L 07/16/2025 - 13:42:27: [basecommands.smx] "Console<0><Console><Console>" changed cvar (cvar "sv_maxupdaterate") (value "72")
L 07/16/2025 - 13:42:27: [basecommands.smx] "Console<0><Console><Console>" changed cvar (cvar "sv_client_min_interp_ratio") (value "-1")
L 07/16/2025 - 13:42:27: [basecommands.smx] "Console<0><Console><Console>" changed cvar (cvar "sv_client_max_interp_ratio") (value "2")
L 07/16/2025 - 13:42:34: -------- Mapchange to c1m2_streets --------
L 07/16/2025 - 13:42:34: [basecommands.smx] "Console<0><Console><Console>" changed cvar (cvar "net_splitpacket_maxrate") (value "30000")
L 07/16/2025 - 13:42:34: [basecommands.smx] "Console<0><Console><Console>" changed cvar (cvar "nb_update_frequency") (value "0.024")
L 07/16/2025 - 13:42:34: [basecommands.smx] "Console<0><Console><Console>" changed cvar (cvar "fps_max") (value "300")
L 07/16/2025 - 13:42:34: [basecommands.smx] "Console<0><Console><Console>" changed cvar (cvar "sv_minrate") (value "72000")
L 07/16/2025 - 13:42:34: [basecommands.smx] "Console<0><Console><Console>" changed cvar (cvar "sv_maxrate") (value "72000")
L 07/16/2025 - 13:42:34: [basecommands.smx] "Console<0><Console><Console>" changed cvar (cvar "sv_mincmdrate") (value "72")
L 07/16/2025 - 13:42:34: [basecommands.smx] "Console<0><Console><Console>" changed cvar (cvar "sv_maxcmdrate") (value "72")
L 07/16/2025 - 13:42:34: [basecommands.smx] "Console<0><Console><Console>" changed cvar (cvar "sv_minupdaterate") (value "72")
L 07/16/2025 - 13:42:34: [basecommands.smx] "Console<0><Console><Console>" changed cvar (cvar "sv_maxupdaterate") (value "72")
L 07/16/2025 - 13:42:34: [basecommands.smx] "Console<0><Console><Console>" changed cvar (cvar "sv_client_min_interp_ratio") (value "-1")
L 07/16/2025 - 13:42:34: [basecommands.smx] "Console<0><Console><Console>" changed cvar (cvar "sv_client_max_interp_ratio") (value "2")
L 07/16/2025 - 13:46:13: SourceMod log file session started (file "/home/user/servers/games/l4d2/left4dead2/addons/sourcemod/logs/L20250716.log") (Version "1.12.0.7207")
L 07/16/2025 - 13:46:13: [basecommands.smx] "Console<0><Console><Console>" changed cvar (cvar "net_splitpacket_maxrate") (value "30000")
L 07/16/2025 - 13:46:13: [basecommands.smx] "Console<0><Console><Console>" changed cvar (cvar "nb_update_frequency") (value "0.024")
L 07/16/2025 - 13:46:13: [basecommands.smx] "Console<0><Console><Console>" changed cvar (cvar "fps_max") (value "300")
L 07/16/2025 - 13:46:13: [basecommands.smx] "Console<0><Console><Console>" changed cvar (cvar "sv_minrate") (value "72000")
L 07/16/2025 - 13:46:13: [basecommands.smx] "Console<0><Console><Console>" changed cvar (cvar "sv_maxrate") (value "72000")
L 07/16/2025 - 13:46:13: [basecommands.smx] "Console<0><Console><Console>" changed cvar (cvar "sv_mincmdrate") (value "72")
L 07/16/2025 - 13:46:13: [basecommands.smx] "Console<0><Console><Console>" changed cvar (cvar "sv_maxcmdrate") (value "72")
L 07/16/2025 - 13:46:13: [basecommands.smx] "Console<0><Console><Console>" changed cvar (cvar "sv_minupdaterate") (value "72")
L 07/16/2025 - 13:46:13: [basecommands.smx] "Console<0><Console><Console>" changed cvar (cvar "sv_maxupdaterate") (value "72")
L 07/16/2025 - 13:46:13: [basecommands.smx] "Console<0><Console><Console>" changed cvar (cvar "sv_client_min_interp_ratio") (value "-1")
L 07/16/2025 - 13:46:13: [basecommands.smx] "Console<0><Console><Console>" changed cvar (cvar "sv_client_max_interp_ratio") (value "2")
L 07/16/2025 - 13:46:19: -------- Mapchange to c1m2_streets --------
L 07/16/2025 - 13:46:20: [basecommands.smx] "Console<0><Console><Console>" changed cvar (cvar "net_splitpacket_maxrate") (value "30000")
L 07/16/2025 - 13:46:20: [basecommands.smx] "Console<0><Console><Console>" changed cvar (cvar "nb_update_frequency") (value "0.024")
L 07/16/2025 - 13:46:20: [basecommands.smx] "Console<0><Console><Console>" changed cvar (cvar "fps_max") (value "300")
L 07/16/2025 - 13:46:20: [basecommands.smx] "Console<0><Console><Console>" changed cvar (cvar "sv_minrate") (value "72000")
L 07/16/2025 - 13:46:20: [basecommands.smx] "Console<0><Console><Console>" changed cvar (cvar "sv_maxrate") (value "72000")
L 07/16/2025 - 13:46:20: [basecommands.smx] "Console<0><Console><Console>" changed cvar (cvar "sv_mincmdrate") (value "72")
L 07/16/2025 - 13:46:20: [basecommands.smx] "Console<0><Console><Console>" changed cvar (cvar "sv_maxcmdrate") (value "72")
L 07/16/2025 - 13:46:20: [basecommands.smx] "Console<0><Console><Console>" changed cvar (cvar "sv_minupdaterate") (value "72")
L 07/16/2025 - 13:46:20: [basecommands.smx] "Console<0><Console><Console>" changed cvar (cvar "sv_maxupdaterate") (value "72")
L 07/16/2025 - 13:46:20: [basecommands.smx] "Console<0><Console><Console>" changed cvar (cvar "sv_client_min_interp_ratio") (value "-1")
L 07/16/2025 - 13:46:20: [basecommands.smx] "Console<0><Console><Console>" changed cvar (cvar "sv_client_max_interp_ratio") (value "2")
L 07/16/2025 - 13:50:36: -------- Mapchange to c1m1_hotel --------
L 07/16/2025 - 13:50:37: [basecommands.smx] "Console<0><Console><Console>" changed cvar (cvar "net_splitpacket_maxrate") (value "30000")
L 07/16/2025 - 13:50:37: [basecommands.smx] "Console<0><Console><Console>" changed cvar (cvar "nb_update_frequency") (value "0.024")
L 07/16/2025 - 13:50:37: [basecommands.smx] "Console<0><Console><Console>" changed cvar (cvar "fps_max") (value "300")
L 07/16/2025 - 13:50:37: [basecommands.smx] "Console<0><Console><Console>" changed cvar (cvar "sv_minrate") (value "72000")
L 07/16/2025 - 13:50:37: [basecommands.smx] "Console<0><Console><Console>" changed cvar (cvar "sv_maxrate") (value "72000")
L 07/16/2025 - 13:50:37: [basecommands.smx] "Console<0><Console><Console>" changed cvar (cvar "sv_mincmdrate") (value "72")
L 07/16/2025 - 13:50:37: [basecommands.smx] "Console<0><Console><Console>" changed cvar (cvar "sv_maxcmdrate") (value "72")
L 07/16/2025 - 13:50:37: [basecommands.smx] "Console<0><Console><Console>" changed cvar (cvar "sv_minupdaterate") (value "72")
L 07/16/2025 - 13:50:37: [basecommands.smx] "Console<0><Console><Console>" changed cvar (cvar "sv_maxupdaterate") (value "72")
L 07/16/2025 - 13:50:37: [basecommands.smx] "Console<0><Console><Console>" changed cvar (cvar "sv_client_min_interp_ratio") (value "-1")
L 07/16/2025 - 13:50:37: [basecommands.smx] "Console<0><Console><Console>" changed cvar (cvar "sv_client_max_interp_ratio") (value "2")
L 07/16/2025 - 13:54:37: SourceMod log file session started (file "/home/user/servers/games/l4d2/left4dead2/addons/sourcemod/logs/L20250716.log") (Version "1.12.0.7207")
L 07/16/2025 - 13:54:37: [basecommands.smx] "Console<0><Console><Console>" changed cvar (cvar "net_splitpacket_maxrate") (value "30000")
L 07/16/2025 - 13:54:37: [basecommands.smx] "Console<0><Console><Console>" changed cvar (cvar "nb_update_frequency") (value "0.024")
L 07/16/2025 - 13:54:37: [basecommands.smx] "Console<0><Console><Console>" changed cvar (cvar "fps_max") (value "300")
L 07/16/2025 - 13:54:37: [basecommands.smx] "Console<0><Console><Console>" changed cvar (cvar "sv_minrate") (value "72000")
L 07/16/2025 - 13:54:37: [basecommands.smx] "Console<0><Console><Console>" changed cvar (cvar "sv_maxrate") (value "72000")
L 07/16/2025 - 13:54:37: [basecommands.smx] "Console<0><Console><Console>" changed cvar (cvar "sv_mincmdrate") (value "72")
L 07/16/2025 - 13:54:37: [basecommands.smx] "Console<0><Console><Console>" changed cvar (cvar "sv_maxcmdrate") (value "72")
L 07/16/2025 - 13:54:37: [basecommands.smx] "Console<0><Console><Console>" changed cvar (cvar "sv_minupdaterate") (value "72")
L 07/16/2025 - 13:54:37: [basecommands.smx] "Console<0><Console><Console>" changed cvar (cvar "sv_maxupdaterate") (value "72")
L 07/16/2025 - 13:54:37: [basecommands.smx] "Console<0><Console><Console>" changed cvar (cvar "sv_client_min_interp_ratio") (value "-1")
L 07/16/2025 - 13:54:37: [basecommands.smx] "Console<0><Console><Console>" changed cvar (cvar "sv_client_max_interp_ratio") (value "2")
L 07/16/2025 - 13:54:41: -------- Mapchange to c1m2_streets --------
L 07/16/2025 - 13:54:41: [basecommands.smx] "Console<0><Console><Console>" changed cvar (cvar "net_splitpacket_maxrate") (value "30000")
L 07/16/2025 - 13:54:41: [basecommands.smx] "Console<0><Console><Console>" changed cvar (cvar "nb_update_frequency") (value "0.024")
L 07/16/2025 - 13:54:41: [basecommands.smx] "Console<0><Console><Console>" changed cvar (cvar "fps_max") (value "300")
L 07/16/2025 - 13:54:41: [basecommands.smx] "Console<0><Console><Console>" changed cvar (cvar "sv_minrate") (value "72000")
L 07/16/2025 - 13:54:41: [basecommands.smx] "Console<0><Console><Console>" changed cvar (cvar "sv_maxrate") (value "72000")
L 07/16/2025 - 13:54:41: [basecommands.smx] "Console<0><Console><Console>" changed cvar (cvar "sv_mincmdrate") (value "72")
L 07/16/2025 - 13:54:41: [basecommands.smx] "Console<0><Console><Console>" changed cvar (cvar "sv_maxcmdrate") (value "72")
L 07/16/2025 - 13:54:41: [basecommands.smx] "Console<0><Console><Console>" changed cvar (cvar "sv_minupdaterate") (value "72")
L 07/16/2025 - 13:54:41: [basecommands.smx] "Console<0><Console><Console>" changed cvar (cvar "sv_maxupdaterate") (value "72")
L 07/16/2025 - 13:54:41: [basecommands.smx] "Console<0><Console><Console>" changed cvar (cvar "sv_client_min_interp_ratio") (value "-1")
L 07/16/2025 - 13:54:41: [basecommands.smx] "Console<0><Console><Console>" changed cvar (cvar "sv_client_max_interp_ratio") (value "2")
L 07/16/2025 - 13:56:06: -------- Mapchange to c1m1_hotel --------
L 07/16/2025 - 13:56:07: [basecommands.smx] "Console<0><Console><Console>" changed cvar (cvar "net_splitpacket_maxrate") (value "30000")
L 07/16/2025 - 13:56:07: [basecommands.smx] "Console<0><Console><Console>" changed cvar (cvar "nb_update_frequency") (value "0.024")
L 07/16/2025 - 13:56:07: [basecommands.smx] "Console<0><Console><Console>" changed cvar (cvar "fps_max") (value "300")
L 07/16/2025 - 13:56:07: [basecommands.smx] "Console<0><Console><Console>" changed cvar (cvar "sv_minrate") (value "72000")
L 07/16/2025 - 13:56:07: [basecommands.smx] "Console<0><Console><Console>" changed cvar (cvar "sv_maxrate") (value "72000")
L 07/16/2025 - 13:56:07: [basecommands.smx] "Console<0><Console><Console>" changed cvar (cvar "sv_mincmdrate") (value "72")
L 07/16/2025 - 13:56:07: [basecommands.smx] "Console<0><Console><Console>" changed cvar (cvar "sv_maxcmdrate") (value "72")
L 07/16/2025 - 13:56:07: [basecommands.smx] "Console<0><Console><Console>" changed cvar (cvar "sv_minupdaterate") (value "72")
L 07/16/2025 - 13:56:07: [basecommands.smx] "Console<0><Console><Console>" changed cvar (cvar "sv_maxupdaterate") (value "72")
L 07/16/2025 - 13:56:07: [basecommands.smx] "Console<0><Console><Console>" changed cvar (cvar "sv_client_min_interp_ratio") (value "-1")
L 07/16/2025 - 13:56:07: [basecommands.smx] "Console<0><Console><Console>" changed cvar (cvar "sv_client_max_interp_ratio") (value "2")
L 07/16/2025 - 13:56:26: SourceMod log file session started (file "/home/user/servers/games/l4d2/left4dead2/addons/sourcemod/logs/L20250716.log") (Version "1.12.0.7207")
L 07/16/2025 - 13:56:26: [basecommands.smx] "Console<0><Console><Console>" changed cvar (cvar "net_splitpacket_maxrate") (value "30000")
L 07/16/2025 - 13:56:26: [basecommands.smx] "Console<0><Console><Console>" changed cvar (cvar "nb_update_frequency") (value "0.024")
L 07/16/2025 - 13:56:26: [basecommands.smx] "Console<0><Console><Console>" changed cvar (cvar "fps_max") (value "300")
L 07/16/2025 - 13:56:26: [basecommands.smx] "Console<0><Console><Console>" changed cvar (cvar "sv_minrate") (value "72000")
L 07/16/2025 - 13:56:26: [basecommands.smx] "Console<0><Console><Console>" changed cvar (cvar "sv_maxrate") (value "72000")
L 07/16/2025 - 13:56:26: [basecommands.smx] "Console<0><Console><Console>" changed cvar (cvar "sv_mincmdrate") (value "72")
L 07/16/2025 - 13:56:26: [basecommands.smx] "Console<0><Console><Console>" changed cvar (cvar "sv_maxcmdrate") (value "72")
L 07/16/2025 - 13:56:26: [basecommands.smx] "Console<0><Console><Console>" changed cvar (cvar "sv_minupdaterate") (value "72")
L 07/16/2025 - 13:56:26: [basecommands.smx] "Console<0><Console><Console>" changed cvar (cvar "sv_maxupdaterate") (value "72")
L 07/16/2025 - 13:56:26: [basecommands.smx] "Console<0><Console><Console>" changed cvar (cvar "sv_client_min_interp_ratio") (value "-1")
L 07/16/2025 - 13:56:26: [basecommands.smx] "Console<0><Console><Console>" changed cvar (cvar "sv_client_max_interp_ratio") (value "2")
L 07/16/2025 - 13:56:30: -------- Mapchange to c1m2_streets --------
L 07/16/2025 - 13:56:31: [basecommands.smx] "Console<0><Console><Console>" changed cvar (cvar "net_splitpacket_maxrate") (value "30000")
L 07/16/2025 - 13:56:31: [basecommands.smx] "Console<0><Console><Console>" changed cvar (cvar "nb_update_frequency") (value "0.024")
L 07/16/2025 - 13:56:31: [basecommands.smx] "Console<0><Console><Console>" changed cvar (cvar "fps_max") (value "300")
L 07/16/2025 - 13:56:31: [basecommands.smx] "Console<0><Console><Console>" changed cvar (cvar "sv_minrate") (value "72000")
L 07/16/2025 - 13:56:31: [basecommands.smx] "Console<0><Console><Console>" changed cvar (cvar "sv_maxrate") (value "72000")
L 07/16/2025 - 13:56:31: [basecommands.smx] "Console<0><Console><Console>" changed cvar (cvar "sv_mincmdrate") (value "72")
L 07/16/2025 - 13:56:31: [basecommands.smx] "Console<0><Console><Console>" changed cvar (cvar "sv_maxcmdrate") (value "72")
L 07/16/2025 - 13:56:31: [basecommands.smx] "Console<0><Console><Console>" changed cvar (cvar "sv_minupdaterate") (value "72")
L 07/16/2025 - 13:56:31: [basecommands.smx] "Console<0><Console><Console>" changed cvar (cvar "sv_maxupdaterate") (value "72")
L 07/16/2025 - 13:56:31: [basecommands.smx] "Console<0><Console><Console>" changed cvar (cvar "sv_client_min_interp_ratio") (value "-1")
L 07/16/2025 - 13:56:31: [basecommands.smx] "Console<0><Console><Console>" changed cvar (cvar "sv_client_max_interp_ratio") (value "2")
L 07/16/2025 - 13:58:49: -------- Mapchange to c1m1_hotel --------
L 07/16/2025 - 13:58:50: [basecommands.smx] "Console<0><Console><Console>" changed cvar (cvar "net_splitpacket_maxrate") (value "30000")
L 07/16/2025 - 13:58:50: [basecommands.smx] "Console<0><Console><Console>" changed cvar (cvar "nb_update_frequency") (value "0.024")
L 07/16/2025 - 13:58:50: [basecommands.smx] "Console<0><Console><Console>" changed cvar (cvar "fps_max") (value "300")
L 07/16/2025 - 13:58:50: [basecommands.smx] "Console<0><Console><Console>" changed cvar (cvar "sv_minrate") (value "72000")
L 07/16/2025 - 13:58:50: [basecommands.smx] "Console<0><Console><Console>" changed cvar (cvar "sv_maxrate") (value "72000")
L 07/16/2025 - 13:58:50: [basecommands.smx] "Console<0><Console><Console>" changed cvar (cvar "sv_mincmdrate") (value "72")
L 07/16/2025 - 13:58:50: [basecommands.smx] "Console<0><Console><Console>" changed cvar (cvar "sv_maxcmdrate") (value "72")
L 07/16/2025 - 13:58:50: [basecommands.smx] "Console<0><Console><Console>" changed cvar (cvar "sv_minupdaterate") (value "72")
L 07/16/2025 - 13:58:50: [basecommands.smx] "Console<0><Console><Console>" changed cvar (cvar "sv_maxupdaterate") (value "72")
L 07/16/2025 - 13:58:50: [basecommands.smx] "Console<0><Console><Console>" changed cvar (cvar "sv_client_min_interp_ratio") (value "-1")
L 07/16/2025 - 13:58:50: [basecommands.smx] "Console<0><Console><Console>" changed cvar (cvar "sv_client_max_interp_ratio") (value "2")
L 07/16/2025 - 13:59:30: SourceMod log file session started (file "/home/user/servers/games/l4d2/left4dead2/addons/sourcemod/logs/L20250716.log") (Version "1.12.0.7207")
L 07/16/2025 - 13:59:30: [basecommands.smx] "Console<0><Console><Console>" changed cvar (cvar "net_splitpacket_maxrate") (value "30000")
L 07/16/2025 - 13:59:30: [basecommands.smx] "Console<0><Console><Console>" changed cvar (cvar "nb_update_frequency") (value "0.024")
L 07/16/2025 - 13:59:30: [basecommands.smx] "Console<0><Console><Console>" changed cvar (cvar "fps_max") (value "300")
L 07/16/2025 - 13:59:30: [basecommands.smx] "Console<0><Console><Console>" changed cvar (cvar "sv_minrate") (value "72000")
L 07/16/2025 - 13:59:30: [basecommands.smx] "Console<0><Console><Console>" changed cvar (cvar "sv_maxrate") (value "72000")
L 07/16/2025 - 13:59:30: [basecommands.smx] "Console<0><Console><Console>" changed cvar (cvar "sv_mincmdrate") (value "72")
L 07/16/2025 - 13:59:30: [basecommands.smx] "Console<0><Console><Console>" changed cvar (cvar "sv_maxcmdrate") (value "72")
L 07/16/2025 - 13:59:30: [basecommands.smx] "Console<0><Console><Console>" changed cvar (cvar "sv_minupdaterate") (value "72")
L 07/16/2025 - 13:59:30: [basecommands.smx] "Console<0><Console><Console>" changed cvar (cvar "sv_maxupdaterate") (value "72")
L 07/16/2025 - 13:59:30: [basecommands.smx] "Console<0><Console><Console>" changed cvar (cvar "sv_client_min_interp_ratio") (value "-1")
L 07/16/2025 - 13:59:30: [basecommands.smx] "Console<0><Console><Console>" changed cvar (cvar "sv_client_max_interp_ratio") (value "2")
L 07/16/2025 - 13:59:32: -------- Mapchange to c1m2_streets --------
L 07/16/2025 - 13:59:33: [basecommands.smx] "Console<0><Console><Console>" changed cvar (cvar "net_splitpacket_maxrate") (value "30000")
L 07/16/2025 - 13:59:33: [basecommands.smx] "Console<0><Console><Console>" changed cvar (cvar "nb_update_frequency") (value "0.024")
L 07/16/2025 - 13:59:33: [basecommands.smx] "Console<0><Console><Console>" changed cvar (cvar "fps_max") (value "300")
L 07/16/2025 - 13:59:33: [basecommands.smx] "Console<0><Console><Console>" changed cvar (cvar "sv_minrate") (value "72000")
L 07/16/2025 - 13:59:33: [basecommands.smx] "Console<0><Console><Console>" changed cvar (cvar "sv_maxrate") (value "72000")
L 07/16/2025 - 13:59:33: [basecommands.smx] "Console<0><Console><Console>" changed cvar (cvar "sv_mincmdrate") (value "72")
L 07/16/2025 - 13:59:33: [basecommands.smx] "Console<0><Console><Console>" changed cvar (cvar "sv_maxcmdrate") (value "72")
L 07/16/2025 - 13:59:33: [basecommands.smx] "Console<0><Console><Console>" changed cvar (cvar "sv_minupdaterate") (value "72")
L 07/16/2025 - 13:59:33: [basecommands.smx] "Console<0><Console><Console>" changed cvar (cvar "sv_maxupdaterate") (value "72")
L 07/16/2025 - 13:59:33: [basecommands.smx] "Console<0><Console><Console>" changed cvar (cvar "sv_client_min_interp_ratio") (value "-1")
L 07/16/2025 - 13:59:33: [basecommands.smx] "Console<0><Console><Console>" changed cvar (cvar "sv_client_max_interp_ratio") (value "2")
L 07/16/2025 - 14:02:51: SourceMod log file session started (file "/home/user/servers/games/l4d2/left4dead2/addons/sourcemod/logs/L20250716.log") (Version "1.12.0.7207")
L 07/16/2025 - 14:02:51: [basecommands.smx] "Console<0><Console><Console>" changed cvar (cvar "net_splitpacket_maxrate") (value "30000")
L 07/16/2025 - 14:02:51: [basecommands.smx] "Console<0><Console><Console>" changed cvar (cvar "nb_update_frequency") (value "0.024")
L 07/16/2025 - 14:02:51: [basecommands.smx] "Console<0><Console><Console>" changed cvar (cvar "fps_max") (value "300")
L 07/16/2025 - 14:02:51: [basecommands.smx] "Console<0><Console><Console>" changed cvar (cvar "sv_minrate") (value "72000")
L 07/16/2025 - 14:02:51: [basecommands.smx] "Console<0><Console><Console>" changed cvar (cvar "sv_maxrate") (value "72000")
L 07/16/2025 - 14:02:51: [basecommands.smx] "Console<0><Console><Console>" changed cvar (cvar "sv_mincmdrate") (value "72")
L 07/16/2025 - 14:02:51: [basecommands.smx] "Console<0><Console><Console>" changed cvar (cvar "sv_maxcmdrate") (value "72")
L 07/16/2025 - 14:02:51: [basecommands.smx] "Console<0><Console><Console>" changed cvar (cvar "sv_minupdaterate") (value "72")
L 07/16/2025 - 14:02:51: [basecommands.smx] "Console<0><Console><Console>" changed cvar (cvar "sv_maxupdaterate") (value "72")
L 07/16/2025 - 14:02:51: [basecommands.smx] "Console<0><Console><Console>" changed cvar (cvar "sv_client_min_interp_ratio") (value "-1")
L 07/16/2025 - 14:02:51: [basecommands.smx] "Console<0><Console><Console>" changed cvar (cvar "sv_client_max_interp_ratio") (value "2")
L 07/16/2025 - 14:03:19: -------- Mapchange to c1m2_streets --------
L 07/16/2025 - 14:03:23: [basecommands.smx] "Console<0><Console><Console>" changed cvar (cvar "net_splitpacket_maxrate") (value "30000")
L 07/16/2025 - 14:03:23: [basecommands.smx] "Console<0><Console><Console>" changed cvar (cvar "nb_update_frequency") (value "0.024")
L 07/16/2025 - 14:03:23: [basecommands.smx] "Console<0><Console><Console>" changed cvar (cvar "fps_max") (value "300")
L 07/16/2025 - 14:03:23: [basecommands.smx] "Console<0><Console><Console>" changed cvar (cvar "sv_minrate") (value "72000")
L 07/16/2025 - 14:03:23: [basecommands.smx] "Console<0><Console><Console>" changed cvar (cvar "sv_maxrate") (value "72000")
L 07/16/2025 - 14:03:23: [basecommands.smx] "Console<0><Console><Console>" changed cvar (cvar "sv_mincmdrate") (value "72")
L 07/16/2025 - 14:03:23: [basecommands.smx] "Console<0><Console><Console>" changed cvar (cvar "sv_maxcmdrate") (value "72")
L 07/16/2025 - 14:03:23: [basecommands.smx] "Console<0><Console><Console>" changed cvar (cvar "sv_minupdaterate") (value "72")
L 07/16/2025 - 14:03:23: [basecommands.smx] "Console<0><Console><Console>" changed cvar (cvar "sv_maxupdaterate") (value "72")
L 07/16/2025 - 14:03:23: [basecommands.smx] "Console<0><Console><Console>" changed cvar (cvar "sv_client_min_interp_ratio") (value "-1")
L 07/16/2025 - 14:03:23: [basecommands.smx] "Console<0><Console><Console>" changed cvar (cvar "sv_client_max_interp_ratio") (value "2")
L 07/16/2025 - 14:06:29: -------- Mapchange to c1m1_hotel --------
L 07/16/2025 - 14:06:30: [basecommands.smx] "Console<0><Console><Console>" changed cvar (cvar "net_splitpacket_maxrate") (value "30000")
L 07/16/2025 - 14:06:30: [basecommands.smx] "Console<0><Console><Console>" changed cvar (cvar "nb_update_frequency") (value "0.024")
L 07/16/2025 - 14:06:30: [basecommands.smx] "Console<0><Console><Console>" changed cvar (cvar "fps_max") (value "300")
L 07/16/2025 - 14:06:30: [basecommands.smx] "Console<0><Console><Console>" changed cvar (cvar "sv_minrate") (value "72000")
L 07/16/2025 - 14:06:30: [basecommands.smx] "Console<0><Console><Console>" changed cvar (cvar "sv_maxrate") (value "72000")
L 07/16/2025 - 14:06:30: [basecommands.smx] "Console<0><Console><Console>" changed cvar (cvar "sv_mincmdrate") (value "72")
L 07/16/2025 - 14:06:30: [basecommands.smx] "Console<0><Console><Console>" changed cvar (cvar "sv_maxcmdrate") (value "72")
L 07/16/2025 - 14:06:30: [basecommands.smx] "Console<0><Console><Console>" changed cvar (cvar "sv_minupdaterate") (value "72")
L 07/16/2025 - 14:06:30: [basecommands.smx] "Console<0><Console><Console>" changed cvar (cvar "sv_maxupdaterate") (value "72")
L 07/16/2025 - 14:06:30: [basecommands.smx] "Console<0><Console><Console>" changed cvar (cvar "sv_client_min_interp_ratio") (value "-1")
L 07/16/2025 - 14:06:30: [basecommands.smx] "Console<0><Console><Console>" changed cvar (cvar "sv_client_max_interp_ratio") (value "2")
L 07/16/2025 - 14:06:50: SourceMod log file session started (file "/home/user/servers/games/l4d2/left4dead2/addons/sourcemod/logs/L20250716.log") (Version "1.12.0.7207")
L 07/16/2025 - 14:06:50: [basecommands.smx] "Console<0><Console><Console>" changed cvar (cvar "net_splitpacket_maxrate") (value "30000")
L 07/16/2025 - 14:06:50: [basecommands.smx] "Console<0><Console><Console>" changed cvar (cvar "nb_update_frequency") (value "0.024")
L 07/16/2025 - 14:06:50: [basecommands.smx] "Console<0><Console><Console>" changed cvar (cvar "fps_max") (value "300")
L 07/16/2025 - 14:06:50: [basecommands.smx] "Console<0><Console><Console>" changed cvar (cvar "sv_minrate") (value "72000")
L 07/16/2025 - 14:06:50: [basecommands.smx] "Console<0><Console><Console>" changed cvar (cvar "sv_maxrate") (value "72000")
L 07/16/2025 - 14:06:50: [basecommands.smx] "Console<0><Console><Console>" changed cvar (cvar "sv_mincmdrate") (value "72")
L 07/16/2025 - 14:06:50: [basecommands.smx] "Console<0><Console><Console>" changed cvar (cvar "sv_maxcmdrate") (value "72")
L 07/16/2025 - 14:06:50: [basecommands.smx] "Console<0><Console><Console>" changed cvar (cvar "sv_minupdaterate") (value "72")
L 07/16/2025 - 14:06:50: [basecommands.smx] "Console<0><Console><Console>" changed cvar (cvar "sv_maxupdaterate") (value "72")
L 07/16/2025 - 14:06:50: [basecommands.smx] "Console<0><Console><Console>" changed cvar (cvar "sv_client_min_interp_ratio") (value "-1")
L 07/16/2025 - 14:06:50: [basecommands.smx] "Console<0><Console><Console>" changed cvar (cvar "sv_client_max_interp_ratio") (value "2")
L 07/16/2025 - 14:06:52: -------- Mapchange to c1m2_streets --------
L 07/16/2025 - 14:06:53: [basecommands.smx] "Console<0><Console><Console>" changed cvar (cvar "net_splitpacket_maxrate") (value "30000")
L 07/16/2025 - 14:06:53: [basecommands.smx] "Console<0><Console><Console>" changed cvar (cvar "nb_update_frequency") (value "0.024")
L 07/16/2025 - 14:06:53: [basecommands.smx] "Console<0><Console><Console>" changed cvar (cvar "fps_max") (value "300")
L 07/16/2025 - 14:06:53: [basecommands.smx] "Console<0><Console><Console>" changed cvar (cvar "sv_minrate") (value "72000")
L 07/16/2025 - 14:06:53: [basecommands.smx] "Console<0><Console><Console>" changed cvar (cvar "sv_maxrate") (value "72000")
L 07/16/2025 - 14:06:53: [basecommands.smx] "Console<0><Console><Console>" changed cvar (cvar "sv_mincmdrate") (value "72")
L 07/16/2025 - 14:06:53: [basecommands.smx] "Console<0><Console><Console>" changed cvar (cvar "sv_maxcmdrate") (value "72")
L 07/16/2025 - 14:06:53: [basecommands.smx] "Console<0><Console><Console>" changed cvar (cvar "sv_minupdaterate") (value "72")
L 07/16/2025 - 14:06:53: [basecommands.smx] "Console<0><Console><Console>" changed cvar (cvar "sv_maxupdaterate") (value "72")
L 07/16/2025 - 14:06:53: [basecommands.smx] "Console<0><Console><Console>" changed cvar (cvar "sv_client_min_interp_ratio") (value "-1")
L 07/16/2025 - 14:06:53: [basecommands.smx] "Console<0><Console><Console>" changed cvar (cvar "sv_client_max_interp_ratio") (value "2")
L 07/16/2025 - 14:08:39: -------- Mapchange to c1m1_hotel --------
L 07/16/2025 - 14:08:40: [basecommands.smx] "Console<0><Console><Console>" changed cvar (cvar "net_splitpacket_maxrate") (value "30000")
L 07/16/2025 - 14:08:40: [basecommands.smx] "Console<0><Console><Console>" changed cvar (cvar "nb_update_frequency") (value "0.024")
L 07/16/2025 - 14:08:40: [basecommands.smx] "Console<0><Console><Console>" changed cvar (cvar "fps_max") (value "300")
L 07/16/2025 - 14:08:40: [basecommands.smx] "Console<0><Console><Console>" changed cvar (cvar "sv_minrate") (value "72000")
L 07/16/2025 - 14:08:40: [basecommands.smx] "Console<0><Console><Console>" changed cvar (cvar "sv_maxrate") (value "72000")
L 07/16/2025 - 14:08:40: [basecommands.smx] "Console<0><Console><Console>" changed cvar (cvar "sv_mincmdrate") (value "72")
L 07/16/2025 - 14:08:40: [basecommands.smx] "Console<0><Console><Console>" changed cvar (cvar "sv_maxcmdrate") (value "72")
L 07/16/2025 - 14:08:40: [basecommands.smx] "Console<0><Console><Console>" changed cvar (cvar "sv_minupdaterate") (value "72")
L 07/16/2025 - 14:08:40: [basecommands.smx] "Console<0><Console><Console>" changed cvar (cvar "sv_maxupdaterate") (value "72")
L 07/16/2025 - 14:08:40: [basecommands.smx] "Console<0><Console><Console>" changed cvar (cvar "sv_client_min_interp_ratio") (value "-1")
L 07/16/2025 - 14:08:40: [basecommands.smx] "Console<0><Console><Console>" changed cvar (cvar "sv_client_max_interp_ratio") (value "2")
L 07/16/2025 - 14:17:04: SourceMod log file session started (file "/home/user/servers/games/l4d2/left4dead2/addons/sourcemod/logs/L20250716.log") (Version "1.12.0.7207")
L 07/16/2025 - 14:17:04: [basecommands.smx] "Console<0><Console><Console>" changed cvar (cvar "net_splitpacket_maxrate") (value "30000")
L 07/16/2025 - 14:17:04: [basecommands.smx] "Console<0><Console><Console>" changed cvar (cvar "nb_update_frequency") (value "0.024")
L 07/16/2025 - 14:17:04: [basecommands.smx] "Console<0><Console><Console>" changed cvar (cvar "fps_max") (value "300")
L 07/16/2025 - 14:17:04: [basecommands.smx] "Console<0><Console><Console>" changed cvar (cvar "sv_minrate") (value "72000")
L 07/16/2025 - 14:17:04: [basecommands.smx] "Console<0><Console><Console>" changed cvar (cvar "sv_maxrate") (value "72000")
L 07/16/2025 - 14:17:04: [basecommands.smx] "Console<0><Console><Console>" changed cvar (cvar "sv_mincmdrate") (value "72")
L 07/16/2025 - 14:17:04: [basecommands.smx] "Console<0><Console><Console>" changed cvar (cvar "sv_maxcmdrate") (value "72")
L 07/16/2025 - 14:17:04: [basecommands.smx] "Console<0><Console><Console>" changed cvar (cvar "sv_minupdaterate") (value "72")
L 07/16/2025 - 14:17:04: [basecommands.smx] "Console<0><Console><Console>" changed cvar (cvar "sv_maxupdaterate") (value "72")
L 07/16/2025 - 14:17:04: [basecommands.smx] "Console<0><Console><Console>" changed cvar (cvar "sv_client_min_interp_ratio") (value "-1")
L 07/16/2025 - 14:17:04: [basecommands.smx] "Console<0><Console><Console>" changed cvar (cvar "sv_client_max_interp_ratio") (value "2")
L 07/16/2025 - 14:17:31: -------- Mapchange to c1m2_streets --------
L 07/16/2025 - 14:17:32: [basecommands.smx] "Console<0><Console><Console>" changed cvar (cvar "net_splitpacket_maxrate") (value "30000")
L 07/16/2025 - 14:17:32: [basecommands.smx] "Console<0><Console><Console>" changed cvar (cvar "nb_update_frequency") (value "0.024")
L 07/16/2025 - 14:17:32: [basecommands.smx] "Console<0><Console><Console>" changed cvar (cvar "fps_max") (value "300")
L 07/16/2025 - 14:17:32: [basecommands.smx] "Console<0><Console><Console>" changed cvar (cvar "sv_minrate") (value "72000")
L 07/16/2025 - 14:17:32: [basecommands.smx] "Console<0><Console><Console>" changed cvar (cvar "sv_maxrate") (value "72000")
L 07/16/2025 - 14:17:32: [basecommands.smx] "Console<0><Console><Console>" changed cvar (cvar "sv_mincmdrate") (value "72")
L 07/16/2025 - 14:17:32: [basecommands.smx] "Console<0><Console><Console>" changed cvar (cvar "sv_maxcmdrate") (value "72")
L 07/16/2025 - 14:17:32: [basecommands.smx] "Console<0><Console><Console>" changed cvar (cvar "sv_minupdaterate") (value "72")
L 07/16/2025 - 14:17:32: [basecommands.smx] "Console<0><Console><Console>" changed cvar (cvar "sv_maxupdaterate") (value "72")
L 07/16/2025 - 14:17:32: [basecommands.smx] "Console<0><Console><Console>" changed cvar (cvar "sv_client_min_interp_ratio") (value "-1")
L 07/16/2025 - 14:17:32: [basecommands.smx] "Console<0><Console><Console>" changed cvar (cvar "sv_client_max_interp_ratio") (value "2")
L 07/16/2025 - 14:18:07: SourceMod log file session started (file "/home/user/servers/games/l4d2/left4dead2/addons/sourcemod/logs/L20250716.log") (Version "1.12.0.7207")
L 07/16/2025 - 14:18:07: [basecommands.smx] "Console<0><Console><Console>" changed cvar (cvar "net_splitpacket_maxrate") (value "30000")
L 07/16/2025 - 14:18:07: [basecommands.smx] "Console<0><Console><Console>" changed cvar (cvar "nb_update_frequency") (value "0.024")
L 07/16/2025 - 14:18:07: [basecommands.smx] "Console<0><Console><Console>" changed cvar (cvar "fps_max") (value "300")
L 07/16/2025 - 14:18:07: [basecommands.smx] "Console<0><Console><Console>" changed cvar (cvar "sv_minrate") (value "72000")
L 07/16/2025 - 14:18:07: [basecommands.smx] "Console<0><Console><Console>" changed cvar (cvar "sv_maxrate") (value "72000")
L 07/16/2025 - 14:18:07: [basecommands.smx] "Console<0><Console><Console>" changed cvar (cvar "sv_mincmdrate") (value "72")
L 07/16/2025 - 14:18:07: [basecommands.smx] "Console<0><Console><Console>" changed cvar (cvar "sv_maxcmdrate") (value "72")
L 07/16/2025 - 14:18:07: [basecommands.smx] "Console<0><Console><Console>" changed cvar (cvar "sv_minupdaterate") (value "72")
L 07/16/2025 - 14:18:07: [basecommands.smx] "Console<0><Console><Console>" changed cvar (cvar "sv_maxupdaterate") (value "72")
L 07/16/2025 - 14:18:07: [basecommands.smx] "Console<0><Console><Console>" changed cvar (cvar "sv_client_min_interp_ratio") (value "-1")
L 07/16/2025 - 14:18:07: [basecommands.smx] "Console<0><Console><Console>" changed cvar (cvar "sv_client_max_interp_ratio") (value "2")
L 07/16/2025 - 14:18:18: -------- Mapchange to c1m2_streets --------
L 07/16/2025 - 14:18:19: [basecommands.smx] "Console<0><Console><Console>" changed cvar (cvar "net_splitpacket_maxrate") (value "30000")
L 07/16/2025 - 14:18:19: [basecommands.smx] "Console<0><Console><Console>" changed cvar (cvar "nb_update_frequency") (value "0.024")
L 07/16/2025 - 14:18:19: [basecommands.smx] "Console<0><Console><Console>" changed cvar (cvar "fps_max") (value "300")
L 07/16/2025 - 14:18:19: [basecommands.smx] "Console<0><Console><Console>" changed cvar (cvar "sv_minrate") (value "72000")
L 07/16/2025 - 14:18:19: [basecommands.smx] "Console<0><Console><Console>" changed cvar (cvar "sv_maxrate") (value "72000")
L 07/16/2025 - 14:18:19: [basecommands.smx] "Console<0><Console><Console>" changed cvar (cvar "sv_mincmdrate") (value "72")
L 07/16/2025 - 14:18:19: [basecommands.smx] "Console<0><Console><Console>" changed cvar (cvar "sv_maxcmdrate") (value "72")
L 07/16/2025 - 14:18:19: [basecommands.smx] "Console<0><Console><Console>" changed cvar (cvar "sv_minupdaterate") (value "72")
L 07/16/2025 - 14:18:19: [basecommands.smx] "Console<0><Console><Console>" changed cvar (cvar "sv_maxupdaterate") (value "72")
L 07/16/2025 - 14:18:19: [basecommands.smx] "Console<0><Console><Console>" changed cvar (cvar "sv_client_min_interp_ratio") (value "-1")
L 07/16/2025 - 14:18:19: [basecommands.smx] "Console<0><Console><Console>" changed cvar (cvar "sv_client_max_interp_ratio") (value "2")
L 07/16/2025 - 14:21:57: SourceMod log file session started (file "/home/user/servers/games/l4d2/left4dead2/addons/sourcemod/logs/L20250716.log") (Version "1.12.0.7207")
L 07/16/2025 - 14:21:57: [basecommands.smx] "Console<0><Console><Console>" changed cvar (cvar "net_splitpacket_maxrate") (value "30000")
L 07/16/2025 - 14:21:57: [basecommands.smx] "Console<0><Console><Console>" changed cvar (cvar "nb_update_frequency") (value "0.024")
L 07/16/2025 - 14:21:57: [basecommands.smx] "Console<0><Console><Console>" changed cvar (cvar "fps_max") (value "300")
L 07/16/2025 - 14:21:57: [basecommands.smx] "Console<0><Console><Console>" changed cvar (cvar "sv_minrate") (value "72000")
L 07/16/2025 - 14:21:57: [basecommands.smx] "Console<0><Console><Console>" changed cvar (cvar "sv_maxrate") (value "72000")
L 07/16/2025 - 14:21:57: [basecommands.smx] "Console<0><Console><Console>" changed cvar (cvar "sv_mincmdrate") (value "72")
L 07/16/2025 - 14:21:57: [basecommands.smx] "Console<0><Console><Console>" changed cvar (cvar "sv_maxcmdrate") (value "72")
L 07/16/2025 - 14:21:57: [basecommands.smx] "Console<0><Console><Console>" changed cvar (cvar "sv_minupdaterate") (value "72")
L 07/16/2025 - 14:21:57: [basecommands.smx] "Console<0><Console><Console>" changed cvar (cvar "sv_maxupdaterate") (value "72")
L 07/16/2025 - 14:21:57: [basecommands.smx] "Console<0><Console><Console>" changed cvar (cvar "sv_client_min_interp_ratio") (value "-1")
L 07/16/2025 - 14:21:57: [basecommands.smx] "Console<0><Console><Console>" changed cvar (cvar "sv_client_max_interp_ratio") (value "2")
L 07/16/2025 - 14:22:02: -------- Mapchange to c1m2_streets --------
L 07/16/2025 - 14:22:03: [basecommands.smx] "Console<0><Console><Console>" changed cvar (cvar "net_splitpacket_maxrate") (value "30000")
L 07/16/2025 - 14:22:03: [basecommands.smx] "Console<0><Console><Console>" changed cvar (cvar "nb_update_frequency") (value "0.024")
L 07/16/2025 - 14:22:03: [basecommands.smx] "Console<0><Console><Console>" changed cvar (cvar "fps_max") (value "300")
L 07/16/2025 - 14:22:03: [basecommands.smx] "Console<0><Console><Console>" changed cvar (cvar "sv_minrate") (value "72000")
L 07/16/2025 - 14:22:03: [basecommands.smx] "Console<0><Console><Console>" changed cvar (cvar "sv_maxrate") (value "72000")
L 07/16/2025 - 14:22:03: [basecommands.smx] "Console<0><Console><Console>" changed cvar (cvar "sv_mincmdrate") (value "72")
L 07/16/2025 - 14:22:03: [basecommands.smx] "Console<0><Console><Console>" changed cvar (cvar "sv_maxcmdrate") (value "72")
L 07/16/2025 - 14:22:03: [basecommands.smx] "Console<0><Console><Console>" changed cvar (cvar "sv_minupdaterate") (value "72")
L 07/16/2025 - 14:22:03: [basecommands.smx] "Console<0><Console><Console>" changed cvar (cvar "sv_maxupdaterate") (value "72")
L 07/16/2025 - 14:22:03: [basecommands.smx] "Console<0><Console><Console>" changed cvar (cvar "sv_client_min_interp_ratio") (value "-1")
L 07/16/2025 - 14:22:03: [basecommands.smx] "Console<0><Console><Console>" changed cvar (cvar "sv_client_max_interp_ratio") (value "2")
L 07/16/2025 - 14:23:12: -------- Mapchange to c1m1_hotel --------
L 07/16/2025 - 14:23:12: [basecommands.smx] "Console<0><Console><Console>" changed cvar (cvar "net_splitpacket_maxrate") (value "30000")
L 07/16/2025 - 14:23:12: [basecommands.smx] "Console<0><Console><Console>" changed cvar (cvar "nb_update_frequency") (value "0.024")
L 07/16/2025 - 14:23:12: [basecommands.smx] "Console<0><Console><Console>" changed cvar (cvar "fps_max") (value "300")
L 07/16/2025 - 14:23:12: [basecommands.smx] "Console<0><Console><Console>" changed cvar (cvar "sv_minrate") (value "72000")
L 07/16/2025 - 14:23:12: [basecommands.smx] "Console<0><Console><Console>" changed cvar (cvar "sv_maxrate") (value "72000")
L 07/16/2025 - 14:23:12: [basecommands.smx] "Console<0><Console><Console>" changed cvar (cvar "sv_mincmdrate") (value "72")
L 07/16/2025 - 14:23:12: [basecommands.smx] "Console<0><Console><Console>" changed cvar (cvar "sv_maxcmdrate") (value "72")
L 07/16/2025 - 14:23:12: [basecommands.smx] "Console<0><Console><Console>" changed cvar (cvar "sv_minupdaterate") (value "72")
L 07/16/2025 - 14:23:12: [basecommands.smx] "Console<0><Console><Console>" changed cvar (cvar "sv_maxupdaterate") (value "72")
L 07/16/2025 - 14:23:12: [basecommands.smx] "Console<0><Console><Console>" changed cvar (cvar "sv_client_min_interp_ratio") (value "-1")
L 07/16/2025 - 14:23:12: [basecommands.smx] "Console<0><Console><Console>" changed cvar (cvar "sv_client_max_interp_ratio") (value "2")
L 07/16/2025 - 14:23:14: -------- Mapchange to c1m2_streets --------
L 07/16/2025 - 14:23:15: [basecommands.smx] "Console<0><Console><Console>" changed cvar (cvar "net_splitpacket_maxrate") (value "30000")
L 07/16/2025 - 14:23:15: [basecommands.smx] "Console<0><Console><Console>" changed cvar (cvar "nb_update_frequency") (value "0.024")
L 07/16/2025 - 14:23:15: [basecommands.smx] "Console<0><Console><Console>" changed cvar (cvar "fps_max") (value "300")
L 07/16/2025 - 14:23:15: [basecommands.smx] "Console<0><Console><Console>" changed cvar (cvar "sv_minrate") (value "72000")
L 07/16/2025 - 14:23:15: [basecommands.smx] "Console<0><Console><Console>" changed cvar (cvar "sv_maxrate") (value "72000")
L 07/16/2025 - 14:23:15: [basecommands.smx] "Console<0><Console><Console>" changed cvar (cvar "sv_mincmdrate") (value "72")
L 07/16/2025 - 14:23:15: [basecommands.smx] "Console<0><Console><Console>" changed cvar (cvar "sv_maxcmdrate") (value "72")
L 07/16/2025 - 14:23:15: [basecommands.smx] "Console<0><Console><Console>" changed cvar (cvar "sv_minupdaterate") (value "72")
L 07/16/2025 - 14:23:15: [basecommands.smx] "Console<0><Console><Console>" changed cvar (cvar "sv_maxupdaterate") (value "72")
L 07/16/2025 - 14:23:15: [basecommands.smx] "Console<0><Console><Console>" changed cvar (cvar "sv_client_min_interp_ratio") (value "-1")
L 07/16/2025 - 14:23:15: [basecommands.smx] "Console<0><Console><Console>" changed cvar (cvar "sv_client_max_interp_ratio") (value "2")
L 07/16/2025 - 19:33:09: SourceMod log file session started (file "/home/user/servers/games/l4d2/left4dead2/addons/sourcemod/logs/L20250716.log") (Version "1.12.0.7207")
L 07/16/2025 - 19:33:09: [basecommands.smx] "Console<0><Console><Console>" changed cvar (cvar "net_splitpacket_maxrate") (value "30000")
L 07/16/2025 - 19:33:09: [basecommands.smx] "Console<0><Console><Console>" changed cvar (cvar "nb_update_frequency") (value "0.024")
L 07/16/2025 - 19:33:09: [basecommands.smx] "Console<0><Console><Console>" changed cvar (cvar "fps_max") (value "300")
L 07/16/2025 - 19:33:09: [basecommands.smx] "Console<0><Console><Console>" changed cvar (cvar "sv_minrate") (value "72000")
L 07/16/2025 - 19:33:09: [basecommands.smx] "Console<0><Console><Console>" changed cvar (cvar "sv_maxrate") (value "72000")
L 07/16/2025 - 19:33:09: [basecommands.smx] "Console<0><Console><Console>" changed cvar (cvar "sv_mincmdrate") (value "72")
L 07/16/2025 - 19:33:09: [basecommands.smx] "Console<0><Console><Console>" changed cvar (cvar "sv_maxcmdrate") (value "72")
L 07/16/2025 - 19:33:09: [basecommands.smx] "Console<0><Console><Console>" changed cvar (cvar "sv_minupdaterate") (value "72")
L 07/16/2025 - 19:33:09: [basecommands.smx] "Console<0><Console><Console>" changed cvar (cvar "sv_maxupdaterate") (value "72")
L 07/16/2025 - 19:33:09: [basecommands.smx] "Console<0><Console><Console>" changed cvar (cvar "sv_client_min_interp_ratio") (value "-1")
L 07/16/2025 - 19:33:09: [basecommands.smx] "Console<0><Console><Console>" changed cvar (cvar "sv_client_max_interp_ratio") (value "2")
L 07/16/2025 - 19:33:32: -------- Mapchange to c1m2_streets --------
L 07/16/2025 - 19:33:33: [basecommands.smx] "Console<0><Console><Console>" changed cvar (cvar "net_splitpacket_maxrate") (value "30000")
L 07/16/2025 - 19:33:33: [basecommands.smx] "Console<0><Console><Console>" changed cvar (cvar "nb_update_frequency") (value "0.024")
L 07/16/2025 - 19:33:33: [basecommands.smx] "Console<0><Console><Console>" changed cvar (cvar "fps_max") (value "300")
L 07/16/2025 - 19:33:33: [basecommands.smx] "Console<0><Console><Console>" changed cvar (cvar "sv_minrate") (value "72000")
L 07/16/2025 - 19:33:33: [basecommands.smx] "Console<0><Console><Console>" changed cvar (cvar "sv_maxrate") (value "72000")
L 07/16/2025 - 19:33:33: [basecommands.smx] "Console<0><Console><Console>" changed cvar (cvar "sv_mincmdrate") (value "72")
L 07/16/2025 - 19:33:33: [basecommands.smx] "Console<0><Console><Console>" changed cvar (cvar "sv_maxcmdrate") (value "72")
L 07/16/2025 - 19:33:33: [basecommands.smx] "Console<0><Console><Console>" changed cvar (cvar "sv_minupdaterate") (value "72")
L 07/16/2025 - 19:33:33: [basecommands.smx] "Console<0><Console><Console>" changed cvar (cvar "sv_maxupdaterate") (value "72")
L 07/16/2025 - 19:33:33: [basecommands.smx] "Console<0><Console><Console>" changed cvar (cvar "sv_client_min_interp_ratio") (value "-1")
L 07/16/2025 - 19:33:33: [basecommands.smx] "Console<0><Console><Console>" changed cvar (cvar "sv_client_max_interp_ratio") (value "2")
L 07/16/2025 - 19:41:22: -------- Mapchange to c1m1_hotel --------
L 07/16/2025 - 19:41:23: [basecommands.smx] "Console<0><Console><Console>" changed cvar (cvar "net_splitpacket_maxrate") (value "30000")
L 07/16/2025 - 19:41:23: [basecommands.smx] "Console<0><Console><Console>" changed cvar (cvar "nb_update_frequency") (value "0.024")
L 07/16/2025 - 19:41:23: [basecommands.smx] "Console<0><Console><Console>" changed cvar (cvar "fps_max") (value "300")
L 07/16/2025 - 19:41:23: [basecommands.smx] "Console<0><Console><Console>" changed cvar (cvar "sv_minrate") (value "72000")
L 07/16/2025 - 19:41:23: [basecommands.smx] "Console<0><Console><Console>" changed cvar (cvar "sv_maxrate") (value "72000")
L 07/16/2025 - 19:41:23: [basecommands.smx] "Console<0><Console><Console>" changed cvar (cvar "sv_mincmdrate") (value "72")
L 07/16/2025 - 19:41:23: [basecommands.smx] "Console<0><Console><Console>" changed cvar (cvar "sv_maxcmdrate") (value "72")
L 07/16/2025 - 19:41:23: [basecommands.smx] "Console<0><Console><Console>" changed cvar (cvar "sv_minupdaterate") (value "72")
L 07/16/2025 - 19:41:23: [basecommands.smx] "Console<0><Console><Console>" changed cvar (cvar "sv_maxupdaterate") (value "72")
L 07/16/2025 - 19:41:23: [basecommands.smx] "Console<0><Console><Console>" changed cvar (cvar "sv_client_min_interp_ratio") (value "-1")
L 07/16/2025 - 19:41:23: [basecommands.smx] "Console<0><Console><Console>" changed cvar (cvar "sv_client_max_interp_ratio") (value "2")
L 07/16/2025 - 19:56:34: SourceMod log file session started (file "/home/user/servers/games/l4d2/left4dead2/addons/sourcemod/logs/L20250716.log") (Version "1.12.0.7207")
L 07/16/2025 - 19:56:34: [basecommands.smx] "Console<0><Console><Console>" changed cvar (cvar "net_splitpacket_maxrate") (value "30000")
L 07/16/2025 - 19:56:34: [basecommands.smx] "Console<0><Console><Console>" changed cvar (cvar "nb_update_frequency") (value "0.024")
L 07/16/2025 - 19:56:34: [basecommands.smx] "Console<0><Console><Console>" changed cvar (cvar "fps_max") (value "300")
L 07/16/2025 - 19:56:34: [basecommands.smx] "Console<0><Console><Console>" changed cvar (cvar "sv_minrate") (value "72000")
L 07/16/2025 - 19:56:34: [basecommands.smx] "Console<0><Console><Console>" changed cvar (cvar "sv_maxrate") (value "72000")
L 07/16/2025 - 19:56:34: [basecommands.smx] "Console<0><Console><Console>" changed cvar (cvar "sv_mincmdrate") (value "72")
L 07/16/2025 - 19:56:34: [basecommands.smx] "Console<0><Console><Console>" changed cvar (cvar "sv_maxcmdrate") (value "72")
L 07/16/2025 - 19:56:34: [basecommands.smx] "Console<0><Console><Console>" changed cvar (cvar "sv_minupdaterate") (value "72")
L 07/16/2025 - 19:56:34: [basecommands.smx] "Console<0><Console><Console>" changed cvar (cvar "sv_maxupdaterate") (value "72")
L 07/16/2025 - 19:56:34: [basecommands.smx] "Console<0><Console><Console>" changed cvar (cvar "sv_client_min_interp_ratio") (value "-1")
L 07/16/2025 - 19:56:34: [basecommands.smx] "Console<0><Console><Console>" changed cvar (cvar "sv_client_max_interp_ratio") (value "2")
L 07/16/2025 - 19:56:41: -------- Mapchange to c1m2_streets --------
L 07/16/2025 - 19:56:42: [basecommands.smx] "Console<0><Console><Console>" changed cvar (cvar "net_splitpacket_maxrate") (value "30000")
L 07/16/2025 - 19:56:42: [basecommands.smx] "Console<0><Console><Console>" changed cvar (cvar "nb_update_frequency") (value "0.024")
L 07/16/2025 - 19:56:42: [basecommands.smx] "Console<0><Console><Console>" changed cvar (cvar "fps_max") (value "300")
L 07/16/2025 - 19:56:42: [basecommands.smx] "Console<0><Console><Console>" changed cvar (cvar "sv_minrate") (value "72000")
L 07/16/2025 - 19:56:42: [basecommands.smx] "Console<0><Console><Console>" changed cvar (cvar "sv_maxrate") (value "72000")
L 07/16/2025 - 19:56:42: [basecommands.smx] "Console<0><Console><Console>" changed cvar (cvar "sv_mincmdrate") (value "72")
L 07/16/2025 - 19:56:42: [basecommands.smx] "Console<0><Console><Console>" changed cvar (cvar "sv_maxcmdrate") (value "72")
L 07/16/2025 - 19:56:42: [basecommands.smx] "Console<0><Console><Console>" changed cvar (cvar "sv_minupdaterate") (value "72")
L 07/16/2025 - 19:56:42: [basecommands.smx] "Console<0><Console><Console>" changed cvar (cvar "sv_maxupdaterate") (value "72")
L 07/16/2025 - 19:56:42: [basecommands.smx] "Console<0><Console><Console>" changed cvar (cvar "sv_client_min_interp_ratio") (value "-1")
L 07/16/2025 - 19:56:42: [basecommands.smx] "Console<0><Console><Console>" changed cvar (cvar "sv_client_max_interp_ratio") (value "2")
L 07/16/2025 - 19:58:02: -------- Mapchange to c1m1_hotel --------
L 07/16/2025 - 19:58:03: [basecommands.smx] "Console<0><Console><Console>" changed cvar (cvar "net_splitpacket_maxrate") (value "30000")
L 07/16/2025 - 19:58:03: [basecommands.smx] "Console<0><Console><Console>" changed cvar (cvar "nb_update_frequency") (value "0.024")
L 07/16/2025 - 19:58:03: [basecommands.smx] "Console<0><Console><Console>" changed cvar (cvar "fps_max") (value "300")
L 07/16/2025 - 19:58:03: [basecommands.smx] "Console<0><Console><Console>" changed cvar (cvar "sv_minrate") (value "72000")
L 07/16/2025 - 19:58:03: [basecommands.smx] "Console<0><Console><Console>" changed cvar (cvar "sv_maxrate") (value "72000")
L 07/16/2025 - 19:58:03: [basecommands.smx] "Console<0><Console><Console>" changed cvar (cvar "sv_mincmdrate") (value "72")
L 07/16/2025 - 19:58:03: [basecommands.smx] "Console<0><Console><Console>" changed cvar (cvar "sv_maxcmdrate") (value "72")
L 07/16/2025 - 19:58:03: [basecommands.smx] "Console<0><Console><Console>" changed cvar (cvar "sv_minupdaterate") (value "72")
L 07/16/2025 - 19:58:03: [basecommands.smx] "Console<0><Console><Console>" changed cvar (cvar "sv_maxupdaterate") (value "72")
L 07/16/2025 - 19:58:03: [basecommands.smx] "Console<0><Console><Console>" changed cvar (cvar "sv_client_min_interp_ratio") (value "-1")
L 07/16/2025 - 19:58:03: [basecommands.smx] "Console<0><Console><Console>" changed cvar (cvar "sv_client_max_interp_ratio") (value "2")
L 07/16/2025 - 20:00:22: SourceMod log file session started (file "/home/user/servers/games/l4d2/left4dead2/addons/sourcemod/logs/L20250716.log") (Version "1.12.0.7207")
L 07/16/2025 - 20:00:22: [basecommands.smx] "Console<0><Console><Console>" changed cvar (cvar "net_splitpacket_maxrate") (value "30000")
L 07/16/2025 - 20:00:22: [basecommands.smx] "Console<0><Console><Console>" changed cvar (cvar "nb_update_frequency") (value "0.024")
L 07/16/2025 - 20:00:22: [basecommands.smx] "Console<0><Console><Console>" changed cvar (cvar "fps_max") (value "300")
L 07/16/2025 - 20:00:22: [basecommands.smx] "Console<0><Console><Console>" changed cvar (cvar "sv_minrate") (value "72000")
L 07/16/2025 - 20:00:22: [basecommands.smx] "Console<0><Console><Console>" changed cvar (cvar "sv_maxrate") (value "72000")
L 07/16/2025 - 20:00:22: [basecommands.smx] "Console<0><Console><Console>" changed cvar (cvar "sv_mincmdrate") (value "72")
L 07/16/2025 - 20:00:22: [basecommands.smx] "Console<0><Console><Console>" changed cvar (cvar "sv_maxcmdrate") (value "72")
L 07/16/2025 - 20:00:22: [basecommands.smx] "Console<0><Console><Console>" changed cvar (cvar "sv_minupdaterate") (value "72")
L 07/16/2025 - 20:00:22: [basecommands.smx] "Console<0><Console><Console>" changed cvar (cvar "sv_maxupdaterate") (value "72")
L 07/16/2025 - 20:00:22: [basecommands.smx] "Console<0><Console><Console>" changed cvar (cvar "sv_client_min_interp_ratio") (value "-1")
L 07/16/2025 - 20:00:22: [basecommands.smx] "Console<0><Console><Console>" changed cvar (cvar "sv_client_max_interp_ratio") (value "2")
L 07/16/2025 - 20:00:31: -------- Mapchange to c1m2_streets --------
L 07/16/2025 - 20:00:35: [basecommands.smx] "Console<0><Console><Console>" changed cvar (cvar "net_splitpacket_maxrate") (value "30000")
L 07/16/2025 - 20:00:35: [basecommands.smx] "Console<0><Console><Console>" changed cvar (cvar "nb_update_frequency") (value "0.024")
L 07/16/2025 - 20:00:35: [basecommands.smx] "Console<0><Console><Console>" changed cvar (cvar "fps_max") (value "300")
L 07/16/2025 - 20:00:35: [basecommands.smx] "Console<0><Console><Console>" changed cvar (cvar "sv_minrate") (value "72000")
L 07/16/2025 - 20:00:35: [basecommands.smx] "Console<0><Console><Console>" changed cvar (cvar "sv_maxrate") (value "72000")
L 07/16/2025 - 20:00:35: [basecommands.smx] "Console<0><Console><Console>" changed cvar (cvar "sv_mincmdrate") (value "72")
L 07/16/2025 - 20:00:35: [basecommands.smx] "Console<0><Console><Console>" changed cvar (cvar "sv_maxcmdrate") (value "72")
L 07/16/2025 - 20:00:35: [basecommands.smx] "Console<0><Console><Console>" changed cvar (cvar "sv_minupdaterate") (value "72")
L 07/16/2025 - 20:00:35: [basecommands.smx] "Console<0><Console><Console>" changed cvar (cvar "sv_maxupdaterate") (value "72")
L 07/16/2025 - 20:00:35: [basecommands.smx] "Console<0><Console><Console>" changed cvar (cvar "sv_client_min_interp_ratio") (value "-1")
L 07/16/2025 - 20:00:35: [basecommands.smx] "Console<0><Console><Console>" changed cvar (cvar "sv_client_max_interp_ratio") (value "2")
L 07/16/2025 - 20:01:50: -------- Mapchange to c1m1_hotel --------
L 07/16/2025 - 20:01:50: [basecommands.smx] "Console<0><Console><Console>" changed cvar (cvar "net_splitpacket_maxrate") (value "30000")
L 07/16/2025 - 20:01:50: [basecommands.smx] "Console<0><Console><Console>" changed cvar (cvar "nb_update_frequency") (value "0.024")
L 07/16/2025 - 20:01:50: [basecommands.smx] "Console<0><Console><Console>" changed cvar (cvar "fps_max") (value "300")
L 07/16/2025 - 20:01:50: [basecommands.smx] "Console<0><Console><Console>" changed cvar (cvar "sv_minrate") (value "72000")
L 07/16/2025 - 20:01:50: [basecommands.smx] "Console<0><Console><Console>" changed cvar (cvar "sv_maxrate") (value "72000")
L 07/16/2025 - 20:01:50: [basecommands.smx] "Console<0><Console><Console>" changed cvar (cvar "sv_mincmdrate") (value "72")
L 07/16/2025 - 20:01:50: [basecommands.smx] "Console<0><Console><Console>" changed cvar (cvar "sv_maxcmdrate") (value "72")
L 07/16/2025 - 20:01:50: [basecommands.smx] "Console<0><Console><Console>" changed cvar (cvar "sv_minupdaterate") (value "72")
L 07/16/2025 - 20:01:50: [basecommands.smx] "Console<0><Console><Console>" changed cvar (cvar "sv_maxupdaterate") (value "72")
L 07/16/2025 - 20:01:50: [basecommands.smx] "Console<0><Console><Console>" changed cvar (cvar "sv_client_min_interp_ratio") (value "-1")
L 07/16/2025 - 20:01:50: [basecommands.smx] "Console<0><Console><Console>" changed cvar (cvar "sv_client_max_interp_ratio") (value "2")
L 07/16/2025 - 20:04:34: SourceMod log file session started (file "/home/user/servers/games/l4d2/left4dead2/addons/sourcemod/logs/L20250716.log") (Version "1.12.0.7207")
L 07/16/2025 - 20:04:34: [basecommands.smx] "Console<0><Console><Console>" changed cvar (cvar "fps_max") (value "300")
L 07/16/2025 - 20:04:34: [basecommands.smx] "Console<0><Console><Console>" changed cvar (cvar "net_splitpacket_maxrate") (value "30000")
L 07/16/2025 - 20:04:34: [basecommands.smx] "Console<0><Console><Console>" changed cvar (cvar "nb_update_frequency") (value "0.024")
L 07/16/2025 - 20:04:34: [basecommands.smx] "Console<0><Console><Console>" changed cvar (cvar "sv_minrate") (value "72000")
L 07/16/2025 - 20:04:34: [basecommands.smx] "Console<0><Console><Console>" changed cvar (cvar "sv_maxrate") (value "72000")
L 07/16/2025 - 20:04:34: [basecommands.smx] "Console<0><Console><Console>" changed cvar (cvar "sv_mincmdrate") (value "72")
L 07/16/2025 - 20:04:34: [basecommands.smx] "Console<0><Console><Console>" changed cvar (cvar "sv_maxcmdrate") (value "72")
L 07/16/2025 - 20:04:34: [basecommands.smx] "Console<0><Console><Console>" changed cvar (cvar "sv_minupdaterate") (value "72")
L 07/16/2025 - 20:04:34: [basecommands.smx] "Console<0><Console><Console>" changed cvar (cvar "sv_maxupdaterate") (value "72")
L 07/16/2025 - 20:04:34: [basecommands.smx] "Console<0><Console><Console>" changed cvar (cvar "sv_client_min_interp_ratio") (value "-1")
L 07/16/2025 - 20:04:34: [basecommands.smx] "Console<0><Console><Console>" changed cvar (cvar "sv_client_max_interp_ratio") (value "2")
L 07/16/2025 - 20:04:39: -------- Mapchange to c1m2_streets --------
L 07/16/2025 - 20:04:40: [basecommands.smx] "Console<0><Console><Console>" changed cvar (cvar "fps_max") (value "300")
L 07/16/2025 - 20:04:40: [basecommands.smx] "Console<0><Console><Console>" changed cvar (cvar "net_splitpacket_maxrate") (value "30000")
L 07/16/2025 - 20:04:40: [basecommands.smx] "Console<0><Console><Console>" changed cvar (cvar "nb_update_frequency") (value "0.024")
L 07/16/2025 - 20:04:40: [basecommands.smx] "Console<0><Console><Console>" changed cvar (cvar "sv_minrate") (value "72000")
L 07/16/2025 - 20:04:40: [basecommands.smx] "Console<0><Console><Console>" changed cvar (cvar "sv_maxrate") (value "72000")
L 07/16/2025 - 20:04:40: [basecommands.smx] "Console<0><Console><Console>" changed cvar (cvar "sv_mincmdrate") (value "72")
L 07/16/2025 - 20:04:40: [basecommands.smx] "Console<0><Console><Console>" changed cvar (cvar "sv_maxcmdrate") (value "72")
L 07/16/2025 - 20:04:40: [basecommands.smx] "Console<0><Console><Console>" changed cvar (cvar "sv_minupdaterate") (value "72")
L 07/16/2025 - 20:04:40: [basecommands.smx] "Console<0><Console><Console>" changed cvar (cvar "sv_maxupdaterate") (value "72")
L 07/16/2025 - 20:04:40: [basecommands.smx] "Console<0><Console><Console>" changed cvar (cvar "sv_client_min_interp_ratio") (value "-1")
L 07/16/2025 - 20:04:40: [basecommands.smx] "Console<0><Console><Console>" changed cvar (cvar "sv_client_max_interp_ratio") (value "2")
L 07/16/2025 - 20:09:54: -------- Mapchange to c1m1_hotel --------
L 07/16/2025 - 20:09:55: [basecommands.smx] "Console<0><Console><Console>" changed cvar (cvar "fps_max") (value "300")
L 07/16/2025 - 20:09:55: [basecommands.smx] "Console<0><Console><Console>" changed cvar (cvar "net_splitpacket_maxrate") (value "30000")
L 07/16/2025 - 20:09:55: [basecommands.smx] "Console<0><Console><Console>" changed cvar (cvar "nb_update_frequency") (value "0.024")
L 07/16/2025 - 20:09:55: [basecommands.smx] "Console<0><Console><Console>" changed cvar (cvar "sv_minrate") (value "72000")
L 07/16/2025 - 20:09:55: [basecommands.smx] "Console<0><Console><Console>" changed cvar (cvar "sv_maxrate") (value "72000")
L 07/16/2025 - 20:09:55: [basecommands.smx] "Console<0><Console><Console>" changed cvar (cvar "sv_mincmdrate") (value "72")
L 07/16/2025 - 20:09:55: [basecommands.smx] "Console<0><Console><Console>" changed cvar (cvar "sv_maxcmdrate") (value "72")
L 07/16/2025 - 20:09:55: [basecommands.smx] "Console<0><Console><Console>" changed cvar (cvar "sv_minupdaterate") (value "72")
L 07/16/2025 - 20:09:55: [basecommands.smx] "Console<0><Console><Console>" changed cvar (cvar "sv_maxupdaterate") (value "72")
L 07/16/2025 - 20:09:55: [basecommands.smx] "Console<0><Console><Console>" changed cvar (cvar "sv_client_min_interp_ratio") (value "-1")
L 07/16/2025 - 20:09:55: [basecommands.smx] "Console<0><Console><Console>" changed cvar (cvar "sv_client_max_interp_ratio") (value "2")
L 07/16/2025 - 20:10:04: SourceMod log file session started (file "/home/user/servers/games/l4d2/left4dead2/addons/sourcemod/logs/L20250716.log") (Version "1.12.0.7207")
L 07/16/2025 - 20:10:04: [basecommands.smx] "Console<0><Console><Console>" changed cvar (cvar "fps_max") (value "300")
L 07/16/2025 - 20:10:04: [basecommands.smx] "Console<0><Console><Console>" changed cvar (cvar "net_splitpacket_maxrate") (value "30000")
L 07/16/2025 - 20:10:04: [basecommands.smx] "Console<0><Console><Console>" changed cvar (cvar "nb_update_frequency") (value "0.024")
L 07/16/2025 - 20:10:04: [basecommands.smx] "Console<0><Console><Console>" changed cvar (cvar "sv_minrate") (value "72000")
L 07/16/2025 - 20:10:04: [basecommands.smx] "Console<0><Console><Console>" changed cvar (cvar "sv_maxrate") (value "72000")
L 07/16/2025 - 20:10:04: [basecommands.smx] "Console<0><Console><Console>" changed cvar (cvar "sv_mincmdrate") (value "72")
L 07/16/2025 - 20:10:04: [basecommands.smx] "Console<0><Console><Console>" changed cvar (cvar "sv_maxcmdrate") (value "72")
L 07/16/2025 - 20:10:04: [basecommands.smx] "Console<0><Console><Console>" changed cvar (cvar "sv_minupdaterate") (value "72")
L 07/16/2025 - 20:10:04: [basecommands.smx] "Console<0><Console><Console>" changed cvar (cvar "sv_maxupdaterate") (value "72")
L 07/16/2025 - 20:10:04: [basecommands.smx] "Console<0><Console><Console>" changed cvar (cvar "sv_client_min_interp_ratio") (value "-1")
L 07/16/2025 - 20:10:04: [basecommands.smx] "Console<0><Console><Console>" changed cvar (cvar "sv_client_max_interp_ratio") (value "2")
L 07/16/2025 - 20:10:12: SourceMod log file session started (file "/home/user/servers/games/l4d2/left4dead2/addons/sourcemod/logs/L20250716.log") (Version "1.12.0.7207")
L 07/16/2025 - 20:10:12: [basecommands.smx] "Console<0><Console><Console>" changed cvar (cvar "net_splitpacket_maxrate") (value "30000")
L 07/16/2025 - 20:10:12: [basecommands.smx] "Console<0><Console><Console>" changed cvar (cvar "nb_update_frequency") (value "0.024")
L 07/16/2025 - 20:10:12: [basecommands.smx] "Console<0><Console><Console>" changed cvar (cvar "sv_minrate") (value "72000")
L 07/16/2025 - 20:10:12: [basecommands.smx] "Console<0><Console><Console>" changed cvar (cvar "sv_maxrate") (value "72000")
L 07/16/2025 - 20:10:12: [basecommands.smx] "Console<0><Console><Console>" changed cvar (cvar "sv_mincmdrate") (value "72")
L 07/16/2025 - 20:10:12: [basecommands.smx] "Console<0><Console><Console>" changed cvar (cvar "sv_maxcmdrate") (value "72")
L 07/16/2025 - 20:10:12: [basecommands.smx] "Console<0><Console><Console>" changed cvar (cvar "sv_minupdaterate") (value "72")
L 07/16/2025 - 20:10:12: [basecommands.smx] "Console<0><Console><Console>" changed cvar (cvar "sv_maxupdaterate") (value "72")
L 07/16/2025 - 20:10:12: [basecommands.smx] "Console<0><Console><Console>" changed cvar (cvar "sv_client_min_interp_ratio") (value "-1")
L 07/16/2025 - 20:10:12: [basecommands.smx] "Console<0><Console><Console>" changed cvar (cvar "sv_client_max_interp_ratio") (value "2")
L 07/16/2025 - 20:10:17: -------- Mapchange to c1m2_streets --------
L 07/16/2025 - 20:10:18: [basecommands.smx] "Console<0><Console><Console>" changed cvar (cvar "net_splitpacket_maxrate") (value "30000")
L 07/16/2025 - 20:10:18: [basecommands.smx] "Console<0><Console><Console>" changed cvar (cvar "nb_update_frequency") (value "0.024")
L 07/16/2025 - 20:10:18: [basecommands.smx] "Console<0><Console><Console>" changed cvar (cvar "sv_minrate") (value "72000")
L 07/16/2025 - 20:10:18: [basecommands.smx] "Console<0><Console><Console>" changed cvar (cvar "sv_maxrate") (value "72000")
L 07/16/2025 - 20:10:18: [basecommands.smx] "Console<0><Console><Console>" changed cvar (cvar "sv_mincmdrate") (value "72")
L 07/16/2025 - 20:10:18: [basecommands.smx] "Console<0><Console><Console>" changed cvar (cvar "sv_maxcmdrate") (value "72")
L 07/16/2025 - 20:10:18: [basecommands.smx] "Console<0><Console><Console>" changed cvar (cvar "sv_minupdaterate") (value "72")
L 07/16/2025 - 20:10:18: [basecommands.smx] "Console<0><Console><Console>" changed cvar (cvar "sv_maxupdaterate") (value "72")
L 07/16/2025 - 20:10:18: [basecommands.smx] "Console<0><Console><Console>" changed cvar (cvar "sv_client_min_interp_ratio") (value "-1")
L 07/16/2025 - 20:10:18: [basecommands.smx] "Console<0><Console><Console>" changed cvar (cvar "sv_client_max_interp_ratio") (value "2")
L 07/16/2025 - 20:18:19: -------- Mapchange to c1m3_mall --------
L 07/16/2025 - 20:18:20: [basecommands.smx] "Console<0><Console><Console>" changed cvar (cvar "net_splitpacket_maxrate") (value "30000")
L 07/16/2025 - 20:18:20: [basecommands.smx] "Console<0><Console><Console>" changed cvar (cvar "nb_update_frequency") (value "0.024")
L 07/16/2025 - 20:18:20: [basecommands.smx] "Console<0><Console><Console>" changed cvar (cvar "sv_minrate") (value "72000")
L 07/16/2025 - 20:18:20: [basecommands.smx] "Console<0><Console><Console>" changed cvar (cvar "sv_maxrate") (value "72000")
L 07/16/2025 - 20:18:20: [basecommands.smx] "Console<0><Console><Console>" changed cvar (cvar "sv_mincmdrate") (value "72")
L 07/16/2025 - 20:18:20: [basecommands.smx] "Console<0><Console><Console>" changed cvar (cvar "sv_maxcmdrate") (value "72")
L 07/16/2025 - 20:18:20: [basecommands.smx] "Console<0><Console><Console>" changed cvar (cvar "sv_minupdaterate") (value "72")
L 07/16/2025 - 20:18:20: [basecommands.smx] "Console<0><Console><Console>" changed cvar (cvar "sv_maxupdaterate") (value "72")
L 07/16/2025 - 20:18:20: [basecommands.smx] "Console<0><Console><Console>" changed cvar (cvar "sv_client_min_interp_ratio") (value "-1")
L 07/16/2025 - 20:18:20: [basecommands.smx] "Console<0><Console><Console>" changed cvar (cvar "sv_client_max_interp_ratio") (value "2")
L 07/16/2025 - 20:19:29: -------- Mapchange to c1m2_streets --------
L 07/16/2025 - 20:19:30: [basecommands.smx] "Console<0><Console><Console>" changed cvar (cvar "net_splitpacket_maxrate") (value "30000")
L 07/16/2025 - 20:19:30: [basecommands.smx] "Console<0><Console><Console>" changed cvar (cvar "nb_update_frequency") (value "0.024")
L 07/16/2025 - 20:19:30: [basecommands.smx] "Console<0><Console><Console>" changed cvar (cvar "sv_minrate") (value "72000")
L 07/16/2025 - 20:19:30: [basecommands.smx] "Console<0><Console><Console>" changed cvar (cvar "sv_maxrate") (value "72000")
L 07/16/2025 - 20:19:30: [basecommands.smx] "Console<0><Console><Console>" changed cvar (cvar "sv_mincmdrate") (value "72")
L 07/16/2025 - 20:19:30: [basecommands.smx] "Console<0><Console><Console>" changed cvar (cvar "sv_maxcmdrate") (value "72")
L 07/16/2025 - 20:19:30: [basecommands.smx] "Console<0><Console><Console>" changed cvar (cvar "sv_minupdaterate") (value "72")
L 07/16/2025 - 20:19:30: [basecommands.smx] "Console<0><Console><Console>" changed cvar (cvar "sv_maxupdaterate") (value "72")
L 07/16/2025 - 20:19:30: [basecommands.smx] "Console<0><Console><Console>" changed cvar (cvar "sv_client_min_interp_ratio") (value "-1")
L 07/16/2025 - 20:19:30: [basecommands.smx] "Console<0><Console><Console>" changed cvar (cvar "sv_client_max_interp_ratio") (value "2")
L 07/16/2025 - 20:19:35: -------- Mapchange to c1m1_hotel --------
L 07/16/2025 - 20:19:35: [basecommands.smx] "Console<0><Console><Console>" changed cvar (cvar "net_splitpacket_maxrate") (value "30000")
L 07/16/2025 - 20:19:35: [basecommands.smx] "Console<0><Console><Console>" changed cvar (cvar "nb_update_frequency") (value "0.024")
L 07/16/2025 - 20:19:35: [basecommands.smx] "Console<0><Console><Console>" changed cvar (cvar "sv_minrate") (value "72000")
L 07/16/2025 - 20:19:35: [basecommands.smx] "Console<0><Console><Console>" changed cvar (cvar "sv_maxrate") (value "72000")
L 07/16/2025 - 20:19:35: [basecommands.smx] "Console<0><Console><Console>" changed cvar (cvar "sv_mincmdrate") (value "72")
L 07/16/2025 - 20:19:35: [basecommands.smx] "Console<0><Console><Console>" changed cvar (cvar "sv_maxcmdrate") (value "72")
L 07/16/2025 - 20:19:35: [basecommands.smx] "Console<0><Console><Console>" changed cvar (cvar "sv_minupdaterate") (value "72")
L 07/16/2025 - 20:19:35: [basecommands.smx] "Console<0><Console><Console>" changed cvar (cvar "sv_maxupdaterate") (value "72")
L 07/16/2025 - 20:19:35: [basecommands.smx] "Console<0><Console><Console>" changed cvar (cvar "sv_client_min_interp_ratio") (value "-1")
L 07/16/2025 - 20:19:35: [basecommands.smx] "Console<0><Console><Console>" changed cvar (cvar "sv_client_max_interp_ratio") (value "2")
L 07/16/2025 - 20:20:05: SourceMod log file session started (file "/home/user/servers/games/l4d2/left4dead2/addons/sourcemod/logs/L20250716.log") (Version "1.12.0.7207")
L 07/16/2025 - 20:20:05: [basecommands.smx] "Console<0><Console><Console>" changed cvar (cvar "net_splitpacket_maxrate") (value "30000")
L 07/16/2025 - 20:20:05: [basecommands.smx] "Console<0><Console><Console>" changed cvar (cvar "nb_update_frequency") (value "0.024")
L 07/16/2025 - 20:20:05: [basecommands.smx] "Console<0><Console><Console>" changed cvar (cvar "sv_minrate") (value "72000")
L 07/16/2025 - 20:20:05: [basecommands.smx] "Console<0><Console><Console>" changed cvar (cvar "sv_maxrate") (value "72000")
L 07/16/2025 - 20:20:05: [basecommands.smx] "Console<0><Console><Console>" changed cvar (cvar "sv_mincmdrate") (value "72")
L 07/16/2025 - 20:20:05: [basecommands.smx] "Console<0><Console><Console>" changed cvar (cvar "sv_maxcmdrate") (value "72")
L 07/16/2025 - 20:20:05: [basecommands.smx] "Console<0><Console><Console>" changed cvar (cvar "sv_minupdaterate") (value "72")
L 07/16/2025 - 20:20:05: [basecommands.smx] "Console<0><Console><Console>" changed cvar (cvar "sv_maxupdaterate") (value "72")
L 07/16/2025 - 20:20:05: [basecommands.smx] "Console<0><Console><Console>" changed cvar (cvar "sv_client_min_interp_ratio") (value "-1")
L 07/16/2025 - 20:20:05: [basecommands.smx] "Console<0><Console><Console>" changed cvar (cvar "sv_client_max_interp_ratio") (value "2")
L 07/16/2025 - 20:20:05: [basecommands.smx] "Console<0><Console><Console>" changed cvar (cvar "survivor_friendly_fire_factor_normal") (value "0.2")
L 07/16/2025 - 20:20:05: [basecommands.smx] "Console<0><Console><Console>" changed cvar (cvar "survivor_burn_factor_normal") (value "0.3")
L 07/16/2025 - 20:20:40: -------- Mapchange to c1m2_streets --------
L 07/16/2025 - 20:20:40: [basecommands.smx] "Console<0><Console><Console>" changed cvar (cvar "net_splitpacket_maxrate") (value "30000")
L 07/16/2025 - 20:20:40: [basecommands.smx] "Console<0><Console><Console>" changed cvar (cvar "nb_update_frequency") (value "0.024")
L 07/16/2025 - 20:20:40: [basecommands.smx] "Console<0><Console><Console>" changed cvar (cvar "sv_minrate") (value "72000")
L 07/16/2025 - 20:20:40: [basecommands.smx] "Console<0><Console><Console>" changed cvar (cvar "sv_maxrate") (value "72000")
L 07/16/2025 - 20:20:40: [basecommands.smx] "Console<0><Console><Console>" changed cvar (cvar "sv_mincmdrate") (value "72")
L 07/16/2025 - 20:20:40: [basecommands.smx] "Console<0><Console><Console>" changed cvar (cvar "sv_maxcmdrate") (value "72")
L 07/16/2025 - 20:20:40: [basecommands.smx] "Console<0><Console><Console>" changed cvar (cvar "sv_minupdaterate") (value "72")
L 07/16/2025 - 20:20:40: [basecommands.smx] "Console<0><Console><Console>" changed cvar (cvar "sv_maxupdaterate") (value "72")
L 07/16/2025 - 20:20:40: [basecommands.smx] "Console<0><Console><Console>" changed cvar (cvar "sv_client_min_interp_ratio") (value "-1")
L 07/16/2025 - 20:20:40: [basecommands.smx] "Console<0><Console><Console>" changed cvar (cvar "sv_client_max_interp_ratio") (value "2")
L 07/16/2025 - 20:20:40: [basecommands.smx] "Console<0><Console><Console>" changed cvar (cvar "survivor_friendly_fire_factor_normal") (value "0.2")
L 07/16/2025 - 20:20:40: [basecommands.smx] "Console<0><Console><Console>" changed cvar (cvar "survivor_burn_factor_normal") (value "0.3")
L 07/16/2025 - 20:22:48: -------- Mapchange to c1m1_hotel --------
L 07/16/2025 - 20:22:49: [basecommands.smx] "Console<0><Console><Console>" changed cvar (cvar "net_splitpacket_maxrate") (value "30000")
L 07/16/2025 - 20:22:49: [basecommands.smx] "Console<0><Console><Console>" changed cvar (cvar "nb_update_frequency") (value "0.024")
L 07/16/2025 - 20:22:49: [basecommands.smx] "Console<0><Console><Console>" changed cvar (cvar "sv_minrate") (value "72000")
L 07/16/2025 - 20:22:49: [basecommands.smx] "Console<0><Console><Console>" changed cvar (cvar "sv_maxrate") (value "72000")
L 07/16/2025 - 20:22:49: [basecommands.smx] "Console<0><Console><Console>" changed cvar (cvar "sv_mincmdrate") (value "72")
L 07/16/2025 - 20:22:49: [basecommands.smx] "Console<0><Console><Console>" changed cvar (cvar "sv_maxcmdrate") (value "72")
L 07/16/2025 - 20:22:49: [basecommands.smx] "Console<0><Console><Console>" changed cvar (cvar "sv_minupdaterate") (value "72")
L 07/16/2025 - 20:22:49: [basecommands.smx] "Console<0><Console><Console>" changed cvar (cvar "sv_maxupdaterate") (value "72")
L 07/16/2025 - 20:22:49: [basecommands.smx] "Console<0><Console><Console>" changed cvar (cvar "sv_client_min_interp_ratio") (value "-1")
L 07/16/2025 - 20:22:49: [basecommands.smx] "Console<0><Console><Console>" changed cvar (cvar "sv_client_max_interp_ratio") (value "2")
L 07/16/2025 - 20:22:49: [basecommands.smx] "Console<0><Console><Console>" changed cvar (cvar "survivor_friendly_fire_factor_normal") (value "0.2")
L 07/16/2025 - 20:22:49: [basecommands.smx] "Console<0><Console><Console>" changed cvar (cvar "survivor_burn_factor_normal") (value "0.3")
